 XM7

 Timestamp is 5bf5be34 (Wed Nov 21 14:21:08 2018)

 Preferred load address is 00400000

 Start         Length     Name                   Class
 0001:00000000 000099b0H .text                   CODE
 0001:000099b0 0005f2bbH .text$mn                CODE
 0002:00000000 00000468H .idata$5                DATA
 0002:00000468 00000004H .00cfg                  DATA
 0002:0000046c 00000004H .CRT$XCA                DATA
 0002:00000470 00000004H .CRT$XCAA               DATA
 0002:00000474 00000004H .CRT$XCZ                DATA
 0002:00000478 00000004H .CRT$XIA                DATA
 0002:0000047c 00000004H .CRT$XIAA               DATA
 0002:00000480 00000004H .CRT$XIAC               DATA
 0002:00000484 00000010H .CRT$XIC                DATA
 0002:00000494 00000004H .CRT$XIZ                DATA
 0002:00000498 00000004H .CRT$XPA                DATA
 0002:0000049c 00000008H .CRT$XPX                DATA
 0002:000004a4 00000004H .CRT$XPXA               DATA
 0002:000004a8 00000004H .CRT$XPZ                DATA
 0002:000004ac 00000004H .CRT$XTA                DATA
 0002:000004b0 00000010H .CRT$XTZ                DATA
 0002:000004b4 00000000H .gfids$y                DATA
 0002:000004c0 000145b0H .rdata                  DATA
 0002:00014a70 000001c0H .rdata$r                DATA
 0002:00014c30 000002bcH .rdata$zzzdbg           DATA
 0002:00014eec 00000004H .rtc$IAA                DATA
 0002:00014ef0 00000004H .rtc$IZZ                DATA
 0002:00014ef4 00000004H .rtc$TAA                DATA
 0002:00014ef8 00000008H .rtc$TZZ                DATA
 0002:00014f00 0000052cH .xdata$x                DATA
 0002:0001542c 00000000H .edata                  DATA
 0002:0001542c 000000f0H .idata$2                DATA
 0002:0001551c 00000014H .idata$3                DATA
 0002:00015530 00000468H .idata$4                DATA
 0002:00015998 000012a6H .idata$6                DATA
 0003:00000000 00002c90H .data                   DATA
 0003:00002c90 000000b0H .data$r                 DATA
 0003:00002d40 000da044H .bss                    DATA
 0004:00000000 00000020H _RDATA                  DATA
 0005:00000000 00001990H .rsrc$01                DATA
 0005:00001990 00014278H .rsrc$02                DATA

  Address         Publics by Value              Rva+Base       Lib:Object

 0000:00000000       ___enclave_config          00000000     <absolute>
 0000:00000000       ___guard_fids_count        00000000     <absolute>
 0000:00000000       ___guard_longjmp_count     00000000     <absolute>
 0000:00000000       __except_list              00000000     <absolute>
 0000:00000000       ___guard_longjmp_table     00000000     <absolute>
 0000:00000000       ___hybrid_code_map         00000000     <absolute>
 0000:00000000       ___guard_iat_table         00000000     <absolute>
 0000:00000000       ___guard_iat_count         00000000     <absolute>
 0000:00000000       ___hybrid_auxiliary_iat    00000000     <absolute>
 0000:00000000       ___guard_fids_table        00000000     <absolute>
 0000:00000000       ___safe_se_handler_table   00000000     <absolute>
 0000:00000000       ___dynamic_value_reloc_table 00000000     <absolute>
 0000:00000000       ___hybrid_code_map_count   00000000     <absolute>
 0000:00000000       ___safe_se_handler_count   00000000     <absolute>
 0000:00000100       ___guard_flags             00000100     <absolute>
 0000:00000000       ___ImageBase               00400000     <linker-defined>
 0001:000051f8       _main_line                 004061f8     cpu_x86.obj
 0001:0000520c       _sub_line                  0040620c     cpu_x86.obj
 0001:00005220       _main_exec                 00406220     cpu_x86.obj
 0001:0000523c       _sub_exec                  0040623c     cpu_x86.obj
 0001:00005258       _main_reset                00406258     cpu_x86.obj
 0001:0000526c       _sub_reset                 0040626c     cpu_x86.obj
 0001:00005280       _memcpy400l                00406280     vm_sub.obj
 0001:000052b0       _CopySndBufMMX             004062b0     w32_sub.obj
 0001:000052f4       _CopySndBuf                004062f4     w32_sub.obj
 0001:00005344       _CheckMMX                  00406344     w32_sub.obj
 0001:0000534c       _CheckCMOV                 0040634c     w32_sub.obj
 0001:00005380       _Render640DD2              00406380     ddrend16.obj
 0001:000054e8       _Render640wDD2             004064e8     ddrend16.obj
 0001:00005680       _Render320DD               00406680     ddrend16.obj
 0001:000057cc       _Render320wDD              004067cc     ddrend16.obj
 0001:00005948       _Render256k555DD           00406948     ddrend16.obj
 0001:00005b10       _Render256k565DD           00406b10     ddrend16.obj
 0001:00005ce4       _Render640cDD              00406ce4     ddrend16.obj
 0001:00005f3c       _Render640cwDD             00406f3c     ddrend16.obj
 0001:000061d0       _Render640Tc24DD2          004071d0     ddrend24.obj
 0001:00006388       _Render640wTc24DD2         00407388     ddrend24.obj
 0001:00006570       _Render320Tc24DD           00407570     ddrend24.obj
 0001:000066cc       _Render320wTc24DD          004076cc     ddrend24.obj
 0001:00006850       _Render256kTc24DD          00407850     ddrend24.obj
 0001:00006a20       _Render640cTc24DD          00407a20     ddrend24.obj
 0001:00006d20       _Render640cwTc24DD         00407d20     ddrend24.obj
 0001:00007050       _Render640Tc32DD2          00408050     ddrend32.obj
 0001:000071a8       _Render640wTc32DD2         004081a8     ddrend32.obj
 0001:00007330       _Render320Tc32DD           00408330     ddrend32.obj
 0001:00007480       _Render320wTc32DD          00408480     ddrend32.obj
 0001:00007600       _Render256kTc32DD          00408600     ddrend32.obj
 0001:000077d0       _Render640cTc32DD          004087d0     ddrend32.obj
 0001:00007a08       _Render640cwTc32DD         00408a08     ddrend32.obj
 0001:00007c80       _Render640GDI2             00408c80     gdi_rend.obj
 0001:00007d90       _Render640wGDI2            00408d90     gdi_rend.obj
 0001:00007ecc       _Render320GDI              00408ecc     gdi_rend.obj
 0001:0000800c       _Render320GDI32bpp         0040900c     gdi_rend.obj
 0001:00008150       _Render320wGDI             00409150     gdi_rend.obj
 0001:000082c4       _Render320wGDI32bpp        004092c4     gdi_rend.obj
 0001:0000843c       _Render256kGDI             0040943c     gdi_rend.obj
 0001:000085fc       _Render640cGDI             004095fc     gdi_rend.obj
 0001:00008784       _Render640cwGDI            00409784     gdi_rend.obj
 0001:0000a7c0       @aluline_exec@4            0040b7c0 f   aluline.obj
 0001:0000a880       @aluline_extrb@4           0040b880 f   aluline.obj
 0001:0000a8e0       @aluline_init@0            0040b8e0 f   aluline.obj
 0001:0000aa90       @aluline_load@8            0040ba90 f   aluline.obj
 0001:0000ac70       @aluline_readb@8           0040bc70 f   aluline.obj
 0001:0000ad30       @aluline_reset@0           0040bd30 f   aluline.obj
 0001:0000add0       @aluline_save@4            0040bdd0 f   aluline.obj
 0001:0000af00       @aluline_writeb@8          0040bf00 f   aluline.obj
 0001:0000b230       @apalet_load@8             0040c230 f   apalet.obj
 0001:0000b290       @apalet_readb@8            0040c290 f   apalet.obj
 0001:0000b350       @apalet_reset@0            0040c350 f   apalet.obj
 0001:0000b390       @apalet_save@4             0040c390 f   apalet.obj
 0001:0000b3f0       @apalet_writeb@8           0040c3f0 f   apalet.obj
 0001:0000b4e0       @disline@12                0040c4e0 f   disasm.obj
 0001:0000d580       @display_cleanup@0         0040e580 f   display.obj
 0001:0000d5a0       @display_init@0            0040e5a0 f   display.obj
 0001:0000d5e0       @display_load@8            0040e5e0 f   display.obj
 0001:0000d8e0       @display_readb@8           0040e8e0 f   display.obj
 0001:0000daf0       @display_reset@0           0040eaf0 f   display.obj
 0001:0000dc70       @display_save@4            0040ec70 f   display.obj
 0001:0000deb0       @display_setpointer@4      0040eeb0 f   display.obj
 0001:0000e140       @display_writeb@8          0040f140 f   display.obj
 0001:0000e680       @fix_vram_address@0        0040f680 f   display.obj
 0001:0000e970       @window_clip@4             0040f970 f   display.obj
 0001:0000e9f0       @fdc_cleanup@0             0040f9f0 f   fdc.obj
 0001:0000eb50       @fdc_init@0                0040fb50 f   fdc.obj
 0001:0000ebe0       @fdc_load@8                0040fbe0 f   fdc.obj
 0001:00010320       @fdc_readb@8               00411320 f   fdc.obj
 0001:00010cb0       @fdc_reset@0               00411cb0 f   fdc.obj
 0001:00010d50       @fdc_save@4                00411d50 f   fdc.obj
 0001:00011080       @fdc_setdisk@8             00412080 f   fdc.obj
 0001:00011460       @fdc_setmedia@8            00412460 f   fdc.obj
 0001:000116e0       @fdc_setwritep@8           004126e0 f   fdc.obj
 0001:00011b90       @fdc_writeb@8              00412b90 f   fdc.obj
 0001:00012270       @jcard_cleanup@0           00413270 f   jcard.obj
 0001:000122d0       @jcard_init@0              004132d0 f   jcard.obj
 0001:00012470       @jcard_load@8              00413470 f   jcard.obj
 0001:00012540       @jcard_readb@4             00413540 f   jcard.obj
 0001:00012610       @jcard_reset@0             00413610 f   jcard.obj
 0001:00012640       @jcard_save@4              00413640 f   jcard.obj
 0001:000126c0       @jcard_writeb@8            004136c0 f   jcard.obj
 0001:00012710       @kanji_cleanup@0           00413710 f   kanji.obj
 0001:00012750       @kanji_init@0              00413750 f   kanji.obj
 0001:000128a0       @kanji_load@8              004138a0 f   kanji.obj
 0001:000128c0       @kanji_readb@8             004138c0 f   kanji.obj
 0001:000129c0       @kanji_reset@0             004139c0 f   kanji.obj
 0001:000129d0       @kanji_save@4              004139d0 f   kanji.obj
 0001:000129f0       @kanji_writeb@8            004139f0 f   kanji.obj
 0001:00012b00       @keyboard_break@4          00413b00 f   keyboard.obj
 0001:00012c20       @keyboard_init@0           00413c20 f   keyboard.obj
 0001:00012c30       @keyboard_load@8           00413c30 f   keyboard.obj
 0001:00012fa0       @keyboard_make@4           00413fa0 f   keyboard.obj
 0001:000131d0       @keyboard_paste@4          004141d0 f   keyboard.obj
 0001:00013210       @keyboard_readb@8          00414210 f   keyboard.obj
 0001:00013360       @keyboard_repeat@0         00414360 f   keyboard.obj
 0001:00013380       @keyboard_reset@0          00414380 f   keyboard.obj
 0001:00013490       @keyboard_save@4           00414490 f   keyboard.obj
 0001:000136f0       @keyboard_to_fm16b@4       004146f0 f   keyboard.obj
 0001:00013860       @keyboard_to_fm7@4         00414860 f   keyboard.obj
 0001:000139d0       @keyboard_to_scan@4        004149d0 f   keyboard.obj
 0001:00013c30       @keyboard_writeb@8         00414c30 f   keyboard.obj
 0001:00014210       @maincpu_exec@0            00415210 f   maincpu.obj
 0001:00014260       @maincpu_execline@0        00415260 f   maincpu.obj
 0001:000142b0       @maincpu_firq@0            004152b0 f   maincpu.obj
 0001:000142e0       @maincpu_init@0            004152e0 f   maincpu.obj
 0001:00014300       @maincpu_irq@0             00415300 f   maincpu.obj
 0001:00014390       @maincpu_load@8            00415390 f   maincpu.obj
 0001:00014460       @maincpu_reset@0           00415460 f   maincpu.obj
 0001:00014470       @maincpu_save@4            00415470 f   maincpu.obj
 0001:00014550       @mainetc_beep@0            00415550 f   mainetc.obj
 0001:000145b0       @mainetc_fdc@0             004155b0 f   mainetc.obj
 0001:000145d0       @mainetc_load@8            004155d0 f   mainetc.obj
 0001:000147d0       @mainetc_lp@0              004157d0 f   mainetc.obj
 0001:000147f0       @mainetc_readb@8           004157f0 f   mainetc.obj
 0001:00014930       @mainetc_reset@0           00415930 f   mainetc.obj
 0001:00014a30       @mainetc_save@4            00415a30 f   mainetc.obj
 0001:00014bf0       @mainetc_writeb@8          00415bf0 f   mainetc.obj
 0001:00014ce0       @mainmem_cleanup@0         00415ce0 f   mainmem.obj
 0001:00014d90       @mainmem_init@0            00415d90 f   mainmem.obj
 0001:000151f0       @mainmem_load@8            004161f0 f   mainmem.obj
 0001:00015300       @mainmem_readb@4           00416300 f   mainmem.obj
 0001:000155c0       @mainmem_readbnio@4        004165c0 f   mainmem.obj
 0001:00015700       @mainmem_readbnio_p@4      00416700 f   mainmem.obj
 0001:00015930       @mainmem_reset@0           00416930 f   mainmem.obj
 0001:00015a90       @mainmem_save@4            00416a90 f   mainmem.obj
 0001:00015b80       @mainmem_transfer_boot@0   00416b80 f   mainmem.obj
 0001:00015bd0       @mainmem_writeb@8          00416bd0 f   mainmem.obj
 0001:00015e50       @mainmem_writeb_p@8        00416e50 f   mainmem.obj
 0001:00015f30       @mos_init@0                00416f30 f   mouse.obj
 0001:00015f50       @mos_load@8                00416f50 f   mouse.obj
 0001:00016060       @mos_readdata@4            00417060 f   mouse.obj
 0001:00016110       @mos_reset@0               00417110 f   mouse.obj
 0001:00016150       @mos_save@4                00417150 f   mouse.obj
 0001:000161d0       @mos_strobe_signal@4       004171d0 f   mouse.obj
 0001:00016250       @mouse_readb@8             00417250 f   mouse.obj
 0001:00016330       @mouse_writeb@8            00417330 f   mouse.obj
 0001:00016380       @mmr_extbnio@8             00417380 f   mmr.obj
 0001:000164b0       @mmr_extrb@8               004174b0 f   mmr.obj
 0001:000165e0       @mmr_extwb@8               004175e0 f   mmr.obj
 0001:000166e0       @mmr_init@0                004176e0 f   mmr.obj
 0001:00016720       @mmr_load@8                00417720 f   mmr.obj
 0001:00016890       @mmr_readb@8               00417890 f   mmr.obj
 0001:00016ab0       @mmr_reset@0               00417ab0 f   mmr.obj
 0001:00016b20       @mmr_save@4                00417b20 f   mmr.obj
 0001:00016c30       @mmr_trans_mmr@4           00417c30 f   mmr.obj
 0001:00016c90       @mmr_trans_phys_to_logi@4  00417c90 f   mmr.obj
 0001:00016cf0       @mmr_trans_twr@8           00417cf0 f   mmr.obj
 0001:00016d30       @mmr_writeb@8              00417d30 f   mmr.obj
 0001:000170f0       @mmr_cleanup@0             004180f0 f   mmr.obj
 0001:000170f0       @aluline_cleanup@0         004180f0 f   aluline.obj
 0001:000170f0       @maincpu_cleanup@0         004180f0 f   maincpu.obj
 0001:000170f0       @rtc_cleanup@0             004180f0 f   rtc.obj
 0001:000170f0       @midi_cleanup@0            004180f0 f   midi.obj
 0001:000170f0       @mos_cleanup@0             004180f0 f   mouse.obj
 0001:000170f0       @subctrl_cleanup@0         004180f0 f   subctrl.obj
 0001:000170f0       @multipag_cleanup@0        004180f0 f   multipag.obj
 0001:000170f0       __initialize_denormal_control 004180f0 f   LIBCMT:denormal_control.obj
 0001:000170f0       @digitize_notify@0         004180f0 f   w32_draw.obj
 0001:000170f0       @keyboard_cleanup@0        004180f0 f   keyboard.obj
 0001:000170f0       @mainetc_cleanup@0         004180f0 f   mainetc.obj
 0001:000170f0       @ttlpalet_cleanup@0        004180f0 f   ttlpalet.obj
 0001:000170f0       @apalet_cleanup@0          004180f0 f   apalet.obj
 0001:000170f0       @subcpu_cleanup@0          004180f0 f   subcpu.obj
 0001:000170f0       @dmac_cleanup@0            004180f0 f   dmac.obj
 0001:000170f0       ??1PSG@@QAE@XZ             004180f0 f   psg.obj
 0001:000170f0       __initialize_invalid_parameter_handler 004180f0 f   LIBCMT:invalid_parameter_handler.obj
 0001:000170f0       @_guard_check_icall_nop@4  004180f0 f   LIBCMT:guard_support.obj
 0001:000170f0       @ptm_cleanup@0             004180f0 f   ptm.obj
 0001:000170f0       @schedule_cleanup@0        004180f0 f   schedule.obj
 0001:00017100       @apalet_init@0             00418100 f   apalet.obj
 0001:00017100       @dmac_init@0               00418100 f   dmac.obj
 0001:00017100       @ttlpalet_init@0           00418100 f   ttlpalet.obj
 0001:00017100       @mainetc_init@0            00418100 f   mainetc.obj
 0001:00017100       @multipag_init@0           00418100 f   multipag.obj
 0001:00017100       @ptm_init@0                00418100 f   ptm.obj
 0001:00017110       @multipag_load@8           00418110 f   multipag.obj
 0001:00017130       @multipag_readb@8          00418130 f   multipag.obj
 0001:00017150       @multipag_reset@0          00418150 f   multipag.obj
 0001:00017160       @multipag_save@4           00418160 f   multipag.obj
 0001:00017170       @multipag_writeb@8         00418170 f   multipag.obj
 0001:000171c0       @opn_cleanup@0             004181c0 f   opn.obj
 0001:00017220       @opn_init@0                00418220 f   opn.obj
 0001:00017260       @opn_load@8                00418260 f   opn.obj
 0001:00017560       @opn_readb@8               00418560 f   opn.obj
 0001:00017610       @opn_reset@0               00418610 f   opn.obj
 0001:00017950       @opn_save@4                00418950 f   opn.obj
 0001:00017da0       @opn_writeb@8              00418da0 f   opn.obj
 0001:00018170       @thg_cleanup@0             00419170 f   opn.obj
 0001:000181d0       @thg_init@0                004191d0 f   opn.obj
 0001:000181f0       @thg_load@8                004191f0 f   opn.obj
 0001:000182e0       @thg_readb@8               004192e0 f   opn.obj
 0001:000183e0       @thg_reset@0               004193e0 f   opn.obj
 0001:00018570       @thg_save@4                00419570 f   opn.obj
 0001:00018650       @thg_writeb@8              00419650 f   opn.obj
 0001:000187f0       @whg_cleanup@0             004197f0 f   opn.obj
 0001:00018850       @whg_init@0                00419850 f   opn.obj
 0001:00018870       @whg_load@8                00419870 f   opn.obj
 0001:00018960       @whg_readb@8               00419960 f   opn.obj
 0001:00018a60       @whg_reset@0               00419a60 f   opn.obj
 0001:00018bf0       @whg_save@4                00419bf0 f   opn.obj
 0001:00018cd0       @whg_writeb@8              00419cd0 f   opn.obj
 0001:00019050       @ptm_load@8                0041a050 f   ptm.obj
 0001:00019220       @ptm_readb@8               0041a220 f   ptm.obj
 0001:00019330       @ptm_reset@0               0041a330 f   ptm.obj
 0001:00019410       @ptm_save@4                0041a410 f   ptm.obj
 0001:00019530       @ptm_writeb@8              0041a530 f   ptm.obj
 0001:00019660       @rs232c_calc_timing@0      0041a660 f   rs232c.obj
 0001:00019720       @rs232c_load@8             0041a720 f   rs232c.obj
 0001:00019850       @rs232c_readb@8            0041a850 f   rs232c.obj
 0001:00019930       @rs232c_reset@0            0041a930 f   rs232c.obj
 0001:000199c0       @rs232c_rxrdy@4            0041a9c0 f   rs232c.obj
 0001:00019a00       @rs232c_rxrdy_event@0      0041aa00 f   rs232c.obj
 0001:00019a30       @rs232c_rxrdy_request@0    0041aa30 f   rs232c.obj
 0001:00019a50       @rs232c_save@4             0041aa50 f   rs232c.obj
 0001:00019b10       @rs232c_syndet@4           0041ab10 f   rs232c.obj
 0001:00019b50       @rs232c_txempty_event@0    0041ab50 f   rs232c.obj
 0001:00019b90       @rs232c_txempty_request@0  0041ab90 f   rs232c.obj
 0001:00019be0       @rs232c_txrdy@4            0041abe0 f   rs232c.obj
 0001:00019c30       @rs232c_writeb@8           0041ac30 f   rs232c.obj
 0001:00019f50       @rtc_get@4                 0041af50 f   rtc.obj
 0001:0001a050       @rtc_init@0                0041b050 f   rtc.obj
 0001:0001a080       @rtc_load@8                0041b080 f   rtc.obj
 0001:0001a0f0       @rtc_reset@0               0041b0f0 f   rtc.obj
 0001:0001a130       @rtc_save@4                0041b130 f   rtc.obj
 0001:0001a170       @rtc_set@4                 0041b170 f   rtc.obj
 0001:0001a270       @rtc_time_adjust@0         0041b270 f   rtc.obj
 0001:0001a3b0       @schedule_delevent@4       0041b3b0 f   schedule.obj
 0001:0001a3d0       @schedule_exec@4           0041b3d0 f   schedule.obj
 0001:0001aa50       @schedule_fullspeed@0      0041ba50 f   schedule.obj
 0001:0001ab30       @schedule_get_cycle@0      0041bb30 f   schedule.obj
 0001:0001abb0       @schedule_handle@8         0041bbb0 f   schedule.obj
 0001:0001abc0       @schedule_init@0           0041bbc0 f   schedule.obj
 0001:0001ac70       @schedule_load@12          0041bc70 f   schedule.obj
 0001:0001af10       @schedule_main_fullspeed@0 0041bf10 f   schedule.obj
 0001:0001af70       @schedule_reset@0          0041bf70 f   schedule.obj
 0001:0001afe0       @schedule_save@4           0041bfe0 f   schedule.obj
 0001:0001b150       @schedule_setbreak2@12     0041c150 f   schedule.obj
 0001:0001b190       @schedule_setbreak@8       0041c190 f   schedule.obj
 0001:0001b2c0       @schedule_setevent@12      0041c2c0 f   schedule.obj
 0001:0001b340       @schedule_trace@0          0041c340 f   schedule.obj
 0001:0001b400       @subcpu_exec@0             0041c400 f   subcpu.obj
 0001:0001b410       @subcpu_execline@0         0041c410 f   subcpu.obj
 0001:0001b420       @subcpu_firq@0             0041c420 f   subcpu.obj
 0001:0001b450       @subcpu_init@0             0041c450 f   subcpu.obj
 0001:0001b470       @subcpu_irq@0              0041c470 f   subcpu.obj
 0001:0001b490       @subcpu_load@8             0041c490 f   subcpu.obj
 0001:0001b560       @subcpu_nmi@0              0041c560 f   subcpu.obj
 0001:0001b580       @subcpu_reset@0            0041c580 f   subcpu.obj
 0001:0001b590       @subcpu_save@4             0041c590 f   subcpu.obj
 0001:0001b670       @subctrl_halt_ack@0        0041c670 f   subctrl.obj
 0001:0001b6a0       @subctrl_init@0            0041c6a0 f   subctrl.obj
 0001:0001b6c0       @subctrl_load@8            0041c6c0 f   subctrl.obj
 0001:0001b8e0       @subctrl_readb@8           0041c8e0 f   subctrl.obj
 0001:0001ba20       @subctrl_reset@0           0041ca20 f   subctrl.obj
 0001:0001bad0       @subctrl_save@4            0041cad0 f   subctrl.obj
 0001:0001bc00       @subctrl_writeb@8          0041cc00 f   subctrl.obj
 0001:0001bde0       @submem_cleanup@0          0041cde0 f   submem.obj
 0001:0001bea0       @submem_init@0             0041cea0 f   submem.obj
 0001:0001c080       @submem_load@8             0041d080 f   submem.obj
 0001:0001c2f0       @submem_readb@4            0041d2f0 f   submem.obj
 0001:0001c580       @submem_readbnio@4         0041d580 f   submem.obj
 0001:0001c790       @submem_reset@0            0041d790 f   submem.obj
 0001:0001c7e0       @submem_save@4             0041d7e0 f   submem.obj
 0001:0001ca60       @submem_writeb@8           0041da60 f   submem.obj
 0001:0001cc80       @file_bool_read@8          0041dc80 f   system.obj
 0001:0001ccc0       @file_bool_write@8         0041dcc0 f   system.obj
 0001:0001cce0       @file_byte_read@8          0041dce0 f   system.obj
 0001:0001ccf0       @file_byte_write@8         0041dcf0 f   system.obj
 0001:0001cd00       @file_dword_read@8         0041dd00 f   system.obj
 0001:0001cd90       @file_dword_write@8        0041dd90 f   system.obj
 0001:0001ce10       @file_word_read@8          0041de10 f   system.obj
 0001:0001ce60       @file_word_write@8         0041de60 f   system.obj
 0001:0001cea0       @system_cleanup@0          0041dea0 f   system.obj
 0001:0001cf30       @system_hotreset@0         0041df30 f   system.obj
 0001:0001cf70       @system_init@0             0041df70 f   system.obj
 0001:0001d0d0       @system_load@4             0041e0d0 f   system.obj
 0001:0001d4a0       @system_reset@0            0041e4a0 f   system.obj
 0001:0001d550       @system_save@4             0041e550 f   system.obj
 0001:0001d7b0       @system_tabreset@0         0041e7b0 f   system.obj
 0001:0001d7d0       @lp_print@0                0041e7d0 f   tapelp.obj
 0001:0001d7f0       @lp_setfile@4              0041e7f0 f   tapelp.obj
 0001:0001d8c0       @tape_ff@0                 0041e8c0 f   tapelp.obj
 0001:0001dd90       @tape_rew@0                0041ed90 f   tapelp.obj
 0001:0001de40       @tape_rewtop@0             0041ee40 f   tapelp.obj
 0001:0001de90       @tape_setfile@4            0041ee90 f   tapelp.obj
 0001:0001e080       @tape_setrec@4             0041f080 f   tapelp.obj
 0001:0001e0f0       @tapelp_cleanup@0          0041f0f0 f   tapelp.obj
 0001:0001e1b0       @tapelp_init@0             0041f1b0 f   tapelp.obj
 0001:0001e250       @tapelp_load@8             0041f250 f   tapelp.obj
 0001:0001e530       @tapelp_readb@8            0041f530 f   tapelp.obj
 0001:0001e600       @tapelp_reset@0            0041f600 f   tapelp.obj
 0001:0001e6b0       @tapelp_save@4             0041f6b0 f   tapelp.obj
 0001:0001e8a0       @tapelp_writeb@8           0041f8a0 f   tapelp.obj
 0001:000205c0       @capture_to_bmp2@12        004215c0 f   tools.obj
 0001:00020720       @capture_to_bmp@16         00421720 f   tools.obj
 0001:00020960       @conv_2d_to_d77@12         00421960 f   tools.obj
 0001:00020bc0       @conv_vfd_to_d77@12        00421bc0 f   tools.obj
 0001:00021070       @conv_vtp_to_t77@8         00422070 f   tools.obj
 0001:00021260       @make_new_d77@12           00422260 f   tools.obj
 0001:000214b0       @make_new_t77@4            004224b0 f   tools.obj
 0001:000214f0       @make_new_userdisk@12      004224f0 f   tools.obj
 0001:000217f0       @mix_color@12              004227f0 f   tools.obj
 0001:00021990       @ttlpalet_load@8           00422990 f   ttlpalet.obj
 0001:000219b0       @ttlpalet_readb@8          004229b0 f   ttlpalet.obj
 0001:000219f0       @ttlpalet_reset@0          004229f0 f   ttlpalet.obj
 0001:00021a10       @ttlpalet_save@4           00422a10 f   ttlpalet.obj
 0001:00021a20       @ttlpalet_writeb@8         00422a20 f   ttlpalet.obj
 0001:00021a60       @dmac_exec@0               00422a60 f   dmac.obj
 0001:00021bb0       @dmac_load@8               00422bb0 f   dmac.obj
 0001:00021d20       @dmac_readb@8              00422d20 f   dmac.obj
 0001:00021e80       @dmac_reset@0              00422e80 f   dmac.obj
 0001:00021ef0       @dmac_save@4               00422ef0 f   dmac.obj
 0001:00021fa0       @dmac_start@0              00422fa0 f   dmac.obj
 0001:00022020       @dmac_writeb@8             00423020 f   dmac.obj
 0001:000221b0       @midi_init@0               004231b0 f   midi.obj
 0001:000221c0       @midi_load@8               004231c0 f   midi.obj
 0001:00022230       @midi_readb@8              00423230 f   midi.obj
 0001:00022270       @midi_reset@0              00423270 f   midi.obj
 0001:00022290       @midi_save@4               00423290 f   midi.obj
 0001:000222d0       @midi_writeb@8             004232d0 f   midi.obj
 0001:00022360       @ChangeStatusBorder@4      00423360 f   w32_bar.obj
 0001:000223d0       @CleanThemeDLL@0           004233d0 f   w32_bar.obj
 0001:00022400       @CreateStatus@4            00423400 f   w32_bar.obj
 0001:00022b70       @DrawStatus@0              00423b70 f   w32_bar.obj
 0001:00022d20       @EndStatusMessage@0        00423d20 f   w32_bar.obj
 0001:00022dd0       @InitThemeDLL@0            00423dd0 f   w32_bar.obj
 0001:00022e20       @OnExitMenuLoop@0          00423e20 f   w32_bar.obj
 0001:00022e70       @OnMenuSelect@4            00423e70 f   w32_bar.obj
 0001:00022f20       @OwnerDrawStatus@4         00423f20 f   w32_bar.obj
 0001:00023230       @PaintStatus@0             00424230 f   w32_bar.obj
 0001:00023290       @ResizeStatus@8            00424290 f   w32_bar.obj
 0001:00023340       @SetStatusMessage@4        00424340 f   w32_bar.obj
 0001:000233e0       @SizeStatus@4              004243e0 f   w32_bar.obj
 0001:000234f0       ___local_stdio_printf_options 004244f0 f i w32_bar.obj
 0001:00023500       __snprintf                 00424500 f i w32_bar.obj
 0001:00023540       @ApplyCfg@0                00424540 f   w32_cfg.obj
 0001:00024010       @GetCfg@0                  00425010 f   w32_cfg.obj
 0001:00024d90       @LoadCfg@0                 00425d90 f   w32_cfg.obj
 0001:00025cc0       @LoadCfg_DoubleSize@0      00426cc0 f   w32_cfg.obj
 0001:00025cf0       @OnConfig@4                00426cf0 f   w32_cfg.obj
 0001:00026710       @SaveCfg@0                 00427710 f   w32_cfg.obj
 0001:00027c60       @SetMachineVersion@0       00428c60 f   w32_cfg.obj
 0001:00029f40       @CheckMenuSub@12           0042af40 f   w32_cmd.obj
 0001:00029f70       @EnableMenuSub@12          0042af70 f   w32_cmd.obj
 0001:00029fa0       @FileSelectSub@20          0042afa0 f   w32_cmd.obj
 0001:0002a1f0       @OnCmdLine@4               0042b1f0 f   w32_cmd.obj
 0001:0002a580       @OnCommand@8               0042b580 f   w32_cmd.obj
 0001:0002b760       @OnDropFiles@4             0042c760 f   w32_cmd.obj
 0001:0002b960       @OnDropSub@4               0042c960 f   w32_cmd.obj
 0001:0002bc00       @OnMenuPopup@12            0042cc00 f   w32_cmd.obj
 0001:0002be80       @OnRefresh@4               0042ce80 f   w32_cmd.obj
 0001:0002da20       @CleanCommPort@0           0042ea20 f   w32_comm.obj
 0001:0002dac0       @InitCommPort@0            0042eac0 f   w32_comm.obj
 0001:0002dd80       @rs232c_readstatus@0       0042ed80 f   w32_comm.obj
 0001:0002dd90       @rs232c_receivedata@0      0042ed90 f   w32_comm.obj
 0001:0002de30       @rs232c_reset_notify@0     0042ee30 f   w32_comm.obj
 0001:0002def0       @rs232c_senddata@4         0042eef0 f   w32_comm.obj
 0001:0002dfe0       @rs232c_setbaudrate@4      0042efe0 f   w32_comm.obj
 0001:0002e080       @rs232c_writecommand@4     0042f080 f   w32_comm.obj
 0001:0002e120       @rs232c_writemodecmd@4     0042f120 f   w32_comm.obj
 0001:0002e520       @CleanDraw@0               0042f520 f   w32_draw.obj
 0001:0002e540       @EnterMenu@4               0042f540 f   w32_draw.obj
 0001:0002e560       @ExitMenu@0                0042f560 f   w32_draw.obj
 0001:0002e580       @InitDraw@0                0042f580 f   w32_draw.obj
 0001:0002e600       @ModeDraw@8                0042f600 f   w32_draw.obj
 0001:0002e730       @OnDraw@8                  0042f730 f   w32_draw.obj
 0001:0002e770       @OnPaint@4                 0042f770 f   w32_draw.obj
 0001:0002e810       @SelectDraw@4              0042f810 f   w32_draw.obj
 0001:0002e820       @SetDirtyFlag@12           0042f820 f   w32_draw.obj
 0001:0002e850       @apalet_notify@0           0042f850 f   w32_draw.obj
 0001:0002e8a0       @display_notify@0          0042f8a0 f   w32_draw.obj
 0001:0002e950       @hblank_notify@0           0042f950 f   w32_draw.obj
 0001:0002e990       @refpalet_notify@0         0042f990 f   w32_draw.obj
 0001:0002e9a0       @ttlpalet_notify@0         0042f9a0 f   w32_draw.obj
 0001:0002e9f0       @vblankperiod_notify@0     0042f9f0 f   w32_draw.obj
 0001:0002eaa0       @vram_notify@8             0042faa0 f   w32_draw.obj
 0001:0002eb70       @window_notify@0           0042fb70 f   w32_draw.obj
 0001:0002eb90       @file_close@4              0042fb90 f   w32_file.obj
 0001:0002eba0       @file_getsize@4            0042fba0 f   w32_file.obj
 0001:0002ebe0       @file_load@12              0042fbe0 f   w32_file.obj
 0001:0002ece0       @file_open@8               0042fce0 f   w32_file.obj
 0001:0002ed40       @file_read@12              0042fd40 f   w32_file.obj
 0001:0002ed60       @file_save@12              0042fd60 f   w32_file.obj
 0001:0002ee60       @file_seek@8               0042fe60 f   w32_file.obj
 0001:0002ee80       @file_write@12             0042fe80 f   w32_file.obj
 0001:0002ef10       @AnalogGDI@0               0042ff10 f   w32_gdi.obj
 0001:0002ef60       @CleanGDI@0                0042ff60 f   w32_gdi.obj
 0001:0002ef90       @DigitalGDI@0              0042ff90 f   w32_gdi.obj
 0001:0002f910       @DrawGDI@8                 00430910 f   w32_gdi.obj
 0001:0002f970       @DrawPostRenderGDI@8       00430970 f   w32_gdi.obj
 0001:0002fb90       @DrawRasterGDI@4           00430b90 f   w32_gdi.obj
 0001:0002fd60       @EnterMenuGDI@4            00430d60 f   w32_gdi.obj
 0001:0002fd90       @ExitMenuGDI@0             00430d90 f   w32_gdi.obj
 0001:0002fdc0       @InitGDI@0                 00430dc0 f   w32_gdi.obj
 0001:00030090       @ReDrawGDI@0               00431090 f   w32_gdi.obj
 0001:00030410       @SelectGDI@4               00431410 f   w32_gdi.obj
 0001:00030590       @VramGDI@4                 00431590 f   w32_gdi.obj
 0001:000306d0       @WindowGDI@0               004316d0 f   w32_gdi.obj
 0001:000309a0       _SelectCancelGDI           004319a0 f   w32_gdi.obj
 0001:000309e0       @EnableIME@8               004319e0 f   w32_main.obj
 0001:00030c90       @LockVM@0                  00431c90 f   w32_main.obj
 0001:00030f70       @OnSize@12                 00431f70 f   w32_main.obj
 0001:000310d0       @UnlockVM@0                004320d0 f   w32_main.obj
 0001:000311b0       _WinMain@16                004321b0 f   w32_main.obj
 0001:00032080       @CleanMIDI@0               00433080 f   w32_midi.obj
 0001:000320c0       @MidiSendData@4            004330c0 f   w32_midi.obj
 0001:00032260       @midi_notify@4             00433260 f   w32_midi.obj
 0001:000325a0       @midi_reset_notify@0       004335a0 f   w32_midi.obj
 0001:00032710       @CleanSch@0                00433710 f   w32_sch.obj
 0001:00032880       @DrawSubWindow@0           00433880 f   w32_sch.obj
 0001:00032920       @InitSch@0                 00433920 f   w32_sch.obj
 0001:000329c0       @ResetSch@0                004339c0 f   w32_sch.obj
 0001:000329e0       @SelectSch@0               004339e0 f   w32_sch.obj
 0001:00032a70       @vsync_notify@0            00433a70 f   w32_sch.obj
 0001:00032ff0       @AddrDisAsm@8              00433ff0 f   w32_sub1.obj
 0001:00033100       @AddrMemory@8              00434100 f   w32_sub1.obj
 0001:00034100       @CreateBreakPoint@8        00435100 f   w32_sub1.obj
 0001:00034380       @CreateCPURegister@12      00435380 f   w32_sub1.obj
 0001:00034650       @CreateDisAsm@12           00435650 f   w32_sub1.obj
 0001:000349e0       @CreateMemory@12           004359e0 f   w32_sub1.obj
 0001:00034e10       @CreateScheduler@8         00435e10 f   w32_sub1.obj
 0001:00035080       @DestroySubWindow@12       00436080 f   w32_sub1.obj
 0001:00035910       @DrawWindowText2@16        00436910 f   w32_sub1.obj
 0001:00035a50       @DrawWindowText@16         00436a50 f   w32_sub1.obj
 0001:00035b00       @InitSubWndWork@0          00436b00 f   w32_sub1.obj
 0001:00036a20       @PositioningSubWindow@12   00437a20 f   w32_sub1.obj
 0001:00036aa0       @RefreshBreakPoint@0       00437aa0 f   w32_sub1.obj
 0001:00036ad0       @RefreshCPURegister@0      00437ad0 f   w32_sub1.obj
 0001:00036b30       @RefreshDisAsm@0           00437b30 f   w32_sub1.obj
 0001:00036b80       @RefreshMemory@0           00437b80 f   w32_sub1.obj
 0001:00036cf0       @RefreshScheduler@0        00437cf0 f   w32_sub1.obj
 0001:00039fa0       @CreateALULine@8           0043afa0 f   w32_sub2.obj
 0001:0003a1b0       @CreateFDC@8               0043b1b0 f   w32_sub2.obj
 0001:0003a3b0       @CreateOPNDisp@8           0043b3b0 f   w32_sub2.obj
 0001:0003a5c0       @CreateOPNReg@8            0043b5c0 f   w32_sub2.obj
 0001:0003a810       @CreateSubCtrl@8           0043b810 f   w32_sub2.obj
 0001:0003aec0       @InitOPNDisp@4             0043bec0 f   w32_sub2.obj
 0001:0003bf40       @ReSizeOPNDisp@0           0043cf40 f   w32_sub2.obj
 0001:0003c100       @ReSizeOPNReg@0            0043d100 f   w32_sub2.obj
 0001:0003c2a0       @RefreshALULine@0          0043d2a0 f   w32_sub2.obj
 0001:0003c2d0       @RefreshFDC@0              0043d2d0 f   w32_sub2.obj
 0001:0003c300       @RefreshOPNDisp@0          0043d300 f   w32_sub2.obj
 0001:0003c330       @RefreshOPNReg@0           0043d330 f   w32_sub2.obj
 0001:0003c360       @RefreshSubCtrl@0          0043d360 f   w32_sub2.obj
 0001:000400d0       @CreateDMAC@8              004410d0 f   w32_sub3.obj
 0001:000402e0       @CreateKeyboard@8          004412e0 f   w32_sub3.obj
 0001:000404f0       @CreateMMR@8               004414f0 f   w32_sub3.obj
 0001:000406f0       @CreatePaletteReg@8        004416f0 f   w32_sub3.obj
 0001:00040b70       @RefreshDMAC@0             00441b70 f   w32_sub3.obj
 0001:00040ba0       @RefreshKeyboard@0         00441ba0 f   w32_sub3.obj
 0001:00040bd0       @RefreshMMR@0              00441bd0 f   w32_sub3.obj
 0001:00040c00       @RefreshPaletteReg@0       00441c00 f   w32_sub3.obj
 0001:00042c20       @OnAbout@4                 00443c20 f   w32_ver.obj
 0001:00042f80       ??0Channel4@FM@@QAE@XZ     00443f80 f   fmgen.obj
 0001:00043110       ??0Chip@FM@@QAE@XZ         00444110 f   fmgen.obj
 0001:00043140       ?Calc@Channel4@FM@@QAIHXZ  00444140 f   fmgen.obj
 0001:00043340       ?Calc@Operator@FM@@QAEHH@Z 00444340 f i fmgen.obj
 0001:000433b0       ?CalcFB@Operator@FM@@QAEHI@Z 004443b0 f i fmgen.obj
 0001:00043440       ?EGCalc@Operator@FM@@AAIXXZ 00444440 f   fmgen.obj
 0001:00043590       ?EGUpdate@Operator@FM@@AAEXXZ 00444590 f i fmgen.obj
 0001:00043600       ?KeyControl@Channel4@FM@@QAIXI@Z 00444600 f   fmgen.obj
 0001:000436c0       ?KeyOn@Operator@FM@@QAEXXZ 004446c0 f i fmgen.obj
 0001:000437f0       ?MakeTable@Operator@FM@@CAXXZ 004447f0 f   fmgen.obj
 0001:00043b70       ?Prepare@Channel4@FM@@QAIHXZ 00444b70 f   fmgen.obj
 0001:00043c20       ?Prepare@Operator@FM@@QAIXXZ 00444c20 f   fmgen.obj
 0001:00043d60       ?Reset@Channel4@FM@@QAIXXZ 00444d60 f   fmgen.obj
 0001:00043d90       ?Reset@Operator@FM@@QAIXXZ 00444d90 f   fmgen.obj
 0001:00043e00       ?SetAlgorithm@Channel4@FM@@QAIXI@Z 00444e00 f   fmgen.obj
 0001:00043e80       ?SetFNum@Channel4@FM@@QAIXI@Z 00444e80 f   fmgen.obj
 0001:00043f10       ?SetFNum@Operator@FM@@QAIXI@Z 00444f10 f   fmgen.obj
 0001:00043f40       ?SetRatio@Chip@FM@@QAEXI@Z 00444f40 f   fmgen.obj
 0001:00044010       ?ShiftPhase@Operator@FM@@AAIXW4EGPhase@12@@Z 00445010 f   fmgen.obj
 0001:00044290       ??0OPN@FM@@QAE@XZ          00445290 f   opna.obj
 0001:00044380       ??_GOPN@FM@@UAEPAXI@Z      00445380 f i opna.obj
 0001:00044380       ??_EOPN@FM@@UAEPAXI@Z      00445380 f i opna.obj
 0001:000443b0       ?Init@OPN@FM@@QAE_NII_NPBD@Z 004453b0 f   opna.obj
 0001:000444e0       ?Intr@OPN@FM@@EAEX_N@Z     004454e0 f i opna.obj
 0001:000444f0       ?Mix2@OPN@FM@@QAEXPAHHHH@Z 004454f0 f   opna.obj
 0001:00044940       ?Mix@OPN@FM@@QAEXPAHH@Z    00445940 f   opna.obj
 0001:00044d60       ?Reset@OPN@FM@@UAEXXZ      00445d60 f   opna.obj
 0001:00044de0       ?Reset@OPNBase@FM@@UAEXXZ  00445de0 f   opna.obj
 0001:00044e00       ?SetChannelMask@OPN@FM@@QAEXI@Z 00445e00 f   opna.obj
 0001:00044ef0       ?SetPrescaler@OPNBase@FM@@IAEXI@Z 00445ef0 f   opna.obj
 0001:00045090       ?SetReg@OPN@FM@@QAEXII@Z   00446090 f   opna.obj
 0001:00045450       ?SetVolumeFM@OPNBase@FM@@QAEXH@Z 00446450 f   opna.obj
 0001:000454b0       ??0PSG@@QAE@XZ             004464b0 f   psg.obj
 0001:000456b0       ?Mix2@PSG@@QAEXPAHHHH@Z    004466b0 f   psg.obj
 0001:00046400       ?Mix@PSG@@QAEXPAHH@Z       00447400 f   psg.obj
 0001:000470f0       ?Reset@PSG@@QAEXXZ         004480f0 f   psg.obj
 0001:000472b0       ?SetChannelMask@PSG@@QAEXH@Z 004482b0 f   psg.obj
 0001:00047340       ?SetClock@PSG@@QAEXHH@Z    00448340 f   psg.obj
 0001:00047480       ?SetReg@PSG@@QAEXIE@Z      00448480 f   psg.obj
 0001:00047670       ?SetSSGEnvMode@PSG@@QAEX_N@Z 00448670 f   psg.obj
 0001:00047680       ?SetVolume@PSG@@QAEXH@Z    00448680 f   psg.obj
 0001:0004a0c0       @AnalogDD@0                0044b0c0 f   w32_dd.obj
 0001:0004a0c0       @DigitalDD@0               0044b0c0 f   w32_dd.obj
 0001:0004a110       @CleanDD@0                 0044b110 f   w32_dd.obj
 0001:0004a2f0       @DrawDD@0                  0044b2f0 f   w32_dd.obj
 0001:0004a340       @DrawPostRenderDD@0        0044b340 f   w32_dd.obj
 0001:0004a610       @DrawRasterDD@4            0044b610 f   w32_dd.obj
 0001:0004a900       @EnterMenuDD@4             0044b900 f   w32_dd.obj
 0001:0004a980       @ExitMenuDD@0              0044b980 f   w32_dd.obj
 0001:0004a9f0       @InitDD@0                  0044b9f0 f   w32_dd.obj
 0001:0004abb0       @ReDrawDD@0                0044bbb0 f   w32_dd.obj
 0001:0004ac10       @SelectDD@0                0044bc10 f   w32_dd.obj
 0001:0004b3d0       @VramDD@4                  0044c3d0 f   w32_dd.obj
 0001:0004b510       @WindowDD@0                0044c510 f   w32_dd.obj
 0001:0004bd30       @CleanKbd@0                0044cd30 f   w32_kbd.obj
 0001:0004bdd0       @GetDefMapKbd@8            0044cdd0 f   w32_kbd.obj
 0001:0004bf20       @GetKbd@4                  0044cf20 f   w32_kbd.obj
 0001:0004c000       @InitKbd@0                 0044d000 f   w32_kbd.obj
 0001:0004c300       @PasteClipboardKbd@4       0044d300 f   w32_kbd.obj
 0001:0004c390       @PasteKbd@4                0044d390 f   w32_kbd.obj
 0001:0004c400       @PollJoy@0                 0044d400 f   w32_kbd.obj
 0001:0004c4f0       @PollKbd@0                 0044d4f0 f   w32_kbd.obj
 0001:0004cd20       @PollMos@0                 0044dd20 f   w32_kbd.obj
 0001:0004cdf0       @SelectKbd@4               0044ddf0 f   w32_kbd.obj
 0001:0004cf00       @SetMapKbd@4               0044df00 f   w32_kbd.obj
 0001:0004cf40       @SetMenuExitTimer@0        0044df40 f   w32_kbd.obj
 0001:0004cf60       @SetMouseCapture@4         0044df60 f   w32_kbd.obj
 0001:0004d0e0       @joy_request@4             0044e0e0 f   w32_kbd.obj
 0001:0004d0f0       @mosbtn_request@0          0044e0f0 f   w32_kbd.obj
 0001:0004d100       @mospos_request@8          0044e100 f   w32_kbd.obj
 0001:0004d170       ?Delete@LprRenderer@@AAEHPAUHDC__@@@Z 0044e170 f i w32_lpr.obj
 0001:0004d210       ?Esc_3@LprRenderer@@AAEHPAUHDC__@@@Z 0044e210 f i w32_lpr.obj
 0001:0004d280       ?Esc_A@LprRenderer@@AAEHPAUHDC__@@@Z 0044e280 f i w32_lpr.obj
 0001:0004d2f0       ?Esc_K@LprRenderer@@AAEHPAUHDC__@@@Z 0044e2f0 f i w32_lpr.obj
 0001:0004d360       ?Esc_L@LprRenderer@@AAEHPAUHDC__@@@Z 0044e360 f i w32_lpr.obj
 0001:0004d3d0       ?GetAt@LprPrintBuffer@@QAE?AUPrtBuffChar@@H@Z 0044e3d0 f i w32_lpr.obj
 0001:0004d400       ?Kanji_OFF@LprRenderer@@AAEHPAUHDC__@@@Z 0044e400 f i w32_lpr.obj
 0001:0004d440       ?Kanji_ON@LprRenderer@@AAEHPAUHDC__@@@Z 0044e440 f i w32_lpr.obj
 0001:0004d480       ?PrintChar@LprRenderer@@AAEHPAUHDC__@@PAH@Z 0044e480 f i w32_lpr.obj
 0001:0004d650       ?PrintLine@LprRenderer@@AAEHPAUHDC__@@@Z 0044e650 f i w32_lpr.obj
 0001:0004d6d0       ?delete_f@LprFonts@@QAEHPAUHDC__@@@Z 0044e6d0 f i w32_lpr.obj
 0001:0004d700       ?draw_bit_image@LprRenderer@@AAEHPAUHDC__@@HH@Z 0044e700 f i w32_lpr.obj
 0001:0004d830       ?draw_one_char_image@LprRenderer@@AAEHPAUHDC__@@H@Z 0044e830 f i w32_lpr.obj
 0001:0004d920       ?draw_printable_char@LprRenderer@@AAEHPAUHDC__@@E@Z 0044e920 f i w32_lpr.obj
 0001:0004d980       ?print@LprRenderer@@QAEHAAUtagPDA@@@Z 0044e980 f i w32_lpr.obj
 0001:0004dc90       ?render@LprRenderer@@AAEHPAUHDC__@@@Z 0044ec90 f i w32_lpr.obj
 0001:0004df70       ?reset_params@LprRenderer@@AAEHPAUHDC__@@@Z 0044ef70 f i w32_lpr.obj
 0001:0004e010       @lp_closefile@0            0044f010 f   w32_lpr.obj
 0001:0004e030       @lp_openfile@4             0044f030 f   w32_lpr.obj
 0001:0004e140       @lp_printfile@0            0044f140 f   w32_lpr.obj
 0001:0004e250       @lp_removefile@0           0044f250 f   w32_lpr.obj
 0001:0004e290       @lp_writefile@8            0044f290 f   w32_lpr.obj
 0001:0004ea90       @ApplySnd@0                0044fa90 f   w32_snd.obj
 0001:0004ed90       @CleanFDDSnd@0             0044fd90 f   w32_snd.obj
 0001:0004edc0       @CleanSnd@0                0044fdc0 f   w32_snd.obj
 0001:0004ef60       @CloseCaptureSnd@0         0044ff60 f   w32_snd.obj
 0001:0004f000       @GetLevelSnd@4             00450000 f   w32_snd.obj
 0001:0004f230       @GetMute@4                 00450230 f   w32_snd.obj
 0001:0004f260       @InitFDDSnd@0              00450260 f   w32_snd.obj
 0001:0004f540       @InitSnd@0                 00450540 f   w32_snd.obj
 0001:0004f7c0       @OpenCaptureSnd@4          004507c0 f   w32_snd.obj
 0001:0004f910       @PlaySnd@0                 00450910 f   w32_snd.obj
 0001:0004fa00       @ProcessSnd@4              00450a00 f   w32_snd.obj
 0001:0004fd20       @ROMEO_Mute@4              00450d20 f   w32_snd.obj
 0001:0004fe10       @SelectSnd@4               00450e10 f   w32_snd.obj
 0001:00050500       @SetMute@8                 00451500 f   w32_snd.obj
 0001:00050560       @SetSoundVolume2@24        00451560 f   w32_snd.obj
 0001:00050690       @SetSoundVolume@0          00451690 f   w32_snd.obj
 0001:000507c0       @StopSnd@0                 004517c0 f   w32_snd.obj
 0001:000507e0       @beep_notify@0             004517e0 f   w32_snd.obj
 0001:00050830       @dac_notify@4              00451830 f   w32_snd.obj
 0001:00050870       @keyencbeep_notify@0       00451870 f   w32_snd.obj
 0001:000508a0       @opn_notify@8              004518a0 f   w32_snd.obj
 0001:00050990       @tape_notify@4             00451990 f   w32_snd.obj
 0001:000509c0       @thg_notify@8              004519c0 f   w32_snd.obj
 0001:00050aa0       @wav_notify@4              00451aa0 f   w32_snd.obj
 0001:00050b60       @whg_notify@8              00451b60 f   w32_snd.obj
 0001:00050e50       ?juliet_YMF288WriteReg@@YAXGE@Z 00451e50 f   juliet.obj
 0001:00050eb0       _juliet_YMF288A_B          00451eb0 f   juliet.obj
 0001:00051180       _juliet_YMF288B_B          00452180 f   juliet.obj
 0001:000512c0       _juliet_YMF288EXEC         004522c0 f   juliet.obj
 0001:00051430       _juliet_YMF288Mute         00452430 f   juliet.obj
 0001:000514c0       _juliet_YMF288Reset        004524c0 f   juliet.obj
 0001:000516e0       _juliet_load               004526e0 f   juliet.obj
 0001:000517c0       _juliet_prepare            004527c0 f   juliet.obj
 0001:000518a0       _juliet_unload             004528a0 f   juliet.obj
 0001:000518de       _ImmGetContext@4           004528de f   imm32:IMM32.dll
 0001:000518e4       _ImmReleaseContext@8       004528e4 f   imm32:IMM32.dll
 0001:000518ea       _ImmGetConversionStatus@12 004528ea f   imm32:IMM32.dll
 0001:000518f0       _ImmSetConversionStatus@12 004528f0 f   imm32:IMM32.dll
 0001:000518f6       _ImmGetOpenStatus@4        004528f6 f   imm32:IMM32.dll
 0001:000518fc       _ImmSetOpenStatus@8        004528fc f   imm32:IMM32.dll
 0001:00051902       _ImmAssociateContext@8     00452902 f   imm32:IMM32.dll
 0001:00051908       _DirectDrawCreate@12       00452908 f   ddraw:DDRAW.dll
 0001:0005190e       _DirectInputCreateA@16     0045290e f   dinput:DINPUT.dll
 0001:00051914       _DirectSoundCreate@12      00452914 f   dsound:DSOUND.dll
 0001:0005191a       @__security_check_cookie@4 0045291a f   LIBCMT:_secchk_.obj
 0001:0005192b       ___raise_securityfailure   0045292b f   LIBCMT:gs_report.obj
 0001:00051953       ___report_gsfailure        00452953 f   LIBCMT:gs_report.obj
 0001:00051a4e       ___report_rangecheckfailure 00452a4e f   LIBCMT:gs_report.obj
 0001:00051a5a       ___report_securityfailure  00452a5a f   LIBCMT:gs_report.obj
 0001:00051b30       __ftoui3                   00452b30 f   LIBCMT:_ftol3_.obj
 0001:00051b3f       __ftoul3                   00452b3f f   LIBCMT:_ftol3_.obj
 0001:00051b4e       __ftol3                    00452b4e f   LIBCMT:_ftol3_.obj
 0001:00051b5b       __ftol3_NaN                00452b5b f   LIBCMT:_ftol3_.obj
 0001:00051b73       __ftol3_work               00452b73 f   LIBCMT:_ftol3_.obj
 0001:00051bf9       __ftol3_common             00452bf9 f   LIBCMT:_ftol3_.obj
 0001:00051cbb       __ftol3_arg_error          00452cbb f   LIBCMT:_ftol3_.obj
 0001:00051ccd       __ftol3_except             00452ccd f   LIBCMT:_ftol3_.obj
 0001:00051d11       __dtoui3                   00452d11 f   LIBCMT:_ftol3_.obj
 0001:00051d20       __dtoul3                   00452d20 f   LIBCMT:_ftol3_.obj
 0001:00051d2f       __dtol3                    00452d2f f   LIBCMT:_ftol3_.obj
 0001:00051d3c       __dtol3_NaN                00452d3c f   LIBCMT:_ftol3_.obj
 0001:00051d59       __dtol3_work               00452d59 f   LIBCMT:_ftol3_.obj
 0001:00051e40       __ultod3                   00452e40 f   LIBCMT:_ftol3_.obj
 0001:00051e80       __ltod3                    00452e80 f   LIBCMT:_ftol3_.obj
 0001:00051eb0       __alloca_probe             00452eb0 f   LIBCMT:chkstk.obj
 0001:00051eb0       __chkstk                   00452eb0 f   LIBCMT:chkstk.obj
 0001:00051edd       ___isa_available_init      00452edd f   LIBCMT:_cpu_disp_.obj
 0001:00052080       ___vdecl_pow2              00453080 f   LIBCMT:_svml_dpow2_dispatch_.obj
 0001:00052085       ??3@YAXPAXI@Z              00453085 f   LIBCMT:delete_scalar_size.obj
 0001:00052093       ??_Etype_info@@UAEPAXI@Z   00453093 f i LIBCMT:std_type_info_static.obj
 0001:00052093       ??_Gtype_info@@UAEPAXI@Z   00453093 f i LIBCMT:std_type_info_static.obj
 0001:000520b6       ??2@YAPAXI@Z               004530b6 f   LIBCMT:new_scalar.obj
 0001:00052315       _WinMainCRTStartup         00453315 f   LIBCMT:exe_winmain.obj
 0001:00052fc0       ___sse2_pow2               00453fc0 f   LIBCMT:_svml_dpow2_sse2_.obj
 0001:00053410       ??3@YAXPAX@Z               00454410 f   LIBCMT:delete_scalar.obj
 0001:00053415       ??0bad_alloc@std@@QAE@ABV01@@Z 00454415 f i LIBCMT:throw_bad_alloc.obj
 0001:00053430       ??0bad_alloc@std@@QAE@XZ   00454430 f i LIBCMT:throw_bad_alloc.obj
 0001:00053448       ??0bad_array_new_length@std@@QAE@ABV01@@Z 00454448 f i LIBCMT:throw_bad_alloc.obj
 0001:00053463       ??0bad_array_new_length@std@@QAE@XZ 00454463 f i LIBCMT:throw_bad_alloc.obj
 0001:0005347b       ??0exception@std@@QAE@ABV01@@Z 0045447b f i LIBCMT:throw_bad_alloc.obj
 0001:000534a7       ??1bad_array_new_length@std@@UAE@XZ 004544a7 f i LIBCMT:throw_bad_alloc.obj
 0001:000534a7       ??1bad_alloc@std@@UAE@XZ   004544a7 f i LIBCMT:throw_bad_alloc.obj
 0001:000534b8       ??_Ebad_array_new_length@std@@UAEPAXI@Z 004544b8 f i LIBCMT:throw_bad_alloc.obj
 0001:000534b8       ??_Gexception@std@@UAEPAXI@Z 004544b8 f i LIBCMT:throw_bad_alloc.obj
 0001:000534b8       ??_Gbad_array_new_length@std@@UAEPAXI@Z 004544b8 f i LIBCMT:throw_bad_alloc.obj
 0001:000534b8       ??_Eexception@std@@UAEPAXI@Z 004544b8 f i LIBCMT:throw_bad_alloc.obj
 0001:000534b8       ??_Ebad_alloc@std@@UAEPAXI@Z 004544b8 f i LIBCMT:throw_bad_alloc.obj
 0001:000534b8       ??_Gbad_alloc@std@@UAEPAXI@Z 004544b8 f i LIBCMT:throw_bad_alloc.obj
 0001:000534e5       ?__scrt_throw_std_bad_alloc@@YAXXZ 004544e5 f   LIBCMT:throw_bad_alloc.obj
 0001:00053502       ?__scrt_throw_std_bad_array_new_length@@YAXXZ 00454502 f   LIBCMT:throw_bad_alloc.obj
 0001:0005351f       ?what@exception@std@@UBEPBDXZ 0045451f f i LIBCMT:throw_bad_alloc.obj
 0001:0005352c       ??$__crt_fast_encode_pointer@PAX@@YAPAXQAX@Z 0045452c f i libvcruntime:winapi_downlevel.obj
 0001:0005352c       ??$__crt_fast_encode_pointer@PAP6AXXZ@@YAPAP6AXXZQAP6AXXZ@Z 0045452c f i LIBCMT:utility.obj
 0001:0005358d       ___scrt_acquire_startup_lock 0045458d f   LIBCMT:utility.obj
 0001:000535c2       ___scrt_initialize_crt     004545c2 f   LIBCMT:utility.obj
 0001:000535fb       ___scrt_initialize_onexit_tables 004545fb f   LIBCMT:utility.obj
 0001:000536a5       ___scrt_is_nonwritable_in_current_image 004546a5 f   LIBCMT:utility.obj
 0001:0005372f       ___scrt_release_startup_lock 0045472f f   LIBCMT:utility.obj
 0001:0005374c       ___scrt_uninitialize_crt   0045474c f   LIBCMT:utility.obj
 0001:00053774       __onexit                   00454774 f   LIBCMT:utility.obj
 0001:000537af       _atexit                    004547af f   LIBCMT:utility.obj
 0001:00053813       ___security_init_cookie    00454813 f   LIBCMT:gs_support.obj
 0001:0005385e       __get_startup_argv_mode    0045485e f   LIBCMT:argv_mode.obj
 0001:00053862       __get_startup_file_mode    00454862 f   LIBCMT:file_mode.obj
 0001:00053868       ?__scrt_initialize_type_info@@YAXXZ 00454868 f   LIBCMT:tncleanup.obj
 0001:00053874       __initialize_default_precision 00454874 f   LIBCMT:default_precision.obj
 0001:00053895       ___local_stdio_scanf_options 00454895 f i LIBCMT:default_local_stdio_options.obj
 0001:0005389b       ___scrt_initialize_default_local_stdio_options 0045489b f   LIBCMT:default_local_stdio_options.obj
 0001:000538b8       ___scrt_is_user_matherr_present 004548b8 f   LIBCMT:matherr_detection.obj
 0001:000538c4       ___scrt_get_dyn_tls_init_callback 004548c4 f   LIBCMT:dyn_tls_init.obj
 0001:000538ca       ___scrt_get_dyn_tls_dtor_callback 004548ca f   LIBCMT:dyn_tls_dtor.obj
 0001:000538d0       ___scrt_fastfail           004548d0 f   LIBCMT:utility_desktop.obj
 0001:000539ec       ___scrt_get_show_window_mode 004549ec f   LIBCMT:utility_desktop.obj
 0001:00053a1f       __get_startup_thread_locale_mode 00454a1f f   LIBCMT:thread_locale.obj
 0001:00053a1f       ___scrt_initialize_winrt   00454a1f f   LIBCMT:utility_desktop.obj
 0001:00053a1f       __matherr                  00454a1f f   LIBCMT:matherr.obj
 0001:00053a1f       __get_startup_commit_mode  00454a1f f   LIBCMT:commit_mode.obj
 0001:00053a1f       __get_startup_new_mode     00454a1f f   LIBCMT:new_mode.obj
 0001:00053a22       ___scrt_set_unhandled_exception_filter 00454a22 f   LIBCMT:utility_desktop.obj
 0001:00053a2e       ___scrt_unhandled_exception_filter@4 00454a2e f   LIBCMT:utility_desktop.obj
 0001:00053a6f       __crt_debugger_hook        00454a6f f   LIBCMT:utility_desktop.obj
 0001:00053a77       __RTC_Initialize           00454a77 f   LIBCMT:_initsect_.obj
 0001:00053aa2       __RTC_Terminate            00454aa2 f   LIBCMT:_initsect_.obj
 0001:00053acd       @_guard_check_icall@4      00454acd f i LIBCMT:checkcfg.obj
 0001:00053ae0       __SEH_prolog4              00454ae0 f   LIBCMT:_sehprolg4_.obj
 0001:00053b26       __SEH_epilog4              00454b26 f   LIBCMT:_sehprolg4_.obj
 0001:00053b3b       ___scrt_is_ucrt_dll_in_use 00454b3b f   LIBCMT:ucrt_detection.obj
 0001:00053b50       _memset                    00454b50 f   libvcruntime:memset.obj
 0001:00053cb0       _memcpy                    00454cb0 f   libvcruntime:memcpy.obj
 0001:00054270       __except_handler4          00455270 f   libvcruntime:_chandler4_.obj
 0001:000543cd       ___std_exception_copy      004553cd f   libvcruntime:std_exception.obj
 0001:00054430       ___std_exception_destroy   00455430 f   libvcruntime:std_exception.obj
 0001:0005444f       __CxxThrowException@8      0045544f f   libvcruntime:throw.obj
 0001:000544bd       ___vcrt_initialize         004554bd f   libvcruntime:initialization.obj
 0001:000544e6       ___vcrt_uninitialize       004554e6 f   libvcruntime:initialization.obj
 0001:00054510       __local_unwind4            00455510 f   libvcruntime:_exsup4_.obj
 0001:000545e8       __seh_longjmp_unwind4@4    004555e8 f   libvcruntime:_exsup4_.obj
 0001:00054610       @_EH4_CallFilterFunc@8     00455610 f   libvcruntime:_exsup4_.obj
 0001:00054628       @_EH4_TransferToHandler@8  00455628 f   libvcruntime:_exsup4_.obj
 0001:00054644       @_EH4_GlobalUnwind2@8      00455644 f   libvcruntime:_exsup4_.obj
 0001:00054660       @_EH4_LocalUnwind@16       00455660 f   libvcruntime:_exsup4_.obj
 0001:00054677       ___except_validate_context_record 00455677 f   libvcruntime:jbcxrval.obj
 0001:000546a7       ___except_validate_jump_buffer 004556a7 f   libvcruntime:jbcxrval.obj
 0001:000546d4       ___vcrt_freefls@4          004556d4 f   libvcruntime:per_thread_data.obj
 0001:000546f0       ___vcrt_initialize_ptd     004556f0 f   libvcruntime:per_thread_data.obj
 0001:00054736       ___vcrt_uninitialize_ptd   00455736 f   libvcruntime:per_thread_data.obj
 0001:00054751       ___vcrt_initialize_locks   00455751 f   libvcruntime:locks.obj
 0001:0005478d       ___vcrt_uninitialize_locks 0045578d f   libvcruntime:locks.obj
 0001:00054909       ___vcrt_FlsAlloc           00455909 f   libvcruntime:winapi_downlevel.obj
 0001:00054943       ___vcrt_FlsFree            00455943 f   libvcruntime:winapi_downlevel.obj
 0001:0005497d       ___vcrt_FlsSetValue        0045597d f   libvcruntime:winapi_downlevel.obj
 0001:000549ba       ___vcrt_InitializeCriticalSectionEx 004559ba f   libvcruntime:winapi_downlevel.obj
 0001:00054a00       ___vcrt_initialize_winapi_thunks 00455a00 f   libvcruntime:winapi_downlevel.obj
 0001:00054a3a       ___vcrt_uninitialize_winapi_thunks 00455a3a f   libvcruntime:winapi_downlevel.obj
 0001:00054a6c       ___vcrt_initialize_pure_virtual_call_handler 00455a6c f   libvcruntime:purevirt_data.obj
 0001:00054a90       __global_unwind2           00455a90 f   libvcruntime:_exsup_.obj
 0001:00054af6       __local_unwind2            00455af6 f   libvcruntime:_exsup_.obj
 0001:00054b7a       __abnormal_termination     00455b7a f   libvcruntime:_exsup_.obj
 0001:00054ba0       __NLG_Notify1              00455ba0 f   libvcruntime:_exsup_.obj
 0001:00054bac       __NLG_Notify               00455bac f   libvcruntime:_exsup_.obj
 0001:00054bc3       __NLG_Dispatch             00455bc3     libvcruntime:_exsup_.obj
 0001:00054bc3       __NLG_Dispatch2            00455bc3     libvcruntime:_exsup_.obj
 0001:00054bcb       __NLG_Call                 00455bcb f   libvcruntime:_exsup_.obj
 0001:00054bcd       __NLG_Return2              00455bcd     libvcruntime:_exsup_.obj
 0001:00054bce       _free                      00455bce f   libucrt:free.obj
 0001:00054beb       _malloc                    00455beb f   libucrt:malloc.obj
 0001:00054e7d       __localtime64              00455e7d f   libucrt:localtime.obj
 0001:00054f28       __time64                   00455f28 f   libucrt:time.obj
 0001:00054f80       __libm_sse2_pow_precise    00455f80 f   libucrt:pow_sse2_precise.obj
 0001:00055ad0       _strncat                   00456ad0 f   libucrt:strncat.obj
 0001:00055c10       _strncpy                   00456c10 f   libucrt:strncpy.obj
 0001:00055f7d       __splitpath                00456f7d f   libucrt:splitpath.obj
 0001:00056168       ??$count@D@formatting_buffer@__crt_stdio_output@@QBEIXZ 00457168 f i libucrt:output.obj
 0001:00056180       ??$ensure_buffer_is_big_enough@D@formatting_buffer@__crt_stdio_output@@QAE_NI@Z 00457180 f i libucrt:output.obj
 0001:000561ff       ??$is_wide_character_specifier@D@__crt_stdio_output@@YA_N_KDW4length_modifier@0@@Z 004571ff f i libucrt:output.obj
 0001:00056230       ??$scratch_data@D@formatting_buffer@__crt_stdio_output@@QAEPADXZ 00457230 f i libucrt:output.obj
 0001:0005624e       ??$type_case_integer_parse_into_buffer@I@?$output_processor@DV?$string_output_adapter@D@__crt_stdio_output@@V?$standard_base@DV?$string_output_adapter@D@__crt_stdio_output@@@2@@__crt_stdio_output@@AAEXII_N@Z 0045724e f i libucrt:output.obj
 0001:000562bb       ??$type_case_integer_parse_into_buffer@_K@?$output_processor@DV?$string_output_adapter@D@__crt_stdio_output@@V?$standard_base@DV?$string_output_adapter@D@__crt_stdio_output@@@2@@__crt_stdio_output@@AAEX_KI_N@Z 004572bb f i libucrt:output.obj
 0001:0005633d       ??$write_multiple_characters@V?$string_output_adapter@D@__crt_stdio_output@@D@__crt_stdio_output@@YAXABV?$string_output_adapter@D@0@DHQAH@Z 0045733d f i libucrt:output.obj
 0001:00056369       ??0?$common_data@D@__crt_stdio_output@@IAE@XZ 00457369 f i libucrt:output.obj
 0001:000563b0       ??0?$output_adapter_data@DV?$string_output_adapter@D@__crt_stdio_output@@@__crt_stdio_output@@IAE@ABV?$string_output_adapter@D@1@_KQBDQAU__crt_locale_pointers@@QAD@Z 004573b0 f i libucrt:output.obj
 0001:000563ec       ??0_LocaleUpdate@@QAE@QAU__crt_locale_pointers@@@Z 004573ec f i libucrt:output.obj
 0001:0005646f       ??1formatting_buffer@__crt_stdio_output@@QAE@XZ 0045746f f i libucrt:output.obj
 0001:00056489       ??4?$__crt_unique_heap_ptr@DU__crt_internal_free_policy@@@@QAEAAV0@$$QAV0@@Z 00457489 f i libucrt:output.obj
 0001:000564ad       ?crop_zeroes@__crt_stdio_output@@YAXPADQAU__crt_locale_pointers@@@Z 004574ad f i libucrt:output.obj
 0001:00056504       ?find_next_state@?$output_processor@DV?$string_output_adapter@D@__crt_stdio_output@@V?$standard_base@DV?$string_output_adapter@D@__crt_stdio_output@@@2@@__crt_stdio_output@@ABE?AW4state@2@DW432@@Z 00457504 f i libucrt:output.obj
 0001:00056536       ?force_decimal_point@__crt_stdio_output@@YAXPADQAU__crt_locale_pointers@@@Z 00457536 f i libucrt:output.obj
 0001:00056592       ?parse_int_from_format_string@?$output_processor@DV?$string_output_adapter@D@__crt_stdio_output@@V?$standard_base@DV?$string_output_adapter@D@__crt_stdio_output@@@2@@__crt_stdio_output@@AAE_NQAH@Z 00457592 f i libucrt:output.obj
 0001:0005660a       ?process@?$output_processor@DV?$string_output_adapter@D@__crt_stdio_output@@V?$standard_base@DV?$string_output_adapter@D@__crt_stdio_output@@@2@@__crt_stdio_output@@QAEHXZ 0045760a f i libucrt:output.obj
 0001:00056726       ?state_case_flag@?$output_processor@DV?$string_output_adapter@D@__crt_stdio_output@@V?$standard_base@DV?$string_output_adapter@D@__crt_stdio_output@@@2@@__crt_stdio_output@@AAE_NXZ 00457726 f i libucrt:output.obj
 0001:00056763       ?state_case_normal@?$output_processor@DV?$string_output_adapter@D@__crt_stdio_output@@V?$standard_base@DV?$string_output_adapter@D@__crt_stdio_output@@@2@@__crt_stdio_output@@AAE_NXZ 00457763 f i libucrt:output.obj
 0001:00056782       ?state_case_normal_common@?$output_processor@DV?$string_output_adapter@D@__crt_stdio_output@@V?$standard_base@DV?$string_output_adapter@D@__crt_stdio_output@@@2@@__crt_stdio_output@@AAE_NXZ 00457782 f i libucrt:output.obj
 0001:000567ac       ?state_case_normal_tchar@?$output_processor@DV?$string_output_adapter@D@__crt_stdio_output@@V?$standard_base@DV?$string_output_adapter@D@__crt_stdio_output@@@2@@__crt_stdio_output@@AAE_ND@Z 004577ac f i libucrt:output.obj
 0001:00056808       ?state_case_precision@?$output_processor@DV?$string_output_adapter@D@__crt_stdio_output@@V?$standard_base@DV?$string_output_adapter@D@__crt_stdio_output@@@2@@__crt_stdio_output@@AAE_NXZ 00457808 f i libucrt:output.obj
 0001:00056830       ?state_case_size@?$output_processor@DV?$string_output_adapter@D@__crt_stdio_output@@V?$standard_base@DV?$string_output_adapter@D@__crt_stdio_output@@@2@@__crt_stdio_output@@AAE_NXZ 00457830 f i libucrt:output.obj
 0001:000569a1       ?state_case_type@?$output_processor@DV?$string_output_adapter@D@__crt_stdio_output@@V?$standard_base@DV?$string_output_adapter@D@__crt_stdio_output@@@2@@__crt_stdio_output@@AAE_NXZ 004579a1 f i libucrt:output.obj
 0001:00056bc9       ?state_case_width@?$output_processor@DV?$string_output_adapter@D@__crt_stdio_output@@V?$standard_base@DV?$string_output_adapter@D@__crt_stdio_output@@@2@@__crt_stdio_output@@AAE_NXZ 00457bc9 f i libucrt:output.obj
 0001:00056bf6       ?to_integer_size@__crt_stdio_output@@YAIW4length_modifier@1@@Z 00457bf6 f i libucrt:output.obj
 0001:00056c52       ?type_case_Z@?$output_processor@DV?$string_output_adapter@D@__crt_stdio_output@@V?$standard_base@DV?$string_output_adapter@D@__crt_stdio_output@@@2@@__crt_stdio_output@@AAE_NXZ 00457c52 f i libucrt:output.obj
 0001:00056cb5       ?type_case_a@?$output_processor@DV?$string_output_adapter@D@__crt_stdio_output@@V?$standard_base@DV?$string_output_adapter@D@__crt_stdio_output@@@2@@__crt_stdio_output@@AAE_NXZ 00457cb5 f i libucrt:output.obj
 0001:00056e13       ?type_case_c_tchar@?$output_processor@DV?$string_output_adapter@D@__crt_stdio_output@@V?$standard_base@DV?$string_output_adapter@D@__crt_stdio_output@@@2@@__crt_stdio_output@@AAE_ND@Z 00457e13 f i libucrt:output.obj
 0001:00056ea3       ?type_case_integer@?$output_processor@DV?$string_output_adapter@D@__crt_stdio_output@@V?$standard_base@DV?$string_output_adapter@D@__crt_stdio_output@@@2@@__crt_stdio_output@@AAE_NI_N@Z 00457ea3 f i libucrt:output.obj
 0001:00056ff4       ?type_case_n@?$output_processor@DV?$string_output_adapter@D@__crt_stdio_output@@V?$standard_base@DV?$string_output_adapter@D@__crt_stdio_output@@@2@@__crt_stdio_output@@AAE_NXZ 00457ff4 f i libucrt:output.obj
 0001:00057068       ?type_case_o@?$output_processor@DV?$string_output_adapter@D@__crt_stdio_output@@V?$standard_base@DV?$string_output_adapter@D@__crt_stdio_output@@@2@@__crt_stdio_output@@AAE_NXZ 00458068 f i libucrt:output.obj
 0001:00057087       ?type_case_p@?$output_processor@DV?$string_output_adapter@D@__crt_stdio_output@@V?$standard_base@DV?$string_output_adapter@D@__crt_stdio_output@@@2@@__crt_stdio_output@@AAE_NXZ 00458087 f i libucrt:output.obj
 0001:0005709f       ?type_case_s@?$output_processor@DV?$string_output_adapter@D@__crt_stdio_output@@V?$standard_base@DV?$string_output_adapter@D@__crt_stdio_output@@@2@@__crt_stdio_output@@AAE_NXZ 0045809f f i libucrt:output.obj
 0001:00057112       ?write_character@?$string_output_adapter@D@__crt_stdio_output@@QBE_NDQAH@Z 00458112 f i libucrt:output.obj
 0001:00057154       ?write_stored_string_tchar@?$output_processor@DV?$string_output_adapter@D@__crt_stdio_output@@V?$standard_base@DV?$string_output_adapter@D@__crt_stdio_output@@@2@@__crt_stdio_output@@AAE_ND@Z 00458154 f i libucrt:output.obj
 0001:000571fd       ?write_string@?$string_output_adapter@D@__crt_stdio_output@@QBEXQBDHQAHAAV__crt_deferred_errno_cache@@@Z 004581fd f i libucrt:output.obj
 0001:00057264       ___stdio_common_vsprintf   00458264 f   libucrt:output.obj
 0001:00057358       __fullpath                 00458358 f   libucrt:fullpath.obj
 0001:0005750d       __beginthreadex            0045850d f   libucrt:thread.obj
 0001:00057592       __endthreadex              00458592 f   libucrt:thread.obj
 0001:000576f2       __makepath                 004586f2 f   libucrt:makepath.obj
 0001:00057712       _realloc                   00458712 f   libucrt:realloc.obj
 0001:0005771d       ??$is_overflow_condition@K@__crt_strtox@@YA_NIK@Z 0045871d f i libucrt:strtox.obj
 0001:0005774e       ??$make_c_string_character_source@DPAPAD@__crt_strtox@@YA?AV?$c_string_character_source@D@0@QBDQAPAD@Z 0045874e f i libucrt:strtox.obj
 0001:00057769       ??$parse_integer@KV?$c_string_character_source@D@__crt_strtox@@@__crt_strtox@@YAKQAU__crt_locale_pointers@@V?$c_string_character_source@D@0@H_N@Z 00458769 f i libucrt:strtox.obj
 0001:00057992       ?unget@?$c_string_character_source@D@__crt_strtox@@QAEXD@Z 00458992 f i libucrt:strtox.obj
 0001:000579ba       ?validate@?$string_output_adapter@D@__crt_stdio_output@@QBE_NXZ 004589ba f i libucrt:output.obj
 0001:000579ba       ?validate@?$c_string_character_source@D@__crt_strtox@@QBE_NXZ 004589ba f i libucrt:strtox.obj
 0001:000579d5       __chvalidchk_l             004589d5 f i libucrt:strtox.obj
 0001:000579ff       __ischartype_l             004589ff f i libucrt:strtox.obj
 0001:00057a32       _strtol                    00458a32 f   libucrt:strtox.obj
 0001:00057a60       __libm_sse2_log_precise    00458a60 f   libucrt:log_sse2_precise.obj
 0001:00057cf0       __libm_sse2_sin_precise    00458cf0 f   libucrt:sin_sse2_precise.obj
 0001:00057ec0       _floor                     00458ec0 f   libucrt:floor_pentium4.obj
 0001:00057f00       __floor_pentium4           00458f00 f   libucrt:floor_pentium4.obj
 0001:00057fc0       __libm_sse2_log10_precise  00458fc0 f   libucrt:log10_sse2_precise.obj
 0001:00058270       __errcode                  00459270 f   libucrt:fpexcept.obj
 0001:000582a4       __except1                  004592a4 f   libucrt:fpexcept.obj
 0001:00058372       __handle_exc               00459372 f   libucrt:fpexcept.obj
 0001:0005855f       __raise_exc                0045955f f   libucrt:fpexcept.obj
 0001:00058582       __raise_exc_ex             00459582 f   libucrt:fpexcept.obj
 0001:00058873       __set_errno_from_matherr   00459873 f   libucrt:fpexcept.obj
 0001:000588a2       __umatherr                 004598a2 f   libucrt:fpexcept.obj
 0001:00058944       ___acrt_initialize_new_handler 00459944 f   libucrt:new_handler.obj
 0001:00058953       __callnewh                 00459953 f   libucrt:new_handler.obj
 0001:00058997       __query_new_handler        00459997 f   libucrt:new_handler.obj
 0001:000589e9       __seh_filter_exe           004599e9 f   libucrt:exception_filter.obj
 0001:00058b5c       __query_app_type           00459b5c f   libucrt:report_runtime_error.obj
 0001:00058b62       __set_app_type             00459b62 f   libucrt:report_runtime_error.obj
 0001:00058b71       ___acrt_has_user_matherr   00459b71 f   libucrt:matherr.obj
 0001:00058b89       ___acrt_initialize_user_matherr 00459b89 f   libucrt:matherr.obj
 0001:00058b98       ___acrt_invoke_user_matherr 00459b98 f   libucrt:matherr.obj
 0001:00058be1       ___setusermatherr          00459be1 f   libucrt:matherr.obj
 0001:00058ea0       ___acrt_allocate_buffer_for_argv 00459ea0 f   libucrt:argv_parsing.obj
 0001:00058eef       __configure_narrow_argv    00459eef f   libucrt:argv_parsing.obj
 0001:000590f8       ??$uninitialize@A6AXAAPAPA_W@Z@?$dual_state_global@PAPA_W@__crt_state_management@@QAEXA6AXAAPAPA_W@Z@Z 0045a0f8 f i libucrt:environment_initialization.obj
 0001:000590f8       ??$uninitialize@A6AXAAPAPAD@Z@?$dual_state_global@PAPAD@__crt_state_management@@QAEXA6AXAAPAPAD@Z@Z 0045a0f8 f i libucrt:environment_initialization.obj
 0001:0005916e       ___dcrt_get_or_create_narrow_environment_nolock 0045a16e f   libucrt:environment_initialization.obj
 0001:00059173       ___dcrt_uninitialize_environments_nolock 0045a173 f   libucrt:environment_initialization.obj
 0001:000591aa       __initialize_narrow_environment 0045a1aa f   libucrt:environment_initialization.obj
 0001:000591af       __get_narrow_winmain_command_line 0045a1af f   libucrt:argv_winmain.obj
 0001:00059202       __initterm                 0045a202 f   libucrt:initterm.obj
 0001:0005925e       __initterm_e               0045a25e f   libucrt:initterm.obj
 0001:000592e6       ??$__crt_fast_encode_pointer@P6AHXZ@@YAP6AHXZQ6AHXZ@Z 0045a2e6 f i libucrt:onexit.obj
 0001:000592e6       ??$__crt_fast_encode_pointer@P6GXPAXK0@Z@@YAP6GXPAXK0@ZQ6GX0K0@Z@Z 0045a2e6 f i libucrt:exit.obj
 0001:000592e6       ??$__crt_fast_encode_pointer@P6AHPAU_exception@@@Z@@YAP6AHPAU_exception@@@ZQ6AH0@Z@Z 0045a2e6 f i libucrt:matherr.obj
 0001:0005949c       ___scrt_is_managed_app     0045a49c f   LIBCMT:utility_desktop.obj
 0001:0005954a       ___acrt_initialize_thread_local_exit_callback 0045a54a f   libucrt:exit.obj
 0001:00059559       __c_exit                   0045a559 f   libucrt:exit.obj
 0001:00059568       __cexit                    0045a568 f   libucrt:exit.obj
 0001:00059577       __exit                     0045a577 f   libucrt:exit.obj
 0001:0005958d       __register_thread_local_exe_atexit_callback 0045a58d f   libucrt:exit.obj
 0001:000595c5       _exit                      0045a5c5 f   libucrt:exit.obj
 0001:000595db       __get_fmode                0045a5db f   libucrt:setmode.obj
 0001:00059607       __set_fmode                0045a607 f   libucrt:setmode.obj
 0001:00059644       __setmode_nolock           0045a644 f   libucrt:setmode.obj
 0001:00059779       ___acrt_set_locale_changed 0045a779 f   libucrt:wsetlocale.obj
 0001:00059784       ___acrt_uninitialize_locale 0045a784 f   libucrt:wsetlocale.obj
 0001:000597ad       __configthreadlocale       0045a7ad f   libucrt:wsetlocale.obj
 0001:0005980f       __query_new_mode           0045a80f f   libucrt:new_mode.obj
 0001:00059815       __set_new_mode             0045a815 f   libucrt:new_mode.obj
 0001:00059844       ___p__commode              0045a844 f   libucrt:ncommode.obj
 0001:00059b51       __crt_atexit               0045ab51 f   libucrt:onexit.obj
 0001:00059b67       __execute_onexit_table     0045ab67 f   libucrt:onexit.obj
 0001:00059b96       __initialize_onexit_table  0045ab96 f   libucrt:onexit.obj
 0001:00059bd3       __register_onexit_function 0045abd3 f   libucrt:onexit.obj
 0001:00059d14       ___acrt_initialize         0045ad14 f   libucrt:initialization.obj
 0001:00059d26       ___acrt_uninitialize       0045ad26 f   libucrt:initialization.obj
 0001:00059d56       __controlfp_s              0045ad56 f   libucrt:contrlfp.obj
 0001:00059db5       _terminate                 0045adb5 f   libucrt:terminate.obj
 0001:00059df1       ___ascii_stricmp           0045adf1 f   libucrt:stricmp.obj
 0001:00059e2c       _stricmp                   0045ae2c f   libucrt:stricmp.obj
 0001:00059e2c       __stricmp                  0045ae2c f   libucrt:stricmp.obj
 0001:00059e75       __stricmp_l                0045ae75 f   libucrt:stricmp.obj
 0001:00059f0f       _access                    0045af0f f   libucrt:access.obj
 0001:00059f0f       __access                   0045af0f f   libucrt:access.obj
 0001:00059f27       __access_s                 0045af27 f   libucrt:access.obj
 0001:00059ffe       __close                    0045affe f   libucrt:close.obj
 0001:00059ffe       _close                     0045affe f   libucrt:close.obj
 0001:0005a08d       __close_nolock             0045b08d f   libucrt:close.obj
 0001:0005a36a       _lseek                     0045b36a f   libucrt:lseek.obj
 0001:0005a36a       __lseek                    0045b36a f   libucrt:lseek.obj
 0001:0005a375       __lseeki64_nolock          0045b375 f   libucrt:lseek.obj
 0001:0005a944       __open                     0045b944 f   libucrt:open.obj
 0001:0005a944       _open                      0045b944 f   libucrt:open.obj
 0001:0005a95c       __sopen_nolock             0045b95c f   libucrt:open.obj
 0001:0005a9ad       __wsopen_nolock            0045b9ad f   libucrt:open.obj
 0001:0005b197       _read                      0045c197 f   libucrt:read.obj
 0001:0005b197       __read                     0045c197 f   libucrt:read.obj
 0001:0005b2a1       __read_nolock              0045c2a1 f   libucrt:read.obj
 0001:0005b656       __tell                     0045c656 f   libucrt:tell.obj
 0001:0005b656       _tell                      0045c656 f   libucrt:tell.obj
 0001:0005bc0d       __write                    0045cc0d f   libucrt:write.obj
 0001:0005bc0d       _write                     0045cc0d f   libucrt:write.obj
 0001:0005bcf5       __write_nolock             0045ccf5 f   libucrt:write.obj
 0001:0005bf07       _strcpy_s                  0045cf07 f   libucrt:strcpy_s.obj
 0001:0005bf61       __free_base                0045cf61 f   libucrt:free_base.obj
 0001:0005bf9b       __malloc_base              0045cf9b f   libucrt:malloc_base.obj
 0001:0005bfe9       _abort                     0045cfe9 f   libucrt:abort.obj
 0001:0005c02d       __calloc_base              0045d02d f   libucrt:calloc_base.obj
 0001:0005c08a       _wcsncmp                   0045d08a f   libucrt:wcsncmp.obj
 0001:0005c0c4       _atol                      0045d0c4 f   libucrt:atox.obj
 0001:0005c0e9       ___acrt_call_reportfault   0045d0e9 f   libucrt:invalid_parameter.obj
 0001:0005c224       ___acrt_initialize_invalid_parameter_handler 0045d224 f   libucrt:invalid_parameter.obj
 0001:0005c233       __invalid_parameter        0045d233 f   libucrt:invalid_parameter.obj
 0001:0005c2ae       __invalid_parameter_noinfo 0045d2ae f   libucrt:invalid_parameter.obj
 0001:0005c2be       __invoke_watson            0045d2be f   libucrt:invalid_parameter.obj
 0001:0005c2f2       ___acrt_errno_from_os_error 0045d2f2 f   libucrt:errno.obj
 0001:0005c335       ___acrt_errno_map_os_error 0045d335 f   libucrt:errno.obj
 0001:0005c358       ___doserrno                0045d358 f   libucrt:errno.obj
 0001:0005c36b       __errno                    0045d36b f   libucrt:errno.obj
 0001:0005c37e       ___acrt_initialize_timeset 0045d37e f   libucrt:timeset.obj
 0001:0005c3a9       ___daylight                0045d3a9 f   libucrt:timeset.obj
 0001:0005c3af       ___dstbias                 0045d3af f   libucrt:timeset.obj
 0001:0005c3b5       ___timezone                0045d3b5 f   libucrt:timeset.obj
 0001:0005c3bb       ___tzname                  0045d3bb f   libucrt:timeset.obj
 0001:0005c3c1       __get_daylight             0045d3c1 f   libucrt:timeset.obj
 0001:0005c3ed       __get_dstbias              0045d3ed f   libucrt:timeset.obj
 0001:0005c419       __get_timezone             0045d419 f   libucrt:timeset.obj
 0001:0005c445       ??$__crt_time_elapsed_leap_years@H@@YAHH@Z 0045d445 f i libucrt:gmtime.obj
 0001:0005c47f       ??$__crt_time_is_leap_year@H@@YA_NH@Z 0045d47f f i libucrt:gmtime.obj
 0001:0005c6a8       ___getgmtimebuf            0045d6a8 f   libucrt:gmtime.obj
 0001:0005c6e6       __gmtime64_s               0045d6e6 f   libucrt:gmtime.obj
 0001:0005ce35       ___tzset                   0045de35 f   libucrt:tzset.obj
 0001:0005ce86       __isindst                  0045de86 f   libucrt:tzset.obj
 0001:0005d082       ___acrt_AppPolicyGetProcessTerminationMethodInternal@4 0045e082 f   libucrt:winapi_thunks.obj
 0001:0005d0d9       ___acrt_AppPolicyGetThreadInitializationTypeInternal@4 0045e0d9 f   libucrt:winapi_thunks.obj
 0001:0005d130       ___acrt_AreFileApisANSI@0  0045e130 f   libucrt:winapi_thunks.obj
 0001:0005d16a       ___acrt_CompareStringEx@36 0045e16a f   libucrt:winapi_thunks.obj
 0001:0005d1de       ___acrt_FlsAlloc@4         0045e1de f   libucrt:winapi_thunks.obj
 0001:0005d234       ___acrt_FlsFree@4          0045e234 f   libucrt:winapi_thunks.obj
 0001:0005d28a       ___acrt_FlsGetValue@4      0045e28a f   libucrt:winapi_thunks.obj
 0001:0005d2e0       ___acrt_FlsSetValue@8      0045e2e0 f   libucrt:winapi_thunks.obj
 0001:0005d339       ___acrt_GetSystemTimePreciseAsFileTime@4 0045e339 f   libucrt:winapi_thunks.obj
 0001:0005d38f       ___acrt_InitializeCriticalSectionEx@12 0045e38f f   libucrt:winapi_thunks.obj
 0001:0005d3f1       ___acrt_LCMapStringEx@36   0045e3f1 f   libucrt:winapi_thunks.obj
 0001:0005d465       ___acrt_LocaleNameToLCID@8 0045e465 f   libucrt:winapi_thunks.obj
 0001:0005d4ad       ___acrt_RoInitialize@4     0045e4ad f   libucrt:winapi_thunks.obj
 0001:0005d4ff       ___acrt_RoUninitialize@0   0045e4ff f   libucrt:winapi_thunks.obj
 0001:0005d548       ___acrt_initialize_winapi_thunks 0045e548 f   libucrt:winapi_thunks.obj
 0001:0005d584       ___acrt_uninitialize_winapi_thunks 0045e584 f   libucrt:winapi_thunks.obj
 0001:0005d5ba       ___libm_error_support      0045e5ba f   libucrt:libm_error.obj
 0001:0005d7e0       __CIpow                    0045e7e0 f   libucrt:pow_impl.obj
 0001:0005d81b       __CIpow_default            0045e81b f   libucrt:pow_impl.obj
 0001:0005d834       __pow_default              0045e834     libucrt:pow_impl.obj
 0001:0005dada       _strncpy_s                 0045eada f   libucrt:strncpy_s.obj
 0001:0005db3e       __ismbblead                0045eb3e f   libucrt:ismbbyte.obj
 0001:0005db56       __isdigit_l                0045eb56 f i libucrt:_ctype.obj
 0001:0005db8e       _isdigit                   0045eb8e f i libucrt:_ctype.obj
 0001:0005dd21       __tolower_l                0045ed21 f   libucrt:tolower_toupper.obj
 0001:0005dd3b       _tolower                   0045ed3b f   libucrt:tolower_toupper.obj
 0001:0005dd6b       __mbtowc_l                 0045ed6b f   libucrt:mbtowc.obj
 0001:0005de69       _mbtowc                    0045ee69 f   libucrt:mbtowc.obj
 0001:0005de83       __wctomb_s_l               0045ee83 f   libucrt:wctomb.obj
 0001:0005dfa6       _wctomb_s                  0045efa6 f   libucrt:wctomb.obj
 0001:0005dfc3       _strnlen                   0045efc3 f   libucrt:strnlen.obj
 0001:0005e0e5       _wcsnlen                   0045f0e5 f   libucrt:strnlen.obj
 0001:0005e5aa       ___acrt_getptd             0045f5aa f   libucrt:per_thread_data.obj
 0001:0005e65e       ___acrt_getptd_head        0045f65e f   libucrt:per_thread_data.obj
 0001:0005e6f8       ___acrt_getptd_noexit      0045f6f8 f   libucrt:per_thread_data.obj
 0001:0005e7ab       ___acrt_initialize_ptd     0045f7ab f   libucrt:per_thread_data.obj
 0001:0005e7d7       ___acrt_uninitialize_ptd   0045f7d7 f   libucrt:per_thread_data.obj
 0001:0005e7f1       ___acrt_update_locale_info 0045f7f1 f   libucrt:locale_update.obj
 0001:0005e81e       ___acrt_update_multibyte_info 0045f81e f   libucrt:locale_update.obj
[...]
 0003:0002572b       ?nLastKey2@@3EA            004a672b     w32_kbd.obj
 0003:0002572c       ?nTenDir@@3EA              004a672c     w32_kbd.obj
 0003:0002572d       ?nTenDir2@@3EA             004a672d     w32_kbd.obj
 0003:0002572e       ?nMouseButton@@3EA         004a672e     w32_kbd.obj
 0003:0002572f       ?nMouseButtons@@3EA        004a672f     w32_kbd.obj
 0003:00025730       ?joydat@@3PAEA             004a6730     w32_kbd.obj
 0003:00025733       ?cPreKey@@3DA              004a6733     w32_kbd.obj
 0003:00025734       ?joybk@@3PAEA              004a6734     w32_kbd.obj
 0003:00025738       ?joyrapid@@3PAY01HA        004a6738     w32_kbd.obj
 0003:00025748       ?joytime@@3KA              004a6748     w32_kbd.obj
 0003:0002574c       ?joytime2@@3KA             004a674c     w32_kbd.obj
 0003:00025750       ?joyplugged@@3PAHA         004a6750     w32_kbd.obj
 0003:00025758       ?lpmos@@3PAUIDirectInputDeviceA@@A 004a6758     w32_kbd.obj
 0003:0002575c       ?mostime@@3KA              004a675c     w32_kbd.obj
 0003:00025760       ?bCapture@@3HA             004a6760     w32_kbd.obj
 0003:00025764       ?nMouseX@@3HA              004a6764     w32_kbd.obj
 0003:00025768       ?nMouseY@@3HA              004a6768     w32_kbd.obj
 0003:0002576c       ?bMouseCursor@@3HA         004a676c     w32_kbd.obj
 0003:00025770       ?nMouseSX@@3HA             004a6770     w32_kbd.obj
 0003:00025774       ?nMouseSY@@3HA             004a6774     w32_kbd.obj
 0003:00025778       ?strPaste@@3PADA           004a6778     w32_kbd.obj
 0003:0002577c       ?strPtr@@3PADA             004a677c     w32_kbd.obj
 0003:00025780       ?uWaitCnt@@3IA             004a6780     w32_kbd.obj
 0003:00025784       ?key_last@?1??PollKbd@@9@0@4EA 004a6784     w32_kbd.obj
 0003:00025790       ?lpr@@3PAVLpr@@A           004a6790     w32_lpr.obj
 0003:00025798       _CharFontImg               004a6798     w32_lpr.obj
 0003:00025fe8       ?lpds@@3PAUIDirectSound@@A 004a6fe8     w32_snd.obj
 0003:00025fec       ?lpdsp@@3PAUIDirectSoundBuffer@@A 004a6fec     w32_snd.obj
 0003:00025ff0       ?lpdsb@@3PAUIDirectSoundBuffer@@A 004a6ff0     w32_snd.obj
 0003:00025ff4       ?lpsbuf@@3PAKA             004a6ff4     w32_snd.obj
 0003:00025ff8       ?bNowBank@@3HA             004a6ff8     w32_snd.obj
 0003:00025ffc       ?uBufSize@@3IA             004a6ffc     w32_snd.obj
 0003:00026000       ?uRate@@3IA                004a7000     w32_snd.obj
 0003:00026004       ?uTick@@3IA                004a7004     w32_snd.obj
 0003:00026008       ?bMode@@3HA                004a7008     w32_snd.obj
 0003:0002600c       ?uStereo@@3IA              004a700c     w32_snd.obj
 0003:00026010       ?uSample@@3IA              004a7010     w32_snd.obj
 0003:00026014       ?uBeep@@3IA                004a7014     w32_snd.obj
 0003:00026018       ?uKeyEncBeep@@3IA          004a7018     w32_snd.obj
 0003:0002601c       ?pOPN@@3PAPAVOPN@FM@@A     004a701c     w32_snd.obj
 0003:00026028       ?nScale@@3PAHA             004a7028     w32_snd.obj
 0003:00026034       ?uCh3Mode@@3PAEA           004a7034     w32_snd.obj
 0003:00026037       ?uTapeDelta@@3EA           004a7037     w32_snd.obj
 0003:00026038       ?bInitFlag@@3HA            004a7038     w32_snd.obj
 0003:0002603c       ?pWavCapture@@3PAGA        004a703c     w32_snd.obj
 0003:00026040       ?nWavCapture@@3IA          004a7040     w32_snd.obj
 0003:00026044       ?dwWavCapture@@3KA         004a7044     w32_snd.obj
 0003:00026048       ?uChannels@@3GA            004a7048     w32_snd.obj
 0003:0002604c       ?bBeepFlag@@3HA            004a704c     w32_snd.obj
 0003:00026050       ?bKeyEncBeepFlag@@3HA      004a7050     w32_snd.obj
 0003:00026054       ?bTHGUse@@3HA              004a7054     w32_snd.obj
 0003:00026058       ?bPartMute@@3PAY05HA       004a7058     w32_snd.obj
 0003:000260a0       ?nBeepLevel@@3HA           004a70a0     w32_snd.obj
 0003:000260a4       ?nCMTLevel@@3HA            004a70a4     w32_snd.obj
 0003:000260a8       ?nWaveLevel@@3HA           004a70a8     w32_snd.obj
 0003:000260ac       ?bTapeFlag@@3HA            004a70ac     w32_snd.obj
 0003:000260b0       ?bTapeFlag2@@3HA           004a70b0     w32_snd.obj
 0003:000260b4       ?bRomeoMute@@3HA           004a70b4     w32_snd.obj
 0003:000260b8       ?pDACbuf@@3PAEA            004a70b8     w32_snd.obj
 0003:000260bc       ?dwDACptr@@3KA             004a70bc     w32_snd.obj
 0003:000260c0       ?OPNqueue@@3PAU_FMqueue@@A 004a70c0     w32_snd.obj
 0003:000270c0       ?uOPNqueuePtr@@3HA         004a80c0     w32_snd.obj
 0003:000270c4       ?uWHGqueuePtr@@3HA         004a80c4     w32_snd.obj
 0003:000270c8       ?WHGqueue@@3PAU_FMqueue@@A 004a80c8     w32_snd.obj
 0003:000280c8       ?THGqueue@@3PAU_FMqueue@@A 004a90c8     w32_snd.obj
 0003:000290c8       ?uTHGqueuePtr@@3HA         004aa0c8     w32_snd.obj
 0003:000290cc       ?Wav@@3PAU_WAVDATA@@A      004aa0cc     w32_snd.obj
 0003:000290f0       ?WavP@@3PAU_WAVPLAY@@A     004aa0f0     w32_snd.obj
 0003:00029280       ?romeo@@3U_ROMEO@@A        004aa280     juliet.obj
 0003:000292e0       ?OpnCmnBuf@@3PAU_CmnBuf@@A 004aa2e0     juliet.obj
 0003:000a92e0       ?OpnNumCmnd@@3HC           0052a2e0     juliet.obj
 0003:000a92e4       ?OpnCmndReadIdx@@3HA       0052a2e4     juliet.obj
 0003:000a92e8       ?OpnCmndWriteIdx@@3HA      0052a2e8     juliet.obj
 0003:000a92ec       ?fnum_buff@@3PAEA          0052a2ec     juliet.obj
 0003:000a930c       ?psg_buff@@3PAEA           0052a30c     juliet.obj
 0003:000a931c       ?CSMmode@@3HA              0052a31c     juliet.obj
 0003:000a9320       ?fnum_tbl@@3PAEA           0052a320     juliet.obj
 0003:000aa320       ?psgfreq_tbl@@3PAGA        0052b320     juliet.obj
 0003:000d1844       ?Prescaler@@3PAHA          00552844     juliet.obj
 0003:000d1850       _GS_ExceptionRecord        00552850     LIBCMT:gs_report.obj
 0003:000d18a0       _GS_ContextRecord          005528a0     LIBCMT:gs_report.obj
 0003:000d1b7c       ?module_local_atexit_table@@3U_onexit_table_t@@A 00552b7c     LIBCMT:utility.obj
 0003:000d1b88       ?module_local_at_quick_exit_table@@3U_onexit_table_t@@A 00552b88     LIBCMT:utility.obj
 0003:000d1b94       ?module_local_atexit_table_initialized@@3_NA 00552b94     LIBCMT:utility.obj
 0003:000d1b95       ?is_initialized_as_dll@@3_NA 00552b95     LIBCMT:utility.obj
 0003:000d1bac       ?__vcrt_startup_thread_ptd@@3U__vcrt_ptd@@A 00552bac     libvcruntime:per_thread_data.obj
 0003:000d1bd4       ___vcrt_lock_table         00552bd4     libvcruntime:locks.obj
 0003:000d1bec       ___vcrt_locks_initialized  00552bec     libvcruntime:locks.obj
 0003:000d1bf0       ?module_handles@@3PAPAUHINSTANCE__@@A 00552bf0     libvcruntime:winapi_downlevel.obj
 0003:000d1bfc       ?encoded_function_pointers@@3PAPAXA 00552bfc     libvcruntime:winapi_downlevel.obj
 0003:000d1c3c       ?heap@@3V_HeapManager@@A   00552c3c     libvcruntime:undname.obj
 0003:000d1c50       ?__acrt_new_handler@@3V?$dual_state_global@P6AHI@Z@__crt_state_management@@A 00552c50     libucrt:new_handler.obj
 0003:000d1c54       ?__acrt_app_type@@3W4_crt_app_type@@A 00552c54     libucrt:report_runtime_error.obj
 0003:000d1c58       ?user_matherr@@3V?$dual_state_global@P6AHPAU_exception@@@Z@__crt_state_management@@A 00552c58     libucrt:matherr.obj
 0003:000d1c60       ?program_name@?1???$common_configure_argv@D@@YAHW4_crt_argv_mode@@@Z@4PADA 00552c60     libucrt:argv_parsing.obj
 0003:000d1d78       ?empty_string@?1???$common_wincmdln@E@@YAPAEXZ@4PAEA 00552d78     libucrt:argv_winmain.obj
 0003:000d1d7c       ?c_termination_complete@@3JA 00552d7c     libucrt:exit.obj
 0003:000d1d80       ?thread_local_exit_callback_func@@3P6GXPAXK0@ZA 00552d80     libucrt:exit.obj
 0003:000d1d8c       ?__acrt_global_new_mode@@3V?$dual_state_global@J@__crt_state_management@@A 00552d8c     libucrt:new_mode.obj
 0003:000d1dac       ?__acrt_invalid_parameter_handler@@3V?$dual_state_global@P6AXPB_W00II@Z@__crt_state_management@@A 00552dac     libucrt:invalid_parameter.obj
 0003:000d1dbc       ?_tzname@@3V?$dual_state_global@PAPAD@__crt_state_management@@A 00552dbc     libucrt:timeset.obj
 0003:000d1dc0       ?last_tz@@3PADA            00552dc0     libucrt:tzset.obj
 0003:000d1dc8       ?tz_api_used@@3HA          00552dc8     libucrt:tzset.obj
 0003:000d1dd0       ?tz_info@@3U_TIME_ZONE_INFORMATION@@A 00552dd0     libucrt:tzset.obj
 0003:000d1e7c       ?first_time@?1??__tzset@@9@4JA 00552e7c     libucrt:tzset.obj
 0003:000d1e80       ?module_handles@@3PAPAUHINSTANCE__@@A 00552e80     libucrt:winapi_thunks.obj
 0003:000d1ed0       ?encoded_function_pointers@@3PAPAXA 00552ed0     libucrt:winapi_thunks.obj
 0003:000d1f58       __pmatherr_set             00552f58     libucrt:libm_error.obj
 0003:000d1f64       ?enable_percent_n@@3IA     00552f64     libucrt:printf_count_output.obj
 0003:000d217c       ?state_cache@?1???$get_cached_win_policy@Ubegin_thread_init_policy_properties@?1??__acrt_get_begin_thread_init_policy@@YA?AW4begin_thread_init_policy@@XZ@@@YA?AW4begin_thread_init_policy@@W4AppPolicyThreadInitializationType@@@Z@4JA 0055317c     libucrt:win_policies.obj
 0003:000d2180       ?__acrt_lock_table@@3PAU_RTL_CRITICAL_SECTION@@A 00553180     libucrt:locks.obj
 0003:000d22d0       ?__acrt_locks_initialized@@3IA 005532d0     libucrt:locks.obj
 0003:000d22e0       ?fSystemSet@@3HA           005532e0     libucrt:mbctype.obj
 0003:000d22e4       ?initialized@?1??__acrt_initialize_multibyte@@9@4_NA 005532e4     libucrt:mbctype.obj
 0003:000d2310       ?ctrlc_action@@3V?$dual_state_global@P6AXH@Z@__crt_state_management@@A 00553310     libucrt:signal.obj
 0003:000d2314       ?ctrlbreak_action@@3V?$dual_state_global@P6AXH@Z@__crt_state_management@@A 00553314     libucrt:signal.obj
 0003:000d2318       ?abort_action@@3V?$dual_state_global@P6AXH@Z@__crt_state_management@@A 00553318     libucrt:signal.obj
 0003:000d231c       ?term_action@@3V?$dual_state_global@P6AXH@Z@__crt_state_management@@A 0055331c     libucrt:signal.obj
 0004:00000000       INF_c_1917_0_4             0055e000     LIBCMT:_svml_dpow2_sse2_.obj
 0004:00000010       QNaN_c_1917_0_4            0055e010     LIBCMT:_svml_dpow2_sse2_.obj
 0005:00001990       $R000000                   00560990     w32_res.res
 0005:00002538       $R000BA8                   00561538     w32_res.res
 0005:000032b8       $R001928                   005622b8     w32_res.res
 0005:00003360       $R0019D0                   00562360     w32_res.res
 0005:00003428       $R001A98                   00562428     w32_res.res
 0005:000034f8       $R001B68                   005624f8     w32_res.res
 0005:00003628       $R001C98                   00562628     w32_res.res
 0005:00003830       $R001EA0                   00562830     w32_res.res
 0005:00003ad8       $R002148                   00562ad8     w32_res.res
 0005:00003f70       $R0025E0                   00562f70     w32_res.res
 0005:000040b8       $R002728                   005630b8     w32_res.res
 0005:00004478       $R002AE8                   00563478     w32_res.res
 0005:00004540       $R002BB0                   00563540     w32_res.res
 0005:000045f8       $R002C68                   005635f8     w32_res.res
 0005:00004768       $R002DD8                   00563768     w32_res.res
 0005:00004820       $R002E90                   00563820     w32_res.res
 0005:000049b8       $R003028                   005639b8     w32_res.res
 0005:00004a90       $R003100                   00563a90     w32_res.res
 0005:00004bd0       $R003240                   00563bd0     w32_res.res
 0005:00004c68       $R0032D8                   00563c68     w32_res.res
 0005:00005058       $R0036C8                   00564058     w32_res.res
 0005:00005518       $R003B88                   00564518     w32_res.res
 0005:00005920       $R003F90                   00564920     w32_res.res
 0005:00005b30       $R0041A0                   00564b30     w32_res.res
 0005:00005c38       $R0042A8                   00564c38     w32_res.res
 0005:00005fa0       $R004610                   00564fa0     w32_res.res
 0005:00006238       $R0048A8                   00565238     w32_res.res
 0005:00006508       $R004B78                   00565508     w32_res.res
 0005:00006718       $R004D88                   00565718     w32_res.res
 0005:00006a78       $R0050E8                   00565a78     w32_res.res
 0005:00006c70       $R0052E0                   00565c70     w32_res.res
 0005:00006f50       $R0055C0                   00565f50     w32_res.res
 0005:00007238       $R0058A8                   00566238     w32_res.res
 0005:00007ae0       $R006150                   00566ae0     w32_res.res
 0005:00007b08       $R006178                   00566b08     w32_res.res
 0005:00007df0       $R006460                   00566df0     w32_res.res
 0005:00008698       $R006D08                   00567698     w32_res.res
 0005:000086c0       $R006D30                   005676c0     w32_res.res
 0005:000089a8       $R007018                   005679a8     w32_res.res
 0005:000089c0       $R007030                   005679c0     w32_res.res
 0005:00008ca8       $R007318                   00567ca8     w32_res.res
 0005:00008cc0       $R007330                   00567cc0     w32_res.res
 0005:00008fa8       $R007618                   00567fa8     w32_res.res
 0005:00008fc0       $R007630                   00567fc0     w32_res.res
 0005:000092a8       $R007918                   005682a8     w32_res.res
 0005:000092c0       $R007930                   005682c0     w32_res.res
 0005:00009f68       $R0085D8                   00568f68     w32_res.res
 0005:00009f80       $R0085F0                   00568f80     w32_res.res
 0005:0000ac28       $R009298                   00569c28     w32_res.res
 0005:0000ac40       $R0092B0                   00569c40     w32_res.res
 0005:0000b8e8       $R009F58                   0056a8e8     w32_res.res
 0005:0000b900       $R009F70                   0056a900     w32_res.res
 0005:0000c5a8       $R00AC18                   0056b5a8     w32_res.res
 0005:0000c5c0       $R00AC30                   0056b5c0     w32_res.res
 0005:0000d268       $R00B8D8                   0056c268     w32_res.res
 0005:0000d280       $R00B8F0                   0056c280     w32_res.res
 0005:0000df28       $R00C598                   0056cf28     w32_res.res
 0005:0000df40       $R00C5B0                   0056cf40     w32_res.res
 0005:0000ebe8       $R00D258                   0056dbe8     w32_res.res
 0005:0000ec00       $R00D270                   0056dc00     w32_res.res
 0005:0000eee8       $R00D558                   0056dee8     w32_res.res
 0005:0000ef00       $R00D570                   0056df00     w32_res.res
 0005:0000f1e8       $R00D858                   0056e1e8     w32_res.res
 0005:0000f200       $R00D870                   0056e200     w32_res.res
 0005:0000f4e8       $R00DB58                   0056e4e8     w32_res.res
 0005:0000f500       $R00DB70                   0056e500     w32_res.res
 0005:0000f7e8       $R00DE58                   0056e7e8     w32_res.res
 0005:0000f800       $R00DE70                   0056e800     w32_res.res
 0005:0000fae8       $R00E158                   0056eae8     w32_res.res
 0005:0000fb00       $R00E170                   0056eb00     w32_res.res
 0005:0000fde8       $R00E458                   0056ede8     w32_res.res
 0005:0000fe00       $R00E470                   0056ee00     w32_res.res
 0005:000100e8       $R00E758                   0056f0e8     w32_res.res
 0005:00010100       $R00E770                   0056f100     w32_res.res
 0005:000103e8       $R00EA58                   0056f3e8     w32_res.res
 0005:00010400       $R00EA70                   0056f400     w32_res.res
 0005:000106e8       $R00ED58                   0056f6e8     w32_res.res
 0005:00010700       $R00ED70                   0056f700     w32_res.res
 0005:000109e8       $R00F058                   0056f9e8     w32_res.res
 0005:00010a00       $R00F070                   0056fa00     w32_res.res
 0005:00010ce8       $R00F358                   0056fce8     w32_res.res
 0005:00010d00       $R00F370                   0056fd00     w32_res.res
 0005:00010fe8       $R00F658                   0056ffe8     w32_res.res
 0005:00011000       $R00F670                   00570000     w32_res.res
 0005:000112e8       $R00F958                   005702e8     w32_res.res
 0005:00011300       $R00F970                   00570300     w32_res.res
 0005:000115e8       $R00FC58                   005705e8     w32_res.res
 0005:00011600       $R00FC70                   00570600     w32_res.res
 0005:000118e8       $R00FF58                   005708e8     w32_res.res
 0005:00011900       $R00FF70                   00570900     w32_res.res
 0005:00011be8       $R010258                   00570be8     w32_res.res
 0005:00011c00       $R010270                   00570c00     w32_res.res
 0005:00012090       $R010700                   00571090     w32_res.res
 0005:000121c8       $R010838                   005711c8     w32_res.res
 0005:00012280       $R0108F0                   00571280     w32_res.res
 0005:00012310       $R010980                   00571310     w32_res.res
 0005:00012368       $R0109D8                   00571368     w32_res.res
 0005:000123d0       $R010A40                   005713d0     w32_res.res
 0005:00012430       $R010AA0                   00571430     w32_res.res
 0005:000124c8       $R010B38                   005714c8     w32_res.res
 0005:00012690       $R010D00                   00571690     w32_res.res
 0005:00012810       $R010E80                   00571810     w32_res.res
 0005:00012988       $R010FF8                   00571988     w32_res.res
 0005:00012a80       $R0110F0                   00571a80     w32_res.res
 0005:00012cd8       $R011348                   00571cd8     w32_res.res
 0005:00012f00       $R011570                   00571f00     w32_res.res
 0005:000130a8       $R011718                   005720a8     w32_res.res
 0005:000131d0       $R011840                   005721d0     w32_res.res
 0005:00013330       $R0119A0                   00572330     w32_res.res
 0005:00013368       $R0119D8                   00572368     w32_res.res
 0005:00013630       $R011CA0                   00572630     w32_res.res
 0005:00013820       $R011E90                   00572820     w32_res.res
 0005:00013938       $R011FA8                   00572938     w32_res.res
 0005:00013af0       $R012160                   00572af0     w32_res.res
 0005:00013bb8       $R012228                   00572bb8     w32_res.res
 0005:00013fd0       $R012640                   00572fd0     w32_res.res
 0005:00014258       $R0128C8                   00573258     w32_res.res
 0005:00014358       $R0129C8                   00573358     w32_res.res
 0005:00014508       $R012B78                   00573508     w32_res.res
 0005:00014588       $R012BF8                   00573588     w32_res.res
 0005:000147c0       $R012E30                   005737c0     w32_res.res
 0005:000149b0       $R013020                   005739b0     w32_res.res
 0005:00014b30       $R0131A0                   00573b30     w32_res.res
 0005:00014bc0       $R013230                   00573bc0     w32_res.res
 0005:00014c78       $R0132E8                   00573c78     w32_res.res
 0005:00014f38       $R0135A8                   00573f38     w32_res.res
 0005:00015138       $R0137A8                   00574138     w32_res.res
 0005:000154a0       $R013B10                   005744a0     w32_res.res
 0005:00015600       $R013C70                   00574600     w32_res.res
 0005:00015678       $R013CE8                   00574678     w32_res.res
 0005:00015760       $R013DD0                   00574760     w32_res.res
 0005:000157f8       $R013E68                   005747f8     w32_res.res
 0005:000158a8       $R013F18                   005748a8     w32_res.res
 0005:00015af8       $R014168                   00574af8     w32_res.res
