 XM7

 Timestamp is 5b67a35b (Sun Aug  5 20:24:43 2018)

 Preferred load address is 00400000

 Start         Length     Name                   Class
 0001:00000000 000099b0H .text                   CODE
 0001:000099b0 0005f2bbH .text$mn                CODE
 0001:00068c6b 00000000H .text$x                 CODE
 0002:00000000 00000468H .idata$5                DATA
 0002:00000468 00000004H .00cfg                  DATA
 0002:0000046c 00000004H .CRT$XCA                DATA
 0002:00000470 00000004H .CRT$XCAA               DATA
 0002:00000474 00000004H .CRT$XCZ                DATA
 0002:00000478 00000004H .CRT$XIA                DATA
 0002:0000047c 00000004H .CRT$XIAA               DATA
 0002:00000480 00000004H .CRT$XIAC               DATA
 0002:00000484 00000010H .CRT$XIC                DATA
 0002:00000494 00000004H .CRT$XIZ                DATA
 0002:00000498 00000004H .CRT$XPA                DATA
 0002:0000049c 00000008H .CRT$XPX                DATA
 0002:000004a4 00000004H .CRT$XPXA               DATA
 0002:000004a8 00000004H .CRT$XPZ                DATA
 0002:000004ac 00000004H .CRT$XTA                DATA
 0002:000004b0 00000010H .CRT$XTZ                DATA
 0002:000004b4 00000000H .gfids$y                DATA
 0002:000004c0 000145c0H .rdata                  DATA
 0002:00014a80 000001c0H .rdata$r                DATA
 0002:00014c40 000002bcH .rdata$zzzdbg           DATA
 0002:00014efc 00000004H .rtc$IAA                DATA
 0002:00014f00 00000004H .rtc$IZZ                DATA
 0002:00014f04 00000004H .rtc$TAA                DATA
 0002:00014f08 00000008H .rtc$TZZ                DATA
 0002:00014f10 0000054cH .xdata$x                DATA
 0002:0001545c 00000000H .edata                  DATA
 0002:0001545c 000000f0H .idata$2                DATA
 0002:0001554c 00000014H .idata$3                DATA
 0002:00015560 00000468H .idata$4                DATA
 0002:000159c8 000012a6H .idata$6                DATA
 0003:00000000 00002ca0H .data                   DATA
 0003:00002ca0 000000c0H .data$r                 DATA
 0003:00002d60 000da040H .bss                    DATA
 0004:00000000 00000020H _RDATA                  DATA
 0005:00000000 00001930H .rsrc$01                DATA
 0005:00001930 00013058H .rsrc$02                DATA

  Address         Publics by Value              Rva+Base       Lib:Object

 0000:00000000       ___enclave_config          00000000     <absolute>
 0000:00000000       __except_list              00000000     <absolute>
 0000:00000000       ___guard_fids_count        00000000     <absolute>
 0000:00000000       ___guard_longjmp_count     00000000     <absolute>
 0000:00000000       ___hybrid_code_map         00000000     <absolute>
 0000:00000000       ___guard_longjmp_table     00000000     <absolute>
 0000:00000000       ___guard_iat_table         00000000     <absolute>
 0000:00000000       ___guard_iat_count         00000000     <absolute>
 0000:00000000       ___hybrid_auxiliary_iat    00000000     <absolute>
 0000:00000000       ___safe_se_handler_table   00000000     <absolute>
 0000:00000000       ___dynamic_value_reloc_table 00000000     <absolute>
 0000:00000000       ___guard_fids_table        00000000     <absolute>
 0000:00000000       ___safe_se_handler_count   00000000     <absolute>
 0000:00000000       ___hybrid_code_map_count   00000000     <absolute>
 0000:00000100       ___guard_flags             00000100     <absolute>
 0000:00000000       ___ImageBase               00400000     <linker-defined>
 0001:000051f8       _main_line                 004061f8     cpu_x86.obj
 0001:0000520c       _sub_line                  0040620c     cpu_x86.obj
 0001:00005220       _main_exec                 00406220     cpu_x86.obj
 0001:0000523c       _sub_exec                  0040623c     cpu_x86.obj
 0001:00005258       _main_reset                00406258     cpu_x86.obj
 0001:0000526c       _sub_reset                 0040626c     cpu_x86.obj
 0001:00005280       _memcpy400l                00406280     vm_sub.obj
 0001:000052b0       _CopySndBufMMX             004062b0     w32_sub.obj
 0001:000052f4       _CopySndBuf                004062f4     w32_sub.obj
 0001:00005344       _CheckMMX                  00406344     w32_sub.obj
 0001:0000534c       _CheckCMOV                 0040634c     w32_sub.obj
 0001:00005380       _Render640DD2              00406380     ddrend16.obj
 0001:000054e8       _Render640wDD2             004064e8     ddrend16.obj
 0001:00005680       _Render320DD               00406680     ddrend16.obj
 0001:000057cc       _Render320wDD              004067cc     ddrend16.obj
 0001:00005948       _Render256k555DD           00406948     ddrend16.obj
 0001:00005b10       _Render256k565DD           00406b10     ddrend16.obj
 0001:00005ce4       _Render640cDD              00406ce4     ddrend16.obj
 0001:00005f3c       _Render640cwDD             00406f3c     ddrend16.obj
 0001:000061d0       _Render640Tc24DD2          004071d0     ddrend24.obj
 0001:00006388       _Render640wTc24DD2         00407388     ddrend24.obj
 0001:00006570       _Render320Tc24DD           00407570     ddrend24.obj
 0001:000066cc       _Render320wTc24DD          004076cc     ddrend24.obj
 0001:00006850       _Render256kTc24DD          00407850     ddrend24.obj
 0001:00006a20       _Render640cTc24DD          00407a20     ddrend24.obj
 0001:00006d20       _Render640cwTc24DD         00407d20     ddrend24.obj
 0001:00007050       _Render640Tc32DD2          00408050     ddrend32.obj
 0001:000071a8       _Render640wTc32DD2         004081a8     ddrend32.obj
 0001:00007330       _Render320Tc32DD           00408330     ddrend32.obj
 0001:00007480       _Render320wTc32DD          00408480     ddrend32.obj
 0001:00007600       _Render256kTc32DD          00408600     ddrend32.obj
 0001:000077d0       _Render640cTc32DD          004087d0     ddrend32.obj
 0001:00007a08       _Render640cwTc32DD         00408a08     ddrend32.obj
 0001:00007c80       _Render640GDI2             00408c80     gdi_rend.obj
 0001:00007d90       _Render640wGDI2            00408d90     gdi_rend.obj
 0001:00007ecc       _Render320GDI              00408ecc     gdi_rend.obj
 0001:0000800c       _Render320GDI32bpp         0040900c     gdi_rend.obj
 0001:00008150       _Render320wGDI             00409150     gdi_rend.obj
 0001:000082c4       _Render320wGDI32bpp        004092c4     gdi_rend.obj
 0001:0000843c       _Render256kGDI             0040943c     gdi_rend.obj
 0001:000085fc       _Render640cGDI             004095fc     gdi_rend.obj
 0001:00008784       _Render640cwGDI            00409784     gdi_rend.obj
 0001:0000a7a0       @mainetc_cleanup@0         0040b7a0 f   mainetc.obj
 0001:0000a7a0       @rtc_cleanup@0             0040b7a0 f   rtc.obj
 0001:0000a7a0       @schedule_cleanup@0        0040b7a0 f   schedule.obj
 0001:0000a7a0       @subcpu_cleanup@0          0040b7a0 f   subcpu.obj
 0001:0000a7a0       @dmac_cleanup@0            0040b7a0 f   dmac.obj
 0001:0000a7a0       @mos_cleanup@0             0040b7a0 f   mouse.obj
 0001:0000a7a0       @mmr_cleanup@0             0040b7a0 f   mmr.obj
 0001:0000a7a0       __initialize_denormal_control 0040b7a0 f   LIBCMT:denormal_control.obj
 0001:0000a7a0       @midi_cleanup@0            0040b7a0 f   midi.obj
 0001:0000a7a0       @digitize_notify@0         0040b7a0 f   w32_draw.obj
 0001:0000a7a0       @aluline_cleanup@0         0040b7a0 f   aluline.obj
 0001:0000a7a0       __initialize_invalid_parameter_handler 0040b7a0 f   LIBCMT:invalid_parameter_handler.obj
 0001:0000a7a0       @_guard_check_icall_nop@4  0040b7a0 f   LIBCMT:guard_support.obj
 0001:0000a7a0       @multipag_cleanup@0        0040b7a0 f   multipag.obj
 0001:0000a7a0       @keyboard_cleanup@0        0040b7a0 f   keyboard.obj
 0001:0000a7a0       @ttlpalet_cleanup@0        0040b7a0 f   ttlpalet.obj
 0001:0000a7a0       @apalet_cleanup@0          0040b7a0 f   apalet.obj
 0001:0000a7a0       @subctrl_cleanup@0         0040b7a0 f   subctrl.obj
 0001:0000a7a0       @ptm_cleanup@0             0040b7a0 f   ptm.obj
 0001:0000a7a0       ??1PSG@@QAE@XZ             0040b7a0 f   psg.obj
 0001:0000a7a0       @maincpu_cleanup@0         0040b7a0 f   maincpu.obj
 0001:0000a7d0       @aluline_exec@4            0040b7d0 f   aluline.obj
 0001:0000a890       @aluline_extrb@4           0040b890 f   aluline.obj
 0001:0000a8f0       @aluline_init@0            0040b8f0 f   aluline.obj
 0001:0000aaa0       @aluline_load@8            0040baa0 f   aluline.obj
 0001:0000ac80       @aluline_readb@8           0040bc80 f   aluline.obj
 0001:0000ad40       @aluline_reset@0           0040bd40 f   aluline.obj
 0001:0000ade0       @aluline_save@4            0040bde0 f   aluline.obj
 0001:0000af10       @aluline_writeb@8          0040bf10 f   aluline.obj
 0001:0000b240       @dmac_init@0               0040c240 f   dmac.obj
 0001:0000b240       @apalet_init@0             0040c240 f   apalet.obj
 0001:0000b240       @multipag_init@0           0040c240 f   multipag.obj
 0001:0000b240       @ptm_init@0                0040c240 f   ptm.obj
 0001:0000b240       @mainetc_init@0            0040c240 f   mainetc.obj
 0001:0000b240       @ttlpalet_init@0           0040c240 f   ttlpalet.obj
 0001:0000b250       @apalet_load@8             0040c250 f   apalet.obj
 0001:0000b2c0       @apalet_readb@8            0040c2c0 f   apalet.obj
 0001:0000b380       @apalet_reset@0            0040c380 f   apalet.obj
 0001:0000b3c0       @apalet_save@4             0040c3c0 f   apalet.obj
 0001:0000b420       @apalet_writeb@8           0040c420 f   apalet.obj
 0001:0000b510       @disline@12                0040c510 f   disasm.obj
 0001:0000d590       @display_cleanup@0         0040e590 f   display.obj
 0001:0000d5b0       @display_init@0            0040e5b0 f   display.obj
 0001:0000d5f0       @display_load@8            0040e5f0 f   display.obj
 0001:0000d8f0       @display_readb@8           0040e8f0 f   display.obj
 0001:0000db00       @display_reset@0           0040eb00 f   display.obj
 0001:0000dc80       @display_save@4            0040ec80 f   display.obj
 0001:0000ded0       @display_setpointer@4      0040eed0 f   display.obj
 0001:0000e160       @display_writeb@8          0040f160 f   display.obj
 0001:0000e680       @fix_vram_address@0        0040f680 f   display.obj
 0001:0000e970       @window_clip@4             0040f970 f   display.obj
 0001:0000e9f0       @fdc_cleanup@0             0040f9f0 f   fdc.obj
 0001:0000eb50       @fdc_init@0                0040fb50 f   fdc.obj
 0001:0000ec00       @fdc_load@8                0040fc00 f   fdc.obj
 0001:000102e0       @fdc_readb@8               004112e0 f   fdc.obj
 0001:00010c80       @fdc_reset@0               00411c80 f   fdc.obj
 0001:00010d20       @fdc_save@4                00411d20 f   fdc.obj
 0001:00011050       @fdc_setdisk@8             00412050 f   fdc.obj
 0001:000113b0       @fdc_setmedia@8            004123b0 f   fdc.obj
 0001:00011630       @fdc_setwritep@8           00412630 f   fdc.obj
 0001:00011ad0       @fdc_writeb@8              00412ad0 f   fdc.obj
 0001:000121c0       @jcard_cleanup@0           004131c0 f   jcard.obj
 0001:00012220       @jcard_init@0              00413220 f   jcard.obj
 0001:000123d0       @jcard_load@8              004133d0 f   jcard.obj
 0001:00012490       @jcard_readb@4             00413490 f   jcard.obj
 0001:00012570       @jcard_reset@0             00413570 f   jcard.obj
 0001:000125a0       @jcard_save@4              004135a0 f   jcard.obj
 0001:00012620       @jcard_writeb@8            00413620 f   jcard.obj
 0001:00012670       @kanji_cleanup@0           00413670 f   kanji.obj
 0001:000126b0       @kanji_init@0              004136b0 f   kanji.obj
 0001:00012810       @kanji_load@8              00413810 f   kanji.obj
 0001:00012830       @kanji_readb@8             00413830 f   kanji.obj
 0001:00012930       @kanji_reset@0             00413930 f   kanji.obj
 0001:00012940       @kanji_save@4              00413940 f   kanji.obj
 0001:00012960       @kanji_writeb@8            00413960 f   kanji.obj
 0001:00012a70       @keyboard_break@4          00413a70 f   keyboard.obj
 0001:00012b90       @keyboard_init@0           00413b90 f   keyboard.obj
 0001:00012ba0       @keyboard_load@8           00413ba0 f   keyboard.obj
 0001:00012f20       @keyboard_make@4           00413f20 f   keyboard.obj
 0001:00013150       @keyboard_paste@4          00414150 f   keyboard.obj
 0001:00013190       @keyboard_readb@8          00414190 f   keyboard.obj
 0001:000132e0       @keyboard_repeat@0         004142e0 f   keyboard.obj
 0001:00013300       @keyboard_reset@0          00414300 f   keyboard.obj
 0001:00013410       @keyboard_save@4           00414410 f   keyboard.obj
 0001:00013680       @keyboard_to_fm16b@4       00414680 f   keyboard.obj
 0001:000137f0       @keyboard_to_fm7@4         004147f0 f   keyboard.obj
 0001:00013960       @keyboard_to_scan@4        00414960 f   keyboard.obj
 0001:00013bb0       @keyboard_writeb@8         00414bb0 f   keyboard.obj
 0001:00014190       @maincpu_exec@0            00415190 f   maincpu.obj
 0001:000141e0       @maincpu_execline@0        004151e0 f   maincpu.obj
 0001:00014230       @maincpu_firq@0            00415230 f   maincpu.obj
 0001:00014260       @maincpu_init@0            00415260 f   maincpu.obj
 0001:00014280       @maincpu_irq@0             00415280 f   maincpu.obj
 0001:00014310       @maincpu_load@8            00415310 f   maincpu.obj
 0001:000143f0       @maincpu_reset@0           004153f0 f   maincpu.obj
 0001:00014400       @maincpu_save@4            00415400 f   maincpu.obj
 0001:000144e0       @mainetc_beep@0            004154e0 f   mainetc.obj
 0001:00014540       @mainetc_fdc@0             00415540 f   mainetc.obj
 0001:00014560       @mainetc_load@8            00415560 f   mainetc.obj
 0001:00014770       @mainetc_lp@0              00415770 f   mainetc.obj
 0001:00014790       @mainetc_readb@8           00415790 f   mainetc.obj
 0001:000148d0       @mainetc_reset@0           004158d0 f   mainetc.obj
 0001:000149d0       @mainetc_save@4            004159d0 f   mainetc.obj
 0001:00014b90       @mainetc_writeb@8          00415b90 f   mainetc.obj
 0001:00014c80       @mainmem_cleanup@0         00415c80 f   mainmem.obj
 0001:00014d30       @mainmem_init@0            00415d30 f   mainmem.obj
 0001:000151b0       @mainmem_load@8            004161b0 f   mainmem.obj
 0001:000152c0       @mainmem_readb@4           004162c0 f   mainmem.obj
 0001:00015560       @mainmem_readbnio@4        00416560 f   mainmem.obj
 0001:000156a0       @mainmem_readbnio_p@4      004166a0 f   mainmem.obj
 0001:000158d0       @mainmem_reset@0           004168d0 f   mainmem.obj
 0001:00015a30       @mainmem_save@4            00416a30 f   mainmem.obj
 0001:00015b30       @mainmem_transfer_boot@0   00416b30 f   mainmem.obj
 0001:00015b80       @mainmem_writeb@8          00416b80 f   mainmem.obj
 0001:00015e00       @mainmem_writeb_p@8        00416e00 f   mainmem.obj
 0001:00015ee0       @mos_init@0                00416ee0 f   mouse.obj
 0001:00015f00       @mos_load@8                00416f00 f   mouse.obj
 0001:00016000       @mos_readdata@4            00417000 f   mouse.obj
 0001:000160b0       @mos_reset@0               004170b0 f   mouse.obj
 0001:000160f0       @mos_save@4                004170f0 f   mouse.obj
 0001:00016180       @mos_strobe_signal@4       00417180 f   mouse.obj
 0001:00016200       @mouse_readb@8             00417200 f   mouse.obj
 0001:000162e0       @mouse_writeb@8            004172e0 f   mouse.obj
 0001:00016330       @mmr_extbnio@8             00417330 f   mmr.obj
 0001:00016460       @mmr_extrb@8               00417460 f   mmr.obj
 0001:00016590       @mmr_extwb@8               00417590 f   mmr.obj
 0001:00016690       @mmr_init@0                00417690 f   mmr.obj
 0001:000166d0       @mmr_load@8                004176d0 f   mmr.obj
 0001:00016840       @mmr_readb@8               00417840 f   mmr.obj
 0001:00016a50       @mmr_reset@0               00417a50 f   mmr.obj
 0001:00016ac0       @mmr_save@4                00417ac0 f   mmr.obj
 0001:00016be0       @mmr_trans_mmr@4           00417be0 f   mmr.obj
 0001:00016c40       @mmr_trans_phys_to_logi@4  00417c40 f   mmr.obj
 0001:00016ca0       @mmr_trans_twr@8           00417ca0 f   mmr.obj
 0001:00016ce0       @mmr_writeb@8              00417ce0 f   mmr.obj
 0001:000170a0       @multipag_load@8           004180a0 f   multipag.obj
 0001:000170c0       @multipag_readb@8          004180c0 f   multipag.obj
 0001:000170e0       @multipag_reset@0          004180e0 f   multipag.obj
 0001:000170f0       @multipag_save@4           004180f0 f   multipag.obj
 0001:00017100       @multipag_writeb@8         00418100 f   multipag.obj
 0001:00017150       @opn_cleanup@0             00418150 f   opn.obj
 0001:000171b0       @opn_init@0                004181b0 f   opn.obj
 0001:000171f0       @opn_load@8                004181f0 f   opn.obj
 0001:00017510       @opn_readb@8               00418510 f   opn.obj
 0001:000175c0       @opn_reset@0               004185c0 f   opn.obj
 0001:00017900       @opn_save@4                00418900 f   opn.obj
 0001:00017d60       @opn_writeb@8              00418d60 f   opn.obj
 0001:00018130       @thg_cleanup@0             00419130 f   opn.obj
 0001:00018190       @thg_init@0                00419190 f   opn.obj
 0001:000181b0       @thg_load@8                004191b0 f   opn.obj
 0001:000182b0       @thg_readb@8               004192b0 f   opn.obj
 0001:000183b0       @thg_reset@0               004193b0 f   opn.obj
 0001:00018540       @thg_save@4                00419540 f   opn.obj
 0001:00018620       @thg_writeb@8              00419620 f   opn.obj
 0001:000187b0       @whg_cleanup@0             004197b0 f   opn.obj
 0001:00018810       @whg_init@0                00419810 f   opn.obj
 0001:00018830       @whg_load@8                00419830 f   opn.obj
 0001:00018920       @whg_readb@8               00419920 f   opn.obj
 0001:00018a20       @whg_reset@0               00419a20 f   opn.obj
 0001:00018bb0       @whg_save@4                00419bb0 f   opn.obj
 0001:00018c90       @whg_writeb@8              00419c90 f   opn.obj
 0001:00019010       @ptm_load@8                0041a010 f   ptm.obj
 0001:000191e0       @ptm_readb@8               0041a1e0 f   ptm.obj
 0001:000192f0       @ptm_reset@0               0041a2f0 f   ptm.obj
 0001:000193d0       @ptm_save@4                0041a3d0 f   ptm.obj
 0001:00019500       @ptm_writeb@8              0041a500 f   ptm.obj
 0001:00019630       @rs232c_calc_timing@0      0041a630 f   rs232c.obj
 0001:000196f0       @rs232c_load@8             0041a6f0 f   rs232c.obj
 0001:00019830       @rs232c_readb@8            0041a830 f   rs232c.obj
 0001:00019910       @rs232c_reset@0            0041a910 f   rs232c.obj
 0001:000199a0       @rs232c_rxrdy@4            0041a9a0 f   rs232c.obj
 0001:000199e0       @rs232c_rxrdy_event@0      0041a9e0 f   rs232c.obj
 0001:00019a10       @rs232c_rxrdy_request@0    0041aa10 f   rs232c.obj
 0001:00019a30       @rs232c_save@4             0041aa30 f   rs232c.obj
 0001:00019af0       @rs232c_syndet@4           0041aaf0 f   rs232c.obj
 0001:00019b30       @rs232c_txempty_event@0    0041ab30 f   rs232c.obj
 0001:00019b70       @rs232c_txempty_request@0  0041ab70 f   rs232c.obj
 0001:00019bc0       @rs232c_txrdy@4            0041abc0 f   rs232c.obj
 0001:00019c10       @rs232c_writeb@8           0041ac10 f   rs232c.obj
 0001:00019f50       @rtc_get@4                 0041af50 f   rtc.obj
 0001:0001a050       @rtc_init@0                0041b050 f   rtc.obj
 0001:0001a080       @rtc_load@8                0041b080 f   rtc.obj
 0001:0001a0f0       @rtc_reset@0               0041b0f0 f   rtc.obj
 0001:0001a130       @rtc_save@4                0041b130 f   rtc.obj
 0001:0001a170       @rtc_set@4                 0041b170 f   rtc.obj
 0001:0001a270       @rtc_time_adjust@0         0041b270 f   rtc.obj
 0001:0001a3b0       @schedule_delevent@4       0041b3b0 f   schedule.obj
 0001:0001a3d0       @schedule_exec@4           0041b3d0 f   schedule.obj
 0001:0001aa50       @schedule_fullspeed@0      0041ba50 f   schedule.obj
 0001:0001ab30       @schedule_get_cycle@0      0041bb30 f   schedule.obj
 0001:0001abb0       @schedule_handle@8         0041bbb0 f   schedule.obj
 0001:0001abc0       @schedule_init@0           0041bbc0 f   schedule.obj
 0001:0001ac70       @schedule_load@12          0041bc70 f   schedule.obj
 0001:0001af20       @schedule_main_fullspeed@0 0041bf20 f   schedule.obj
 0001:0001af80       @schedule_reset@0          0041bf80 f   schedule.obj
 0001:0001aff0       @schedule_save@4           0041bff0 f   schedule.obj
 0001:0001b160       @schedule_setbreak2@12     0041c160 f   schedule.obj
 0001:0001b1a0       @schedule_setbreak@8       0041c1a0 f   schedule.obj
 0001:0001b2d0       @schedule_setevent@12      0041c2d0 f   schedule.obj
 0001:0001b350       @schedule_trace@0          0041c350 f   schedule.obj
 0001:0001b410       @subcpu_exec@0             0041c410 f   subcpu.obj
 0001:0001b420       @subcpu_execline@0         0041c420 f   subcpu.obj
 0001:0001b430       @subcpu_firq@0             0041c430 f   subcpu.obj
 0001:0001b460       @subcpu_init@0             0041c460 f   subcpu.obj
 0001:0001b480       @subcpu_irq@0              0041c480 f   subcpu.obj
 0001:0001b4a0       @subcpu_load@8             0041c4a0 f   subcpu.obj
 0001:0001b580       @subcpu_nmi@0              0041c580 f   subcpu.obj
 0001:0001b5a0       @subcpu_reset@0            0041c5a0 f   subcpu.obj
 0001:0001b5b0       @subcpu_save@4             0041c5b0 f   subcpu.obj
 0001:0001b690       @subctrl_halt_ack@0        0041c690 f   subctrl.obj
 0001:0001b6c0       @subctrl_init@0            0041c6c0 f   subctrl.obj
 0001:0001b6e0       @subctrl_load@8            0041c6e0 f   subctrl.obj
 0001:0001b900       @subctrl_readb@8           0041c900 f   subctrl.obj
 0001:0001ba40       @subctrl_reset@0           0041ca40 f   subctrl.obj
 0001:0001baf0       @subctrl_save@4            0041caf0 f   subctrl.obj
 0001:0001bc20       @subctrl_writeb@8          0041cc20 f   subctrl.obj
 0001:0001bdf0       @submem_cleanup@0          0041cdf0 f   submem.obj
 0001:0001beb0       @submem_init@0             0041ceb0 f   submem.obj
 0001:0001c0a0       @submem_load@8             0041d0a0 f   submem.obj
 0001:0001c310       @submem_readb@4            0041d310 f   submem.obj
 0001:0001c5a0       @submem_readbnio@4         0041d5a0 f   submem.obj
 0001:0001c7b0       @submem_reset@0            0041d7b0 f   submem.obj
 0001:0001c800       @submem_save@4             0041d800 f   submem.obj
 0001:0001ca90       @submem_writeb@8           0041da90 f   submem.obj
 0001:0001cca0       @file_bool_read@8          0041dca0 f   system.obj
 0001:0001cce0       @file_bool_write@8         0041dce0 f   system.obj
 0001:0001cd00       @file_byte_read@8          0041dd00 f   system.obj
 0001:0001cd10       @file_byte_write@8         0041dd10 f   system.obj
 0001:0001cd20       @file_dword_read@8         0041dd20 f   system.obj
 0001:0001cdb0       @file_dword_write@8        0041ddb0 f   system.obj
 0001:0001ce30       @file_word_read@8          0041de30 f   system.obj
 0001:0001ce80       @file_word_write@8         0041de80 f   system.obj
 0001:0001ced0       @system_cleanup@0          0041ded0 f   system.obj
 0001:0001cf60       @system_hotreset@0         0041df60 f   system.obj
 0001:0001cfa0       @system_init@0             0041dfa0 f   system.obj
 0001:0001d100       @system_load@4             0041e100 f   system.obj
 0001:0001d4e0       @system_reset@0            0041e4e0 f   system.obj
 0001:0001d590       @system_save@4             0041e590 f   system.obj
 0001:0001d7e0       @system_tabreset@0         0041e7e0 f   system.obj
 0001:0001d800       @lp_print@0                0041e800 f   tapelp.obj
 0001:0001d820       @lp_setfile@4              0041e820 f   tapelp.obj
 0001:0001d8f0       @tape_ff@0                 0041e8f0 f   tapelp.obj
 0001:0001ddc0       @tape_rew@0                0041edc0 f   tapelp.obj
 0001:0001de70       @tape_rewtop@0             0041ee70 f   tapelp.obj
 0001:0001dec0       @tape_setfile@4            0041eec0 f   tapelp.obj
 0001:0001e0b0       @tape_setrec@4             0041f0b0 f   tapelp.obj
 0001:0001e120       @tapelp_cleanup@0          0041f120 f   tapelp.obj
 0001:0001e1e0       @tapelp_init@0             0041f1e0 f   tapelp.obj
 0001:0001e280       @tapelp_load@8             0041f280 f   tapelp.obj
 0001:0001e560       @tapelp_readb@8            0041f560 f   tapelp.obj
 0001:0001e630       @tapelp_reset@0            0041f630 f   tapelp.obj
 0001:0001e6e0       @tapelp_save@4             0041f6e0 f   tapelp.obj
 0001:0001e8e0       @tapelp_writeb@8           0041f8e0 f   tapelp.obj
 0001:000205f0       @capture_to_bmp2@12        004215f0 f   tools.obj
 0001:00020750       @capture_to_bmp@16         00421750 f   tools.obj
 0001:00020980       @conv_2d_to_d77@12         00421980 f   tools.obj
 0001:00020bc0       @conv_vfd_to_d77@12        00421bc0 f   tools.obj
 0001:00021060       @conv_vtp_to_t77@8         00422060 f   tools.obj
 0001:00021250       @make_new_d77@12           00422250 f   tools.obj
 0001:00021490       @make_new_t77@4            00422490 f   tools.obj
 0001:000214d0       @make_new_userdisk@12      004224d0 f   tools.obj
 0001:000217c0       @mix_color@12              004227c0 f   tools.obj
 0001:00021960       @ttlpalet_load@8           00422960 f   ttlpalet.obj
 0001:00021980       @ttlpalet_readb@8          00422980 f   ttlpalet.obj
 0001:000219c0       @ttlpalet_reset@0          004229c0 f   ttlpalet.obj
 0001:000219e0       @ttlpalet_save@4           004229e0 f   ttlpalet.obj
 0001:000219f0       @ttlpalet_writeb@8         004229f0 f   ttlpalet.obj
 0001:00021a30       @dmac_exec@0               00422a30 f   dmac.obj
 0001:00021b80       @dmac_load@8               00422b80 f   dmac.obj
 0001:00021cf0       @dmac_readb@8              00422cf0 f   dmac.obj
 0001:00021e50       @dmac_reset@0              00422e50 f   dmac.obj
 0001:00021ec0       @dmac_save@4               00422ec0 f   dmac.obj
 0001:00021f70       @dmac_start@0              00422f70 f   dmac.obj
 0001:00021fe0       @dmac_writeb@8             00422fe0 f   dmac.obj
 0001:00022170       @midi_init@0               00423170 f   midi.obj
 0001:00022180       @midi_load@8               00423180 f   midi.obj
 0001:000221e0       @midi_readb@8              004231e0 f   midi.obj
 0001:00022220       @midi_reset@0              00423220 f   midi.obj
 0001:00022240       @midi_save@4               00423240 f   midi.obj
 0001:00022280       @midi_writeb@8             00423280 f   midi.obj
 0001:00022310       @ChangeStatusBorder@4      00423310 f   w32_bar.obj
 0001:00022380       @CleanThemeDLL@0           00423380 f   w32_bar.obj
 0001:000223b0       @CreateStatus@4            004233b0 f   w32_bar.obj
 0001:00022b20       @DrawStatus@0              00423b20 f   w32_bar.obj
 0001:00022cd0       @EndStatusMessage@0        00423cd0 f   w32_bar.obj
 0001:00022d80       @InitThemeDLL@0            00423d80 f   w32_bar.obj
 0001:00022dd0       @OnExitMenuLoop@0          00423dd0 f   w32_bar.obj
 0001:00022e20       @OnMenuSelect@4            00423e20 f   w32_bar.obj
 0001:00022ed0       @OwnerDrawStatus@4         00423ed0 f   w32_bar.obj
 0001:000231e0       @PaintStatus@0             004241e0 f   w32_bar.obj
 0001:00023240       @ResizeStatus@8            00424240 f   w32_bar.obj
 0001:000232f0       @SetStatusMessage@4        004242f0 f   w32_bar.obj
 0001:00023390       @SizeStatus@4              00424390 f   w32_bar.obj
 0001:000234a0       ___local_stdio_printf_options 004244a0 f i w32_bar.obj
 0001:000234b0       __snprintf                 004244b0 f i w32_bar.obj
 0001:000234f0       @ApplyCfg@0                004244f0 f   w32_cfg.obj
 0001:00023ff0       @GetCfg@0                  00424ff0 f   w32_cfg.obj
 0001:00024d70       @LoadCfg@0                 00425d70 f   w32_cfg.obj
 0001:00025ca0       @LoadCfg_DoubleSize@0      00426ca0 f   w32_cfg.obj
 0001:00025cd0       @OnConfig@4                00426cd0 f   w32_cfg.obj
 0001:000266f0       @SaveCfg@0                 004276f0 f   w32_cfg.obj
 0001:00027c40       @SetMachineVersion@0       00428c40 f   w32_cfg.obj
 0001:00029f00       @CheckMenuSub@12           0042af00 f   w32_cmd.obj
 0001:00029f30       @EnableMenuSub@12          0042af30 f   w32_cmd.obj
 0001:00029f60       @FileSelectSub@20          0042af60 f   w32_cmd.obj
 0001:0002a1a0       @OnCmdLine@4               0042b1a0 f   w32_cmd.obj
 0001:0002a530       @OnCommand@8               0042b530 f   w32_cmd.obj
 0001:0002b6e0       @OnDropFiles@4             0042c6e0 f   w32_cmd.obj
 0001:0002b8e0       @OnDropSub@4               0042c8e0 f   w32_cmd.obj
 0001:0002bb80       @OnMenuPopup@12            0042cb80 f   w32_cmd.obj
 0001:0002be00       @OnRefresh@4               0042ce00 f   w32_cmd.obj
 0001:0002d970       @CleanCommPort@0           0042e970 f   w32_comm.obj
 0001:0002da10       @InitCommPort@0            0042ea10 f   w32_comm.obj
 0001:0002dcc0       @rs232c_readstatus@0       0042ecc0 f   w32_comm.obj
 0001:0002dcd0       @rs232c_receivedata@0      0042ecd0 f   w32_comm.obj
 0001:0002dd70       @rs232c_reset_notify@0     0042ed70 f   w32_comm.obj
 0001:0002de30       @rs232c_senddata@4         0042ee30 f   w32_comm.obj
 0001:0002df20       @rs232c_setbaudrate@4      0042ef20 f   w32_comm.obj
 0001:0002dfc0       @rs232c_writecommand@4     0042efc0 f   w32_comm.obj
 0001:0002e060       @rs232c_writemodecmd@4     0042f060 f   w32_comm.obj
 0001:0002e460       @CleanDraw@0               0042f460 f   w32_draw.obj
 0001:0002e480       @EnterMenu@4               0042f480 f   w32_draw.obj
 0001:0002e4a0       @ExitMenu@0                0042f4a0 f   w32_draw.obj
 0001:0002e4c0       @InitDraw@0                0042f4c0 f   w32_draw.obj
 0001:0002e540       @ModeDraw@8                0042f540 f   w32_draw.obj
 0001:0002e670       @OnDraw@8                  0042f670 f   w32_draw.obj
 0001:0002e6b0       @OnPaint@4                 0042f6b0 f   w32_draw.obj
 0001:0002e750       @SelectDraw@4              0042f750 f   w32_draw.obj
 0001:0002e760       @SetDirtyFlag@12           0042f760 f   w32_draw.obj
 0001:0002e790       @apalet_notify@0           0042f790 f   w32_draw.obj
 0001:0002e7e0       @display_notify@0          0042f7e0 f   w32_draw.obj
 0001:0002e890       @hblank_notify@0           0042f890 f   w32_draw.obj
 0001:0002e8d0       @refpalet_notify@0         0042f8d0 f   w32_draw.obj
 0001:0002e8e0       @ttlpalet_notify@0         0042f8e0 f   w32_draw.obj
 0001:0002e930       @vblankperiod_notify@0     0042f930 f   w32_draw.obj
 0001:0002e9e0       @vram_notify@8             0042f9e0 f   w32_draw.obj
 0001:0002eab0       @window_notify@0           0042fab0 f   w32_draw.obj
 0001:0002ead0       @file_close@4              0042fad0 f   w32_file.obj
 0001:0002eae0       @file_getsize@4            0042fae0 f   w32_file.obj
 0001:0002eb20       @file_load@12              0042fb20 f   w32_file.obj
 0001:0002ec20       @file_open@8               0042fc20 f   w32_file.obj
 0001:0002ec80       @file_read@12              0042fc80 f   w32_file.obj
 0001:0002eca0       @file_save@12              0042fca0 f   w32_file.obj
 0001:0002eda0       @file_seek@8               0042fda0 f   w32_file.obj
 0001:0002edc0       @file_write@12             0042fdc0 f   w32_file.obj
 0001:0002ee50       @AnalogGDI@0               0042fe50 f   w32_gdi.obj
 0001:0002eea0       @CleanGDI@0                0042fea0 f   w32_gdi.obj
 0001:0002eed0       @DigitalGDI@0              0042fed0 f   w32_gdi.obj
 0001:0002f850       @DrawGDI@8                 00430850 f   w32_gdi.obj
 0001:0002f8b0       @DrawPostRenderGDI@8       004308b0 f   w32_gdi.obj
 0001:0002fad0       @DrawRasterGDI@4           00430ad0 f   w32_gdi.obj
 0001:0002fca0       @EnterMenuGDI@4            00430ca0 f   w32_gdi.obj
 0001:0002fcd0       @ExitMenuGDI@0             00430cd0 f   w32_gdi.obj
 0001:0002fd00       @InitGDI@0                 00430d00 f   w32_gdi.obj
 0001:0002ffd0       @ReDrawGDI@0               00430fd0 f   w32_gdi.obj
 0001:00030350       @SelectGDI@4               00431350 f   w32_gdi.obj
 0001:000304d0       @VramGDI@4                 004314d0 f   w32_gdi.obj
 0001:00030610       @WindowGDI@0               00431610 f   w32_gdi.obj
 0001:000308e0       _SelectCancelGDI           004318e0 f   w32_gdi.obj
 0001:00030920       @EnableIME@8               00431920 f   w32_main.obj
 0001:00030bd0       @LockVM@0                  00431bd0 f   w32_main.obj
 0001:00030eb0       @OnSize@12                 00431eb0 f   w32_main.obj
 0001:00031010       @UnlockVM@0                00432010 f   w32_main.obj
 0001:000310f0       _WinMain@16                004320f0 f   w32_main.obj
 0001:00031fc0       @CleanMIDI@0               00432fc0 f   w32_midi.obj
 0001:00032000       @MidiSendData@4            00433000 f   w32_midi.obj
 0001:000321a0       @midi_notify@4             004331a0 f   w32_midi.obj
 0001:000324e0       @midi_reset_notify@0       004334e0 f   w32_midi.obj
 0001:00032650       @CleanSch@0                00433650 f   w32_sch.obj
 0001:000327c0       @DrawSubWindow@0           004337c0 f   w32_sch.obj
 0001:00032860       @InitSch@0                 00433860 f   w32_sch.obj
 0001:00032900       @ResetSch@0                00433900 f   w32_sch.obj
 0001:00032920       @SelectSch@0               00433920 f   w32_sch.obj
 0001:000329b0       @vsync_notify@0            004339b0 f   w32_sch.obj
 0001:00032f20       @AddrDisAsm@8              00433f20 f   w32_sub1.obj
 0001:00033030       @AddrMemory@8              00434030 f   w32_sub1.obj
 0001:00034030       @CreateBreakPoint@8        00435030 f   w32_sub1.obj
 0001:000342b0       @CreateCPURegister@12      004352b0 f   w32_sub1.obj
 0001:00034580       @CreateDisAsm@12           00435580 f   w32_sub1.obj
 0001:00034910       @CreateMemory@12           00435910 f   w32_sub1.obj
 0001:00034d40       @CreateScheduler@8         00435d40 f   w32_sub1.obj
 0001:00034fb0       @DestroySubWindow@12       00435fb0 f   w32_sub1.obj
 0001:00035840       @DrawWindowText2@16        00436840 f   w32_sub1.obj
 0001:00035980       @DrawWindowText@16         00436980 f   w32_sub1.obj
 0001:00035a30       @InitSubWndWork@0          00436a30 f   w32_sub1.obj
 0001:00036950       @PositioningSubWindow@12   00437950 f   w32_sub1.obj
 0001:000369d0       @RefreshBreakPoint@0       004379d0 f   w32_sub1.obj
 0001:00036a00       @RefreshCPURegister@0      00437a00 f   w32_sub1.obj
 0001:00036a60       @RefreshDisAsm@0           00437a60 f   w32_sub1.obj
 0001:00036ab0       @RefreshMemory@0           00437ab0 f   w32_sub1.obj
 0001:00036c20       @RefreshScheduler@0        00437c20 f   w32_sub1.obj
 0001:00039ee0       @CreateALULine@8           0043aee0 f   w32_sub2.obj
 0001:0003a0f0       @CreateFDC@8               0043b0f0 f   w32_sub2.obj
 0001:0003a2f0       @CreateOPNDisp@8           0043b2f0 f   w32_sub2.obj
 0001:0003a500       @CreateOPNReg@8            0043b500 f   w32_sub2.obj
 0001:0003a750       @CreateSubCtrl@8           0043b750 f   w32_sub2.obj
 0001:0003adf0       @InitOPNDisp@4             0043bdf0 f   w32_sub2.obj
 0001:0003be80       @ReSizeOPNDisp@0           0043ce80 f   w32_sub2.obj
 0001:0003c040       @ReSizeOPNReg@0            0043d040 f   w32_sub2.obj
 0001:0003c1e0       @RefreshALULine@0          0043d1e0 f   w32_sub2.obj
 0001:0003c210       @RefreshFDC@0              0043d210 f   w32_sub2.obj
 0001:0003c240       @RefreshOPNDisp@0          0043d240 f   w32_sub2.obj
 0001:0003c270       @RefreshOPNReg@0           0043d270 f   w32_sub2.obj
 0001:0003c2a0       @RefreshSubCtrl@0          0043d2a0 f   w32_sub2.obj
 0001:00040050       @CreateDMAC@8              00441050 f   w32_sub3.obj
 0001:00040260       @CreateKeyboard@8          00441260 f   w32_sub3.obj
 0001:00040470       @CreateMMR@8               00441470 f   w32_sub3.obj
 0001:00040670       @CreatePaletteReg@8        00441670 f   w32_sub3.obj
 0001:00040af0       @RefreshDMAC@0             00441af0 f   w32_sub3.obj
 0001:00040b20       @RefreshKeyboard@0         00441b20 f   w32_sub3.obj
 0001:00040b50       @RefreshMMR@0              00441b50 f   w32_sub3.obj
 0001:00040b80       @RefreshPaletteReg@0       00441b80 f   w32_sub3.obj
 0001:00042ba0       @OnAbout@4                 00443ba0 f   w32_ver.obj
 0001:00042f00       ??0Channel4@FM@@QAE@XZ     00443f00 f   fmgen.obj
 0001:00043090       ??0Chip@FM@@QAE@XZ         00444090 f   fmgen.obj
 0001:000430c0       ?Calc@Channel4@FM@@QAIHXZ  004440c0 f   fmgen.obj
 0001:000432c0       ?Calc@Operator@FM@@QAEHH@Z 004442c0 f i fmgen.obj
 0001:00043330       ?CalcFB@Operator@FM@@QAEHI@Z 00444330 f i fmgen.obj
 0001:000433c0       ?EGCalc@Operator@FM@@AAIXXZ 004443c0 f   fmgen.obj
 0001:00043510       ?EGUpdate@Operator@FM@@AAEXXZ 00444510 f i fmgen.obj
 0001:00043580       ?KeyControl@Channel4@FM@@QAIXI@Z 00444580 f   fmgen.obj
 0001:00043640       ?KeyOn@Operator@FM@@QAEXXZ 00444640 f i fmgen.obj
 0001:00043770       ?MakeTable@Operator@FM@@CAXXZ 00444770 f   fmgen.obj
 0001:00043af0       ?Prepare@Channel4@FM@@QAIHXZ 00444af0 f   fmgen.obj
 0001:00043ba0       ?Prepare@Operator@FM@@QAIXXZ 00444ba0 f   fmgen.obj
 0001:00043ce0       ?Reset@Channel4@FM@@QAIXXZ 00444ce0 f   fmgen.obj
 0001:00043d10       ?Reset@Operator@FM@@QAIXXZ 00444d10 f   fmgen.obj
 0001:00043d80       ?SetAlgorithm@Channel4@FM@@QAIXI@Z 00444d80 f   fmgen.obj
 0001:00043e00       ?SetFNum@Channel4@FM@@QAIXI@Z 00444e00 f   fmgen.obj
 0001:00043e90       ?SetFNum@Operator@FM@@QAIXI@Z 00444e90 f   fmgen.obj
 0001:00043ec0       ?SetRatio@Chip@FM@@QAEXI@Z 00444ec0 f   fmgen.obj
 0001:00043f90       ?ShiftPhase@Operator@FM@@AAIXW4EGPhase@12@@Z 00444f90 f   fmgen.obj
 0001:00044210       ??0OPN@FM@@QAE@XZ          00445210 f   opna.obj
 0001:00044300       ??_GOPN@FM@@UAEPAXI@Z      00445300 f i opna.obj
 0001:00044300       ??_EOPN@FM@@UAEPAXI@Z      00445300 f i opna.obj
 0001:00044330       ?Init@OPN@FM@@QAE_NII_NPBD@Z 00445330 f   opna.obj
 0001:00044460       ?Intr@OPN@FM@@EAEX_N@Z     00445460 f i opna.obj
 0001:00044470       ?Mix2@OPN@FM@@QAEXPAHHHH@Z 00445470 f   opna.obj
 0001:000448c0       ?Mix@OPN@FM@@QAEXPAHH@Z    004458c0 f   opna.obj
 0001:00044ce0       ?Reset@OPN@FM@@UAEXXZ      00445ce0 f   opna.obj
 0001:00044d60       ?Reset@OPNBase@FM@@UAEXXZ  00445d60 f   opna.obj
 0001:00044d80       ?SetChannelMask@OPN@FM@@QAEXI@Z 00445d80 f   opna.obj
 0001:00044e60       ?SetPrescaler@OPNBase@FM@@IAEXI@Z 00445e60 f   opna.obj
 0001:00045000       ?SetReg@OPN@FM@@QAEXII@Z   00446000 f   opna.obj
 0001:000453c0       ?SetVolumeFM@OPNBase@FM@@QAEXH@Z 004463c0 f   opna.obj
 0001:00045420       ??0PSG@@QAE@XZ             00446420 f   psg.obj
 0001:00045610       ?Mix2@PSG@@QAEXPAHHHH@Z    00446610 f   psg.obj
 0001:00046360       ?Mix@PSG@@QAEXPAHH@Z       00447360 f   psg.obj
 0001:00047050       ?Reset@PSG@@QAEXXZ         00448050 f   psg.obj
 0001:00047210       ?SetChannelMask@PSG@@QAEXH@Z 00448210 f   psg.obj
 0001:00047290       ?SetClock@PSG@@QAEXHH@Z    00448290 f   psg.obj
 0001:000473d0       ?SetReg@PSG@@QAEXIE@Z      004483d0 f   psg.obj
 0001:000475c0       ?SetSSGEnvMode@PSG@@QAEX_N@Z 004485c0 f   psg.obj
 0001:000475d0       ?SetVolume@PSG@@QAEXH@Z    004485d0 f   psg.obj
 0001:00049f90       @AnalogDD@0                0044af90 f   w32_dd.obj
 0001:00049f90       @DigitalDD@0               0044af90 f   w32_dd.obj
 0001:00049fe0       @CleanDD@0                 0044afe0 f   w32_dd.obj
 0001:0004a1c0       @DrawDD@0                  0044b1c0 f   w32_dd.obj
 0001:0004a210       @DrawPostRenderDD@0        0044b210 f   w32_dd.obj
 0001:0004a4e0       @DrawRasterDD@4            0044b4e0 f   w32_dd.obj
 0001:0004a7d0       @EnterMenuDD@4             0044b7d0 f   w32_dd.obj
 0001:0004a850       @ExitMenuDD@0              0044b850 f   w32_dd.obj
 0001:0004a8c0       @InitDD@0                  0044b8c0 f   w32_dd.obj
 0001:0004aa80       @ReDrawDD@0                0044ba80 f   w32_dd.obj
 0001:0004aaf0       @SelectDD@0                0044baf0 f   w32_dd.obj
 0001:0004b2a0       @VramDD@4                  0044c2a0 f   w32_dd.obj
 0001:0004b3e0       @WindowDD@0                0044c3e0 f   w32_dd.obj
 0001:0004bbf0       @CleanKbd@0                0044cbf0 f   w32_kbd.obj
 0001:0004bc90       @GetDefMapKbd@8            0044cc90 f   w32_kbd.obj
 0001:0004bde0       @GetKbd@4                  0044cde0 f   w32_kbd.obj
 0001:0004bef0       @InitKbd@0                 0044cef0 f   w32_kbd.obj
 0001:0004c1f0       @PasteClipboardKbd@4       0044d1f0 f   w32_kbd.obj
 0001:0004c280       @PasteKbd@4                0044d280 f   w32_kbd.obj
 0001:0004c2f0       @PollJoy@0                 0044d2f0 f   w32_kbd.obj
 0001:0004c3e0       @PollKbd@0                 0044d3e0 f   w32_kbd.obj
 0001:0004cc10       @PollMos@0                 0044dc10 f   w32_kbd.obj
 0001:0004cce0       @SelectKbd@4               0044dce0 f   w32_kbd.obj
 0001:0004ce00       @SetMapKbd@4               0044de00 f   w32_kbd.obj
 0001:0004ce40       @SetMenuExitTimer@0        0044de40 f   w32_kbd.obj
 0001:0004ce60       @SetMouseCapture@4         0044de60 f   w32_kbd.obj
 0001:0004cfe0       @joy_request@4             0044dfe0 f   w32_kbd.obj
 0001:0004cff0       @mosbtn_request@0          0044dff0 f   w32_kbd.obj
 0001:0004d000       @mospos_request@8          0044e000 f   w32_kbd.obj
 0001:0004d070       ?Delete@LprRenderer@@AAEHPAUHDC__@@@Z 0044e070 f i w32_lpr.obj
 0001:0004d110       ?Esc_3@LprRenderer@@AAEHPAUHDC__@@@Z 0044e110 f i w32_lpr.obj
 0001:0004d180       ?Esc_A@LprRenderer@@AAEHPAUHDC__@@@Z 0044e180 f i w32_lpr.obj
 0001:0004d1f0       ?Esc_K@LprRenderer@@AAEHPAUHDC__@@@Z 0044e1f0 f i w32_lpr.obj
 0001:0004d260       ?Esc_L@LprRenderer@@AAEHPAUHDC__@@@Z 0044e260 f i w32_lpr.obj
 0001:0004d2d0       ?GetAt@LprPrintBuffer@@QAE?AUPrtBuffChar@@H@Z 0044e2d0 f i w32_lpr.obj
 0001:0004d300       ?Kanji_OFF@LprRenderer@@AAEHPAUHDC__@@@Z 0044e300 f i w32_lpr.obj
 0001:0004d340       ?Kanji_ON@LprRenderer@@AAEHPAUHDC__@@@Z 0044e340 f i w32_lpr.obj
 0001:0004d380       ?PrintChar@LprRenderer@@AAEHPAUHDC__@@PAH@Z 0044e380 f i w32_lpr.obj
 0001:0004d550       ?PrintLine@LprRenderer@@AAEHPAUHDC__@@@Z 0044e550 f i w32_lpr.obj
 0001:0004d5d0       ?delete_f@LprFonts@@QAEHPAUHDC__@@@Z 0044e5d0 f i w32_lpr.obj
 0001:0004d600       ?draw_bit_image@LprRenderer@@AAEHPAUHDC__@@HH@Z 0044e600 f i w32_lpr.obj
 0001:0004d730       ?draw_one_char_image@LprRenderer@@AAEHPAUHDC__@@H@Z 0044e730 f i w32_lpr.obj
 0001:0004d820       ?draw_printable_char@LprRenderer@@AAEHPAUHDC__@@E@Z 0044e820 f i w32_lpr.obj
 0001:0004d880       ?print@LprRenderer@@QAEHAAUtagPDA@@@Z 0044e880 f i w32_lpr.obj
 0001:0004db50       ?render@LprRenderer@@AAEHPAUHDC__@@@Z 0044eb50 f i w32_lpr.obj
 0001:0004de30       ?reset_params@LprRenderer@@AAEHPAUHDC__@@@Z 0044ee30 f i w32_lpr.obj
 0001:0004ded0       @lp_closefile@0            0044eed0 f   w32_lpr.obj
 0001:0004def0       @lp_openfile@4             0044eef0 f   w32_lpr.obj
 0001:0004e000       @lp_printfile@0            0044f000 f   w32_lpr.obj
 0001:0004e110       @lp_removefile@0           0044f110 f   w32_lpr.obj
 0001:0004e150       @lp_writefile@8            0044f150 f   w32_lpr.obj
 0001:0004e950       @ApplySnd@0                0044f950 f   w32_snd.obj
 0001:0004ec50       @CleanFDDSnd@0             0044fc50 f   w32_snd.obj
 0001:0004ec80       @CleanSnd@0                0044fc80 f   w32_snd.obj
 0001:0004ee20       @CloseCaptureSnd@0         0044fe20 f   w32_snd.obj
 0001:0004eec0       @GetLevelSnd@4             0044fec0 f   w32_snd.obj
 0001:0004f0f0       @GetMute@4                 004500f0 f   w32_snd.obj
 0001:0004f120       @InitFDDSnd@0              00450120 f   w32_snd.obj
 0001:0004f400       @InitSnd@0                 00450400 f   w32_snd.obj
 0001:0004f680       @OpenCaptureSnd@4          00450680 f   w32_snd.obj
 0001:0004f7e0       @PlaySnd@0                 004507e0 f   w32_snd.obj
 0001:0004f8d0       @ProcessSnd@4              004508d0 f   w32_snd.obj
 0001:0004fbe0       @ROMEO_Mute@4              00450be0 f   w32_snd.obj
 0001:0004fcd0       @SelectSnd@4               00450cd0 f   w32_snd.obj
 0001:000503c0       @SetMute@8                 004513c0 f   w32_snd.obj
 0001:00050420       @SetSoundVolume2@24        00451420 f   w32_snd.obj
 0001:00050550       @SetSoundVolume@0          00451550 f   w32_snd.obj
 0001:00050680       @StopSnd@0                 00451680 f   w32_snd.obj
 0001:000506a0       @beep_notify@0             004516a0 f   w32_snd.obj
 0001:000506f0       @dac_notify@4              004516f0 f   w32_snd.obj
 0001:00050730       @keyencbeep_notify@0       00451730 f   w32_snd.obj
 0001:00050760       @opn_notify@8              00451760 f   w32_snd.obj
 0001:00050850       @tape_notify@4             00451850 f   w32_snd.obj
 0001:00050880       @thg_notify@8              00451880 f   w32_snd.obj
 0001:00050960       @wav_notify@4              00451960 f   w32_snd.obj
 0001:00050a20       @whg_notify@8              00451a20 f   w32_snd.obj
 0001:00050d10       ?juliet_YMF288WriteReg@@YAXGE@Z 00451d10 f   juliet.obj
 0001:00050d70       _juliet_YMF288A_B          00451d70 f   juliet.obj
 0001:00051040       _juliet_YMF288B_B          00452040 f   juliet.obj
 0001:00051180       _juliet_YMF288EXEC         00452180 f   juliet.obj
 0001:000512f0       _juliet_YMF288Mute         004522f0 f   juliet.obj
 0001:00051380       _juliet_YMF288Reset        00452380 f   juliet.obj
 0001:000515a0       _juliet_load               004525a0 f   juliet.obj
 0001:00051680       _juliet_prepare            00452680 f   juliet.obj
 0001:00051750       _juliet_unload             00452750 f   juliet.obj
 0001:0005178e       _ImmGetContext@4           0045278e f   imm32:IMM32.dll
 0001:00051794       _ImmReleaseContext@8       00452794 f   imm32:IMM32.dll
 0001:0005179a       _ImmGetConversionStatus@12 0045279a f   imm32:IMM32.dll
 0001:000517a0       _ImmSetConversionStatus@12 004527a0 f   imm32:IMM32.dll
 0001:000517a6       _ImmGetOpenStatus@4        004527a6 f   imm32:IMM32.dll
 0001:000517ac       _ImmSetOpenStatus@8        004527ac f   imm32:IMM32.dll
 0001:000517b2       _ImmAssociateContext@8     004527b2 f   imm32:IMM32.dll
 0001:000517b8       _DirectDrawCreate@12       004527b8 f   ddraw:DDRAW.dll
 0001:000517be       _DirectInputCreateA@16     004527be f   dinput:DINPUT.dll
 0001:000517c4       _DirectSoundCreate@12      004527c4 f   dsound:DSOUND.dll
 0001:000517ca       @__security_check_cookie@4 004527ca f   LIBCMT:_secchk_.obj
 0001:000517db       ___raise_securityfailure   004527db f   LIBCMT:gs_report.obj
 0001:00051803       ___report_gsfailure        00452803 f   LIBCMT:gs_report.obj
 0001:000518fe       ___report_rangecheckfailure 004528fe f   LIBCMT:gs_report.obj
 0001:0005190a       ___report_securityfailure  0045290a f   LIBCMT:gs_report.obj
 0001:000519e0       __ftoui3                   004529e0 f   LIBCMT:_ftol3_.obj
 0001:000519ef       __ftoul3                   004529ef f   LIBCMT:_ftol3_.obj
 0001:000519fe       __ftol3                    004529fe f   LIBCMT:_ftol3_.obj
 0001:00051a0b       __ftol3_NaN                00452a0b f   LIBCMT:_ftol3_.obj
 0001:00051a23       __ftol3_work               00452a23 f   LIBCMT:_ftol3_.obj
 0001:00051aa9       __ftol3_common             00452aa9 f   LIBCMT:_ftol3_.obj
 0001:00051b6b       __ftol3_arg_error          00452b6b f   LIBCMT:_ftol3_.obj
 0001:00051b7d       __ftol3_except             00452b7d f   LIBCMT:_ftol3_.obj
 0001:00051bc1       __dtoui3                   00452bc1 f   LIBCMT:_ftol3_.obj
 0001:00051bd0       __dtoul3                   00452bd0 f   LIBCMT:_ftol3_.obj
 0001:00051bdf       __dtol3                    00452bdf f   LIBCMT:_ftol3_.obj
 0001:00051bec       __dtol3_NaN                00452bec f   LIBCMT:_ftol3_.obj
 0001:00051c09       __dtol3_work               00452c09 f   LIBCMT:_ftol3_.obj
 0001:00051cf0       __ultod3                   00452cf0 f   LIBCMT:_ftol3_.obj
 0001:00051d30       __ltod3                    00452d30 f   LIBCMT:_ftol3_.obj
 0001:00051d60       __chkstk                   00452d60 f   LIBCMT:chkstk.obj
 0001:00051d60       __alloca_probe             00452d60 f   LIBCMT:chkstk.obj
 0001:00051d8d       ___isa_available_init      00452d8d f   LIBCMT:_cpu_disp_.obj
 0001:00051f30       ___vdecl_pow2              00452f30 f   LIBCMT:_svml_dpow2_dispatch_.obj
 0001:00051f35       ??3@YAXPAXI@Z              00452f35 f   LIBCMT:delete_scalar_size.obj
 0001:00051f43       ??_Etype_info@@UAEPAXI@Z   00452f43 f i LIBCMT:std_type_info_static.obj
 0001:00051f43       ??_Gtype_info@@UAEPAXI@Z   00452f43 f i LIBCMT:std_type_info_static.obj
 0001:00051f66       ??2@YAPAXI@Z               00452f66 f   LIBCMT:new_scalar.obj
 0001:000521c6       _WinMainCRTStartup         004531c6 f   LIBCMT:exe_winmain.obj
 0001:00052e80       ___sse2_pow2               00453e80 f   LIBCMT:_svml_dpow2_sse2_.obj
 0001:000532d0       ??3@YAXPAX@Z               004542d0 f   LIBCMT:delete_scalar.obj
 0001:000532d5       ??0bad_alloc@std@@QAE@ABV01@@Z 004542d5 f i LIBCMT:throw_bad_alloc.obj
 0001:000532f0       ??0bad_alloc@std@@QAE@XZ   004542f0 f i LIBCMT:throw_bad_alloc.obj
 0001:00053308       ??0bad_array_new_length@std@@QAE@ABV01@@Z 00454308 f i LIBCMT:throw_bad_alloc.obj
 0001:00053323       ??0bad_array_new_length@std@@QAE@XZ 00454323 f i LIBCMT:throw_bad_alloc.obj
 0001:0005333b       ??0exception@std@@QAE@ABV01@@Z 0045433b f i LIBCMT:throw_bad_alloc.obj
 0001:00053367       ??1bad_array_new_length@std@@UAE@XZ 00454367 f i LIBCMT:throw_bad_alloc.obj
 0001:00053367       ??1bad_alloc@std@@UAE@XZ   00454367 f i LIBCMT:throw_bad_alloc.obj
 0001:00053378       ??_Ebad_alloc@std@@UAEPAXI@Z 00454378 f i LIBCMT:throw_bad_alloc.obj
 0001:00053378       ??_Gbad_alloc@std@@UAEPAXI@Z 00454378 f i LIBCMT:throw_bad_alloc.obj
 0001:00053378       ??_Eexception@std@@UAEPAXI@Z 00454378 f i LIBCMT:throw_bad_alloc.obj
 0001:00053378       ??_Gexception@std@@UAEPAXI@Z 00454378 f i LIBCMT:throw_bad_alloc.obj
 0001:00053378       ??_Gbad_array_new_length@std@@UAEPAXI@Z 00454378 f i LIBCMT:throw_bad_alloc.obj
 0001:00053378       ??_Ebad_array_new_length@std@@UAEPAXI@Z 00454378 f i LIBCMT:throw_bad_alloc.obj
 0001:000533a5       ?__scrt_throw_std_bad_alloc@@YAXXZ 004543a5 f   LIBCMT:throw_bad_alloc.obj
 0001:000533c2       ?__scrt_throw_std_bad_array_new_length@@YAXXZ 004543c2 f   LIBCMT:throw_bad_alloc.obj
 0001:000533df       ?what@exception@std@@UBEPBDXZ 004543df f i LIBCMT:throw_bad_alloc.obj
 0001:000533ec       ??$__crt_fast_encode_pointer@PAP6AXXZ@@YAPAP6AXXZQAP6AXXZ@Z 004543ec f i LIBCMT:utility.obj
 0001:000533ec       ??$__crt_fast_encode_pointer@PAX@@YAPAXQAX@Z 004543ec f i libvcruntime:winapi_downlevel.obj
 0001:0005344d       ___scrt_acquire_startup_lock 0045444d f   LIBCMT:utility.obj
 0001:0005347f       ___scrt_initialize_crt     0045447f f   LIBCMT:utility.obj
 0001:000534b8       ___scrt_initialize_onexit_tables 004544b8 f   LIBCMT:utility.obj
 0001:00053562       ___scrt_is_nonwritable_in_current_image 00454562 f   LIBCMT:utility.obj
 0001:000535ec       ___scrt_release_startup_lock 004545ec f   LIBCMT:utility.obj
 0001:00053609       ___scrt_uninitialize_crt   00454609 f   LIBCMT:utility.obj
 0001:00053631       __onexit                   00454631 f   LIBCMT:utility.obj
 0001:0005366c       _atexit                    0045466c f   LIBCMT:utility.obj
 0001:000536d0       ___security_init_cookie    004546d0 f   LIBCMT:gs_support.obj
 0001:0005371b       __matherr                  0045471b f   LIBCMT:matherr.obj
 0001:0005371b       ___scrt_initialize_winrt   0045471b f   LIBCMT:utility_desktop.obj
 0001:0005371b       __get_startup_new_mode     0045471b f   LIBCMT:new_mode.obj
 0001:0005371b       __get_startup_commit_mode  0045471b f   LIBCMT:commit_mode.obj
 0001:0005371b       __get_startup_thread_locale_mode 0045471b f   LIBCMT:thread_locale.obj
 0001:0005371e       __get_startup_argv_mode    0045471e f   LIBCMT:argv_mode.obj
 0001:00053722       __get_startup_file_mode    00454722 f   LIBCMT:file_mode.obj
 0001:00053728       ?__scrt_initialize_type_info@@YAXXZ 00454728 f   LIBCMT:tncleanup.obj
 0001:00053734       ___acrt_uninitialize_command_line 00454734 f   libucrt:argv_data.obj
 0001:00053734       __should_initialize_environment 00454734 f   LIBCMT:env_mode.obj
 0001:00053737       __initialize_default_precision 00454737 f   LIBCMT:default_precision.obj
 0001:00053758       ___local_stdio_scanf_options 00454758 f i LIBCMT:default_local_stdio_options.obj
 0001:0005375e       ___scrt_initialize_default_local_stdio_options 0045475e f   LIBCMT:default_local_stdio_options.obj
 0001:0005377b       ___scrt_is_user_matherr_present 0045477b f   LIBCMT:matherr_detection.obj
 0001:00053787       ___scrt_get_dyn_tls_init_callback 00454787 f   LIBCMT:dyn_tls_init.obj
 0001:0005378d       ___scrt_get_dyn_tls_dtor_callback 0045478d f   LIBCMT:dyn_tls_dtor.obj
 0001:00053793       ___scrt_fastfail           00454793 f   LIBCMT:utility_desktop.obj
 0001:000538af       ___scrt_get_show_window_mode 004548af f   LIBCMT:utility_desktop.obj
 0001:000538e2       ___scrt_is_managed_app     004548e2 f   LIBCMT:utility_desktop.obj
 0001:00053925       ___scrt_set_unhandled_exception_filter 00454925 f   LIBCMT:utility_desktop.obj
 0001:00053931       ___scrt_unhandled_exception_filter@4 00454931 f   LIBCMT:utility_desktop.obj
 0001:00053972       __crt_debugger_hook        00454972 f   LIBCMT:utility_desktop.obj
 0001:0005397a       __RTC_Initialize           0045497a f   LIBCMT:_initsect_.obj
 0001:000539a6       __RTC_Terminate            004549a6 f   LIBCMT:_initsect_.obj
 0001:000539e0       __SEH_prolog4              004549e0 f   LIBCMT:_sehprolg4_.obj
 0001:00053a26       __SEH_epilog4              00454a26 f   LIBCMT:_sehprolg4_.obj
 0001:00053a3b       ___scrt_is_ucrt_dll_in_use 00454a3b f   LIBCMT:ucrt_detection.obj
 0001:00053a50       _memset                    00454a50 f   libvcruntime:memset.obj
 0001:00053bb0       _memcpy                    00454bb0 f   libvcruntime:memcpy.obj
 0001:00054170       __except_handler4          00455170 f   libvcruntime:_chandler4_.obj
 0001:000542c7       ___std_exception_copy      004552c7 f   libvcruntime:std_exception.obj
 0001:0005432a       ___std_exception_destroy   0045532a f   libvcruntime:std_exception.obj
 0001:00054349       __CxxThrowException@8      00455349 f   libvcruntime:throw.obj
 0001:000543b8       ___vcrt_initialize         004553b8 f   libvcruntime:initialization.obj
 0001:000543e1       ___vcrt_uninitialize       004553e1 f   libvcruntime:initialization.obj
 0001:00054400       __local_unwind4            00455400 f   libvcruntime:_exsup4_.obj
 0001:000544d8       __seh_longjmp_unwind4@4    004554d8 f   libvcruntime:_exsup4_.obj
 0001:00054500       @_EH4_CallFilterFunc@8     00455500 f   libvcruntime:_exsup4_.obj
 0001:00054518       @_EH4_TransferToHandler@8  00455518 f   libvcruntime:_exsup4_.obj
 0001:00054534       @_EH4_GlobalUnwind2@8      00455534 f   libvcruntime:_exsup4_.obj
 0001:00054550       @_EH4_LocalUnwind@16       00455550 f   libvcruntime:_exsup4_.obj
 0001:00054567       ___except_validate_context_record 00455567 f   libvcruntime:jbcxrval.obj
 0001:00054597       ___except_validate_jump_buffer 00455597 f   libvcruntime:jbcxrval.obj
 0001:000545c4       ___vcrt_freefls@4          004555c4 f   libvcruntime:per_thread_data.obj
 0001:000545e0       ___vcrt_initialize_ptd     004555e0 f   libvcruntime:per_thread_data.obj
 0001:00054624       ___vcrt_uninitialize_ptd   00455624 f   libvcruntime:per_thread_data.obj
 0001:0005463f       ___vcrt_initialize_locks   0045563f f   libvcruntime:locks.obj
 0001:0005467b       ___vcrt_uninitialize_locks 0045567b f   libvcruntime:locks.obj
 0001:000547df       ___vcrt_FlsAlloc           004557df f   libvcruntime:winapi_downlevel.obj
 0001:0005481a       ___vcrt_FlsFree            0045581a f   libvcruntime:winapi_downlevel.obj
 0001:00054855       ___vcrt_FlsSetValue        00455855 f   libvcruntime:winapi_downlevel.obj
 0001:00054893       ___vcrt_InitializeCriticalSectionEx 00455893 f   libvcruntime:winapi_downlevel.obj
 0001:000548da       ___vcrt_initialize_winapi_thunks 004558da f   libvcruntime:winapi_downlevel.obj
 0001:00054903       ___vcrt_uninitialize_winapi_thunks 00455903 f   libvcruntime:winapi_downlevel.obj
 0001:00054935       ___vcrt_initialize_pure_virtual_call_handler 00455935 f   libvcruntime:purevirt_data.obj
 0001:00054940       __global_unwind2           00455940 f   libvcruntime:_exsup_.obj
 0001:000549a6       __local_unwind2            004559a6 f   libvcruntime:_exsup_.obj
 0001:00054a2a       __abnormal_termination     00455a2a f   libvcruntime:_exsup_.obj
 0001:00054a50       __NLG_Notify1              00455a50 f   libvcruntime:_exsup_.obj
 0001:00054a5c       __NLG_Notify               00455a5c f   libvcruntime:_exsup_.obj
 0001:00054a73       __NLG_Dispatch2            00455a73     libvcruntime:_exsup_.obj
 0001:00054a73       __NLG_Dispatch             00455a73     libvcruntime:_exsup_.obj
 0001:00054a7b       __NLG_Call                 00455a7b f   libvcruntime:_exsup_.obj
 0001:00054a7d       __NLG_Return2              00455a7d     libvcruntime:_exsup_.obj
 0001:00054a80       __CallSettingFrame@12      00455a80 f   libvcruntime:lowhelpr.obj
 0001:00054aa7       __NLG_Return               00455aa7     libvcruntime:lowhelpr.obj
 0001:00054acc       ___DestructExceptionObject 00455acc f   libvcruntime:ehhelpers.obj
 0001:00054b62       ?_CallMemberFunction0@@YGXQAX0@Z 00455b62 f i libvcruntime:ehhelpers.obj
 0001:00054b70       _memmove                   00455b70 f   libvcruntime:memmove.obj
 0001:000550e4       _free                      004560e4 f   libucrt:free.obj
 0001:00055101       _malloc                    00456101 f   libucrt:malloc.obj
 0001:00055393       __localtime64              00456393 f   libucrt:localtime.obj
 0001:0005543e       __time64                   0045643e f   libucrt:time.obj
 0001:00055480       __libm_sse2_pow_precise    00456480 f   libucrt:pow_sse2_precise.obj
 0001:00055fd0       _strncat                   00456fd0 f   libucrt:strncat.obj
 0001:00056110       _strncpy                   00457110 f   libucrt:strncpy.obj
 0001:0005647d       __splitpath                0045747d f   libucrt:splitpath.obj
 0001:00056668       ??$count@D@formatting_buffer@__crt_stdio_output@@QBEIXZ 00457668 f i libucrt:output.obj
 0001:00056680       ??$ensure_buffer_is_big_enough@D@formatting_buffer@__crt_stdio_output@@QAE_NI@Z 00457680 f i libucrt:output.obj
 0001:000566ff       ??$is_wide_character_specifier@D@__crt_stdio_output@@YA_N_KDW4length_modifier@0@@Z 004576ff f i libucrt:output.obj
 0001:00056730       ??$scratch_data@D@formatting_buffer@__crt_stdio_output@@QAEPADXZ 00457730 f i libucrt:output.obj
 0001:0005674e       ??$type_case_integer_parse_into_buffer@I@?$output_processor@DV?$string_output_adapter@D@__crt_stdio_output@@V?$standard_base@DV?$string_output_adapter@D@__crt_stdio_output@@@2@@__crt_stdio_output@@AAEXII_N@Z 0045774e f i libucrt:output.obj
 0001:000567bb       ??$type_case_integer_parse_into_buffer@_K@?$output_processor@DV?$string_output_adapter@D@__crt_stdio_output@@V?$standard_base@DV?$string_output_adapter@D@__crt_stdio_output@@@2@@__crt_stdio_output@@AAEX_KI_N@Z 004577bb f i libucrt:output.obj
 0001:0005683d       ??$write_multiple_characters@V?$string_output_adapter@D@__crt_stdio_output@@D@__crt_stdio_output@@YAXABV?$string_output_adapter@D@0@DHQAH@Z 0045783d f i libucrt:output.obj
 0001:00056869       ??0?$common_data@D@__crt_stdio_output@@IAE@XZ 00457869 f i libucrt:output.obj
 0001:000568b0       ??0?$output_adapter_data@DV?$string_output_adapter@D@__crt_stdio_output@@@__crt_stdio_output@@IAE@ABV?$string_output_adapter@D@1@_KQBDQAU__crt_locale_pointers@@QAD@Z 004578b0 f i libucrt:output.obj
 0001:000568ec       ??0_LocaleUpdate@@QAE@QAU__crt_locale_pointers@@@Z 004578ec f i libucrt:output.obj
 0001:0005696f       ??1formatting_buffer@__crt_stdio_output@@QAE@XZ 0045796f f i libucrt:output.obj
 0001:00056989       ??4?$__crt_unique_heap_ptr@DU__crt_internal_free_policy@@@@QAEAAV0@$$QAV0@@Z 00457989 f i libucrt:output.obj
 0001:000569ad       ?crop_zeroes@__crt_stdio_output@@YAXPADQAU__crt_locale_pointers@@@Z 004579ad f i libucrt:output.obj
 0001:00056a04       ?find_next_state@?$output_processor@DV?$string_output_adapter@D@__crt_stdio_output@@V?$standard_base@DV?$string_output_adapter@D@__crt_stdio_output@@@2@@__crt_stdio_output@@ABE?AW4state@2@DW432@@Z 00457a04 f i libucrt:output.obj
 0001:00056a36       ?force_decimal_point@__crt_stdio_output@@YAXPADQAU__crt_locale_pointers@@@Z 00457a36 f i libucrt:output.obj
 0001:00056a92       ?parse_int_from_format_string@?$output_processor@DV?$string_output_adapter@D@__crt_stdio_output@@V?$standard_base@DV?$string_output_adapter@D@__crt_stdio_output@@@2@@__crt_stdio_output@@AAE_NQAH@Z 00457a92 f i libucrt:output.obj
 0001:00056b0a       ?process@?$output_processor@DV?$string_output_adapter@D@__crt_stdio_output@@V?$standard_base@DV?$string_output_adapter@D@__crt_stdio_output@@@2@@__crt_stdio_output@@QAEHXZ 00457b0a f i libucrt:output.obj
 0001:00056c26       ?state_case_flag@?$output_processor@DV?$string_output_adapter@D@__crt_stdio_output@@V?$standard_base@DV?$string_output_adapter@D@__crt_stdio_output@@@2@@__crt_stdio_output@@AAE_NXZ 00457c26 f i libucrt:output.obj
 0001:00056c63       ?state_case_normal@?$output_processor@DV?$string_output_adapter@D@__crt_stdio_output@@V?$standard_base@DV?$string_output_adapter@D@__crt_stdio_output@@@2@@__crt_stdio_output@@AAE_NXZ 00457c63 f i libucrt:output.obj
 0001:00056c82       ?state_case_normal_common@?$output_processor@DV?$string_output_adapter@D@__crt_stdio_output@@V?$standard_base@DV?$string_output_adapter@D@__crt_stdio_output@@@2@@__crt_stdio_output@@AAE_NXZ 00457c82 f i libucrt:output.obj
 0001:00056cac       ?state_case_normal_tchar@?$output_processor@DV?$string_output_adapter@D@__crt_stdio_output@@V?$standard_base@DV?$string_output_adapter@D@__crt_stdio_output@@@2@@__crt_stdio_output@@AAE_ND@Z 00457cac f i libucrt:output.obj
 0001:00056d08       ?state_case_precision@?$output_processor@DV?$string_output_adapter@D@__crt_stdio_output@@V?$standard_base@DV?$string_output_adapter@D@__crt_stdio_output@@@2@@__crt_stdio_output@@AAE_NXZ 00457d08 f i libucrt:output.obj
 0001:00056d30       ?state_case_size@?$output_processor@DV?$string_output_adapter@D@__crt_stdio_output@@V?$standard_base@DV?$string_output_adapter@D@__crt_stdio_output@@@2@@__crt_stdio_output@@AAE_NXZ 00457d30 f i libucrt:output.obj
 0001:00056ea1       ?state_case_type@?$output_processor@DV?$string_output_adapter@D@__crt_stdio_output@@V?$standard_base@DV?$string_output_adapter@D@__crt_stdio_output@@@2@@__crt_stdio_output@@AAE_NXZ 00457ea1 f i libucrt:output.obj
 0001:000570c9       ?state_case_width@?$output_processor@DV?$string_output_adapter@D@__crt_stdio_output@@V?$standard_base@DV?$string_output_adapter@D@__crt_stdio_output@@@2@@__crt_stdio_output@@AAE_NXZ 004580c9 f i libucrt:output.obj
 0001:000570f6       ?to_integer_size@__crt_stdio_output@@YAIW4length_modifier@1@@Z 004580f6 f i libucrt:output.obj
 0001:00057152       ?type_case_Z@?$output_processor@DV?$string_output_adapter@D@__crt_stdio_output@@V?$standard_base@DV?$string_output_adapter@D@__crt_stdio_output@@@2@@__crt_stdio_output@@AAE_NXZ 00458152 f i libucrt:output.obj
 0001:000571b5       ?type_case_a@?$output_processor@DV?$string_output_adapter@D@__crt_stdio_output@@V?$standard_base@DV?$string_output_adapter@D@__crt_stdio_output@@@2@@__crt_stdio_output@@AAE_NXZ 004581b5 f i libucrt:output.obj
 0001:00057313       ?type_case_c_tchar@?$output_processor@DV?$string_output_adapter@D@__crt_stdio_output@@V?$standard_base@DV?$string_output_adapter@D@__crt_stdio_output@@@2@@__crt_stdio_output@@AAE_ND@Z 00458313 f i libucrt:output.obj
 0001:000573a3       ?type_case_integer@?$output_processor@DV?$string_output_adapter@D@__crt_stdio_output@@V?$standard_base@DV?$string_output_adapter@D@__crt_stdio_output@@@2@@__crt_stdio_output@@AAE_NI_N@Z 004583a3 f i libucrt:output.obj
 0001:000574f4       ?type_case_n@?$output_processor@DV?$string_output_adapter@D@__crt_stdio_output@@V?$standard_base@DV?$string_output_adapter@D@__crt_stdio_output@@@2@@__crt_stdio_output@@AAE_NXZ 004584f4 f i libucrt:output.obj
 0001:00057568       ?type_case_o@?$output_processor@DV?$string_output_adapter@D@__crt_stdio_output@@V?$standard_base@DV?$string_output_adapter@D@__crt_stdio_output@@@2@@__crt_stdio_output@@AAE_NXZ 00458568 f i libucrt:output.obj
 0001:00057587       ?type_case_p@?$output_processor@DV?$string_output_adapter@D@__crt_stdio_output@@V?$standard_base@DV?$string_output_adapter@D@__crt_stdio_output@@@2@@__crt_stdio_output@@AAE_NXZ 00458587 f i libucrt:output.obj
 0001:0005759f       ?type_case_s@?$output_processor@DV?$string_output_adapter@D@__crt_stdio_output@@V?$standard_base@DV?$string_output_adapter@D@__crt_stdio_output@@@2@@__crt_stdio_output@@AAE_NXZ 0045859f f i libucrt:output.obj
 0001:00057612       ?validate@?$c_string_character_source@D@__crt_strtox@@QBE_NXZ 00458612 f i libucrt:strtox.obj
 0001:00057612       ?validate@?$string_output_adapter@D@__crt_stdio_output@@QBE_NXZ 00458612 f i libucrt:output.obj
 0001:0005762d       ?write_character@?$string_output_adapter@D@__crt_stdio_output@@QBE_NDQAH@Z 0045862d f i libucrt:output.obj
 0001:0005766f       ?write_stored_string_tchar@?$output_processor@DV?$string_output_adapter@D@__crt_stdio_output@@V?$standard_base@DV?$string_output_adapter@D@__crt_stdio_output@@@2@@__crt_stdio_output@@AAE_ND@Z 0045866f f i libucrt:output.obj
 0001:00057718       ?write_string@?$string_output_adapter@D@__crt_stdio_output@@QBEXQBDHQAHAAV__crt_deferred_errno_cache@@@Z 00458718 f i libucrt:output.obj
 0001:0005777f       ___stdio_common_vsprintf   0045877f f   libucrt:output.obj
 0001:00057873       __fullpath                 00458873 f   libucrt:fullpath.obj
 0001:00057a28       __beginthreadex            00458a28 f   libucrt:thread.obj
 0001:00057aad       __endthreadex              00458aad f   libucrt:thread.obj
 0001:00057c0d       __makepath                 00458c0d f   libucrt:makepath.obj
 0001:00057c2d       _realloc                   00458c2d f   libucrt:realloc.obj
 0001:00057c38       ??$is_overflow_condition@K@__crt_strtox@@YA_NIK@Z 00458c38 f i libucrt:strtox.obj
 0001:00057c69       ??$make_c_string_character_source@DPAPAD@__crt_strtox@@YA?AV?$c_string_character_source@D@0@QBDQAPAD@Z 00458c69 f i libucrt:strtox.obj
 0001:00057c84       ??$parse_integer@KV?$c_string_character_source@D@__crt_strtox@@@__crt_strtox@@YAKQAU__crt_locale_pointers@@V?$c_string_character_source@D@0@H_N@Z 00458c84 f i libucrt:strtox.obj
 0001:00057ead       ?unget@?$c_string_character_source@D@__crt_strtox@@QAEXD@Z 00458ead f i libucrt:strtox.obj
 0001:00057ed5       __chvalidchk_l             00458ed5 f i libucrt:strtox.obj
 0001:00057eff       __ischartype_l             00458eff f i libucrt:strtox.obj
 0001:00057f32       _strtol                    00458f32 f   libucrt:strtox.obj
 0001:00057f60       __libm_sse2_log_precise    00458f60 f   libucrt:log_sse2_precise.obj
 0001:000581f0       __libm_sse2_sin_precise    004591f0 f   libucrt:sin_sse2_precise.obj
 0001:000583c0       _floor                     004593c0 f   libucrt:floor_pentium4.obj
 0001:00058400       __floor_pentium4           00459400 f   libucrt:floor_pentium4.obj
 0001:000584c0       __libm_sse2_log10_precise  004594c0 f   libucrt:log10_sse2_precise.obj
 0001:00058770       __errcode                  00459770 f   libucrt:fpexcept.obj
 0001:000587a4       __except1                  004597a4 f   libucrt:fpexcept.obj
 0001:00058872       __handle_exc               00459872 f   libucrt:fpexcept.obj
 0001:00058a5f       __raise_exc                00459a5f f   libucrt:fpexcept.obj
 0001:00058a82       __raise_exc_ex             00459a82 f   libucrt:fpexcept.obj
 0001:00058d73       __set_errno_from_matherr   00459d73 f   libucrt:fpexcept.obj
 0001:00058da2       __umatherr                 00459da2 f   libucrt:fpexcept.obj
 0001:00058e44       ___acrt_initialize_new_handler 00459e44 f   libucrt:new_handler.obj
 0001:00058e53       __callnewh                 00459e53 f   libucrt:new_handler.obj
 0001:00058e97       __query_new_handler        00459e97 f   libucrt:new_handler.obj
 0001:00058ee9       __seh_filter_exe           00459ee9 f   libucrt:exception_filter.obj
 0001:0005905c       __query_app_type           0045a05c f   libucrt:report_runtime_error.obj
 0001:00059062       __set_app_type             0045a062 f   libucrt:report_runtime_error.obj
 0001:00059071       ??$__crt_fast_encode_pointer@P6AHPAU_exception@@@Z@@YAP6AHPAU_exception@@@ZQ6AH0@Z@Z 0045a071 f i libucrt:matherr.obj
 0001:00059071       ??$__crt_fast_encode_pointer@P6GXPAXK0@Z@@YAP6GXPAXK0@ZQ6GX0K0@Z@Z 0045a071 f i libucrt:exit.obj
 0001:00059071       ??$__crt_fast_encode_pointer@P6AHXZ@@YAP6AHXZQ6AHXZ@Z 0045a071 f i libucrt:onexit.obj
 0001:00059090       ___acrt_has_user_matherr   0045a090 f   libucrt:matherr.obj
 0001:000590a8       ___acrt_initialize_user_matherr 0045a0a8 f   libucrt:matherr.obj
 0001:000590b7       ___acrt_invoke_user_matherr 0045a0b7 f   libucrt:matherr.obj
 0001:00059100       ___setusermatherr          0045a100 f   libucrt:matherr.obj
 0001:000593bf       ___acrt_allocate_buffer_for_argv 0045a3bf f   libucrt:argv_parsing.obj
 0001:0005940e       __configure_narrow_argv    0045a40e f   libucrt:argv_parsing.obj
 0001:00059617       ??$uninitialize@A6AXAAPAPAD@Z@?$dual_state_global@PAPAD@__crt_state_management@@QAEXA6AXAAPAPAD@Z@Z 0045a617 f i libucrt:environment_initialization.obj
 0001:00059617       ??$uninitialize@A6AXAAPAPA_W@Z@?$dual_state_global@PAPA_W@__crt_state_management@@QAEXA6AXAAPAPA_W@Z@Z 0045a617 f i libucrt:environment_initialization.obj
 0001:0005968d       ___dcrt_get_or_create_narrow_environment_nolock 0045a68d f   libucrt:environment_initialization.obj
 0001:00059692       ___dcrt_uninitialize_environments_nolock 0045a692 f   libucrt:environment_initialization.obj
 0001:000596c9       __initialize_narrow_environment 0045a6c9 f   libucrt:environment_initialization.obj
 0001:000596ce       __get_narrow_winmain_command_line 0045a6ce f   libucrt:argv_winmain.obj
 0001:00059721       __initterm                 0045a721 f   libucrt:initterm.obj
 0001:0005977d       __initterm_e               0045a77d f   libucrt:initterm.obj
 0001:00059a4a       ___acrt_initialize_thread_local_exit_callback 0045aa4a f   libucrt:exit.obj
 0001:00059a59       __c_exit                   0045aa59 f   libucrt:exit.obj
 0001:00059a68       __cexit                    0045aa68 f   libucrt:exit.obj
 0001:00059a77       __exit                     0045aa77 f   libucrt:exit.obj
 0001:00059a8d       __register_thread_local_exe_atexit_callback 0045aa8d f   libucrt:exit.obj
 0001:00059ac5       _exit                      0045aac5 f   libucrt:exit.obj
 0001:00059adb       __get_fmode                0045aadb f   libucrt:setmode.obj
 0001:00059b07       __set_fmode                0045ab07 f   libucrt:setmode.obj
 0001:00059b44       __setmode_nolock           0045ab44 f   libucrt:setmode.obj
 0001:00059c79       ___acrt_set_locale_changed 0045ac79 f   libucrt:wsetlocale.obj
 0001:00059c84       ___acrt_uninitialize_locale 0045ac84 f   libucrt:wsetlocale.obj
 0001:00059cad       __configthreadlocale       0045acad f   libucrt:wsetlocale.obj
 0001:00059d0f       __query_new_mode           0045ad0f f   libucrt:new_mode.obj
 0001:00059d15       __set_new_mode             0045ad15 f   libucrt:new_mode.obj
 0001:00059d44       ___p__commode              0045ad44 f   libucrt:ncommode.obj
 0001:0005a051       __crt_atexit               0045b051 f   libucrt:onexit.obj
 0001:0005a067       __execute_onexit_table     0045b067 f   libucrt:onexit.obj
 0001:0005a096       __initialize_onexit_table  0045b096 f   libucrt:onexit.obj
 0001:0005a0d3       __register_onexit_function 0045b0d3 f   libucrt:onexit.obj
 0001:0005a214       ___acrt_initialize         0045b214 f   libucrt:initialization.obj
 0001:0005a226       ___acrt_uninitialize       0045b226 f   libucrt:initialization.obj
 0001:0005a256       __controlfp_s              0045b256 f   libucrt:contrlfp.obj
 0001:0005a2b5       _terminate                 0045b2b5 f   libucrt:terminate.obj
 0001:0005a2f1       ___ascii_stricmp           0045b2f1 f   libucrt:stricmp.obj
 0001:0005a32c       _stricmp                   0045b32c f   libucrt:stricmp.obj
 0001:0005a32c       __stricmp                  0045b32c f   libucrt:stricmp.obj
 0001:0005a375       __stricmp_l                0045b375 f   libucrt:stricmp.obj
 0001:0005a40f       __access                   0045b40f f   libucrt:access.obj
 0001:0005a40f       _access                    0045b40f f   libucrt:access.obj
 0001:0005a427       __access_s                 0045b427 f   libucrt:access.obj
 0001:0005a4fe       _close                     0045b4fe f   libucrt:close.obj
 0001:0005a4fe       __close                    0045b4fe f   libucrt:close.obj
 0001:0005a58d       __close_nolock             0045b58d f   libucrt:close.obj
 0001:0005a86a       _lseek                     0045b86a f   libucrt:lseek.obj
 0001:0005a86a       __lseek                    0045b86a f   libucrt:lseek.obj
 0001:0005a875       __lseeki64_nolock          0045b875 f   libucrt:lseek.obj
 0001:0005ae44       __open                     0045be44 f   libucrt:open.obj
 0001:0005ae44       _open                      0045be44 f   libucrt:open.obj
 0001:0005ae5c       __sopen_nolock             0045be5c f   libucrt:open.obj
 0001:0005aeaf       __wsopen_nolock            0045beaf f   libucrt:open.obj
 0001:0005b699       _read                      0045c699 f   libucrt:read.obj
 0001:0005b699       __read                     0045c699 f   libucrt:read.obj
 0001:0005b7a3       __read_nolock              0045c7a3 f   libucrt:read.obj
 0001:0005bb58       __tell                     0045cb58 f   libucrt:tell.obj
 0001:0005bb58       _tell                      0045cb58 f   libucrt:tell.obj
 0001:0005c10f       _write                     0045d10f f   libucrt:write.obj
 0001:0005c10f       __write                    0045d10f f   libucrt:write.obj
 0001:0005c1f7       __write_nolock             0045d1f7 f   libucrt:write.obj
 0001:0005c409       _strcpy_s                  0045d409 f   libucrt:strcpy_s.obj
 0001:0005c463       _abort                     0045d463 f   libucrt:abort.obj
 0001:0005c4a7       _calloc                    0045d4a7 f   libucrt:calloc.obj
 0001:0005c4b2       _wcsncmp                   0045d4b2 f   libucrt:wcsncmp.obj
 0001:0005c4ec       _atol                      0045d4ec f   libucrt:atox.obj
 0001:0005c520       _strncmp                   0045d520 f   libucrt:strncmp.obj
 0001:0005c598       __free_base                0045d598 f   libucrt:free_base.obj
 0001:0005c5d2       __malloc_base              0045d5d2 f   libucrt:malloc_base.obj
 0001:0005c620       ___acrt_call_reportfault   0045d620 f   libucrt:invalid_parameter.obj
 0001:0005c75b       ___acrt_initialize_invalid_parameter_handler 0045d75b f   libucrt:invalid_parameter.obj
 0001:0005c76a       __invalid_parameter        0045d76a f   libucrt:invalid_parameter.obj
 0001:0005c7e5       __invalid_parameter_noinfo 0045d7e5 f   libucrt:invalid_parameter.obj
 0001:0005c7f5       __invoke_watson            0045d7f5 f   libucrt:invalid_parameter.obj
 0001:0005c829       ___acrt_errno_from_os_error 0045d829 f   libucrt:errno.obj
 0001:0005c86c       ___acrt_errno_map_os_error 0045d86c f   libucrt:errno.obj
 0001:0005c88f       ___doserrno                0045d88f f   libucrt:errno.obj
 0001:0005c8a2       __errno                    0045d8a2 f   libucrt:errno.obj
 0001:0005c8b5       ___acrt_initialize_timeset 0045d8b5 f   libucrt:timeset.obj
 0001:0005c8e0       ___daylight                0045d8e0 f   libucrt:timeset.obj
 0001:0005c8e6       ___dstbias                 0045d8e6 f   libucrt:timeset.obj
 0001:0005c8ec       ___timezone                0045d8ec f   libucrt:timeset.obj
 0001:0005c8f2       ___tzname                  0045d8f2 f   libucrt:timeset.obj
 0001:0005c8f8       __get_daylight             0045d8f8 f   libucrt:timeset.obj
 0001:0005c924       __get_dstbias              0045d924 f   libucrt:timeset.obj
 0001:0005c950       __get_timezone             0045d950 f   libucrt:timeset.obj
 0001:0005c97c       ??$__crt_time_elapsed_leap_years@H@@YAHH@Z 0045d97c f i libucrt:gmtime.obj
 0001:0005c9b6       ??$__crt_time_is_leap_year@H@@YA_NH@Z 0045d9b6 f i libucrt:gmtime.obj
 0001:0005cbdf       ___getgmtimebuf            0045dbdf f   libucrt:gmtime.obj
 0001:0005cc1d       __gmtime64_s               0045dc1d f   libucrt:gmtime.obj
 0001:0005d36c       ___tzset                   0045e36c f   libucrt:tzset.obj
 0001:0005d3bd       __isindst                  0045e3bd f   libucrt:tzset.obj
 0001:0005d5b9       ___acrt_AppPolicyGetProcessTerminationMethodInternal@4 0045e5b9 f   libucrt:winapi_thunks.obj
 0001:0005d610       ___acrt_AppPolicyGetThreadInitializationTypeInternal@4 0045e610 f   libucrt:winapi_thunks.obj
 0001:0005d667       ___acrt_AreFileApisANSI@0  0045e667 f   libucrt:winapi_thunks.obj
 0001:0005d6a1       ___acrt_CompareStringEx@36 0045e6a1 f   libucrt:winapi_thunks.obj
 0001:0005d715       ___acrt_FlsAlloc@4         0045e715 f   libucrt:winapi_thunks.obj
 0001:0005d76b       ___acrt_FlsFree@4          0045e76b f   libucrt:winapi_thunks.obj
 0001:0005d7c1       ___acrt_FlsGetValue@4      0045e7c1 f   libucrt:winapi_thunks.obj
 0001:0005d817       ___acrt_FlsSetValue@8      0045e817 f   libucrt:winapi_thunks.obj
 0001:0005d870       ___acrt_GetSystemTimePreciseAsFileTime@4 0045e870 f   libucrt:winapi_thunks.obj
 0001:0005d8c6       ___acrt_InitializeCriticalSectionEx@12 0045e8c6 f   libucrt:winapi_thunks.obj
 0001:0005d928       ___acrt_LCMapStringEx@36   0045e928 f   libucrt:winapi_thunks.obj
 0001:0005d99c       ___acrt_LocaleNameToLCID@8 0045e99c f   libucrt:winapi_thunks.obj
 0001:0005d9e4       ___acrt_RoInitialize@4     0045e9e4 f   libucrt:winapi_thunks.obj
 0001:0005da36       ___acrt_RoUninitialize@0   0045ea36 f   libucrt:winapi_thunks.obj
 0001:0005da7f       ___acrt_initialize_winapi_thunks 0045ea7f f   libucrt:winapi_thunks.obj
 0001:0005dabb       ___acrt_uninitialize_winapi_thunks 0045eabb f   libucrt:winapi_thunks.obj
 0001:0005daf1       ___libm_error_support      0045eaf1 f   libucrt:libm_error.obj
 0001:0005dd10       __CIpow                    0045ed10 f   libucrt:pow_impl.obj
 0001:0005dd4b       __CIpow_default            0045ed4b f   libucrt:pow_impl.obj
 0001:0005dd64       __pow_default              0045ed64     libucrt:pow_impl.obj
 0001:0005e00a       _strncpy_s                 0045f00a f   libucrt:strncpy_s.obj
 0001:0005e06e       __ismbblead                0045f06e f   libucrt:ismbbyte.obj
 0001:0005e086       __isdigit_l                0045f086 f i libucrt:_ctype.obj
 0001:0005e0be       _isdigit                   0045f0be f i libucrt:_ctype.obj
 0001:0005e251       __tolower_l                0045f251 f   libucrt:tolower_toupper.obj
 0001:0005e26b       _tolower                   0045f26b f   libucrt:tolower_toupper.obj
 0001:0005e29b       __mbtowc_l                 0045f29b f   libucrt:mbtowc.obj
 0001:0005e399       _mbtowc                    0045f399 f   libucrt:mbtowc.obj
 0001:0005e3b3       __wctomb_s_l               0045f3b3 f   libucrt:wctomb.obj
 0001:0005e4d6       _wctomb_s                  0045f4d6 f   libucrt:wctomb.obj
 0001:0005e4f3       _strnlen                   0045f4f3 f   libucrt:strnlen.obj
[...]
 0003:00025708       ?nKeyBuffer@@3PAEA         004a6708     w32_kbd.obj
 0003:00025748       ?nKeyReadPtr@@3EA          004a6748     w32_kbd.obj
 0003:00025749       ?nKeyWritePtr@@3EA         004a6749     w32_kbd.obj
 0003:0002574a       ?nLastKey@@3EA             004a674a     w32_kbd.obj
 0003:0002574b       ?nLastKey2@@3EA            004a674b     w32_kbd.obj
 0003:0002574c       ?nTenDir@@3EA              004a674c     w32_kbd.obj
 0003:0002574d       ?nTenDir2@@3EA             004a674d     w32_kbd.obj
 0003:0002574e       ?nMouseButton@@3EA         004a674e     w32_kbd.obj
 0003:0002574f       ?nMouseButtons@@3EA        004a674f     w32_kbd.obj
 0003:00025750       ?joydat@@3PAEA             004a6750     w32_kbd.obj
 0003:00025753       ?cPreKey@@3DA              004a6753     w32_kbd.obj
 0003:00025754       ?joybk@@3PAEA              004a6754     w32_kbd.obj
 0003:00025758       ?joyrapid@@3PAY01HA        004a6758     w32_kbd.obj
 0003:00025768       ?joytime@@3KA              004a6768     w32_kbd.obj
 0003:0002576c       ?joytime2@@3KA             004a676c     w32_kbd.obj
 0003:00025770       ?joyplugged@@3PAHA         004a6770     w32_kbd.obj
 0003:00025778       ?lpmos@@3PAUIDirectInputDeviceA@@A 004a6778     w32_kbd.obj
 0003:0002577c       ?mostime@@3KA              004a677c     w32_kbd.obj
 0003:00025780       ?bCapture@@3HA             004a6780     w32_kbd.obj
 0003:00025784       ?nMouseX@@3HA              004a6784     w32_kbd.obj
 0003:00025788       ?nMouseY@@3HA              004a6788     w32_kbd.obj
 0003:0002578c       ?bMouseCursor@@3HA         004a678c     w32_kbd.obj
 0003:00025790       ?nMouseSX@@3HA             004a6790     w32_kbd.obj
 0003:00025794       ?nMouseSY@@3HA             004a6794     w32_kbd.obj
 0003:00025798       ?strPaste@@3PADA           004a6798     w32_kbd.obj
 0003:0002579c       ?strPtr@@3PADA             004a679c     w32_kbd.obj
 0003:000257a0       ?uWaitCnt@@3IA             004a67a0     w32_kbd.obj
 0003:000257a4       ?key_last@?1??PollKbd@@9@0@4EA 004a67a4     w32_kbd.obj
 0003:000257b0       _CharFontImg               004a67b0     w32_lpr.obj
 0003:00025fb0       ?lpr@@3PAVLpr@@A           004a6fb0     w32_lpr.obj
 0003:00026008       ?lpds@@3PAUIDirectSound@@A 004a7008     w32_snd.obj
 0003:0002600c       ?lpdsp@@3PAUIDirectSoundBuffer@@A 004a700c     w32_snd.obj
 0003:00026010       ?lpdsb@@3PAUIDirectSoundBuffer@@A 004a7010     w32_snd.obj
 0003:00026014       ?lpsbuf@@3PAKA             004a7014     w32_snd.obj
 0003:00026018       ?bNowBank@@3HA             004a7018     w32_snd.obj
 0003:0002601c       ?uBufSize@@3IA             004a701c     w32_snd.obj
 0003:00026020       ?uRate@@3IA                004a7020     w32_snd.obj
 0003:00026024       ?uTick@@3IA                004a7024     w32_snd.obj
 0003:00026028       ?bMode@@3HA                004a7028     w32_snd.obj
 0003:0002602c       ?uStereo@@3IA              004a702c     w32_snd.obj
 0003:00026030       ?uSample@@3IA              004a7030     w32_snd.obj
 0003:00026034       ?uBeep@@3IA                004a7034     w32_snd.obj
 0003:00026038       ?uKeyEncBeep@@3IA          004a7038     w32_snd.obj
 0003:0002603c       ?pOPN@@3PAPAVOPN@FM@@A     004a703c     w32_snd.obj
 0003:00026048       ?nScale@@3PAHA             004a7048     w32_snd.obj
 0003:00026054       ?uCh3Mode@@3PAEA           004a7054     w32_snd.obj
 0003:00026057       ?uTapeDelta@@3EA           004a7057     w32_snd.obj
 0003:00026058       ?bInitFlag@@3HA            004a7058     w32_snd.obj
 0003:0002605c       ?pWavCapture@@3PAGA        004a705c     w32_snd.obj
 0003:00026060       ?nWavCapture@@3IA          004a7060     w32_snd.obj
 0003:00026064       ?dwWavCapture@@3KA         004a7064     w32_snd.obj
 0003:00026068       ?uChannels@@3GA            004a7068     w32_snd.obj
 0003:0002606c       ?bBeepFlag@@3HA            004a706c     w32_snd.obj
 0003:00026070       ?bKeyEncBeepFlag@@3HA      004a7070     w32_snd.obj
 0003:00026074       ?bTHGUse@@3HA              004a7074     w32_snd.obj
 0003:00026078       ?bPartMute@@3PAY05HA       004a7078     w32_snd.obj
 0003:000260c0       ?nBeepLevel@@3HA           004a70c0     w32_snd.obj
 0003:000260c4       ?nCMTLevel@@3HA            004a70c4     w32_snd.obj
 0003:000260c8       ?nWaveLevel@@3HA           004a70c8     w32_snd.obj
 0003:000260cc       ?bTapeFlag@@3HA            004a70cc     w32_snd.obj
 0003:000260d0       ?bTapeFlag2@@3HA           004a70d0     w32_snd.obj
 0003:000260d4       ?bRomeoMute@@3HA           004a70d4     w32_snd.obj
 0003:000260d8       ?pDACbuf@@3PAEA            004a70d8     w32_snd.obj
 0003:000260dc       ?dwDACptr@@3KA             004a70dc     w32_snd.obj
 0003:000260e0       ?OPNqueue@@3PAU_FMqueue@@A 004a70e0     w32_snd.obj
 0003:000270e0       ?uOPNqueuePtr@@3HA         004a80e0     w32_snd.obj
 0003:000270e4       ?uWHGqueuePtr@@3HA         004a80e4     w32_snd.obj
 0003:000270e8       ?WHGqueue@@3PAU_FMqueue@@A 004a80e8     w32_snd.obj
 0003:000280e8       ?THGqueue@@3PAU_FMqueue@@A 004a90e8     w32_snd.obj
 0003:000290e8       ?uTHGqueuePtr@@3HA         004aa0e8     w32_snd.obj
 0003:000290ec       ?Wav@@3PAU_WAVDATA@@A      004aa0ec     w32_snd.obj
 0003:00029110       ?WavP@@3PAU_WAVPLAY@@A     004aa110     w32_snd.obj
 0003:000292a0       ?romeo@@3U_ROMEO@@A        004aa2a0     juliet.obj
 0003:00029300       ?OpnCmnBuf@@3PAU_CmnBuf@@A 004aa300     juliet.obj
 0003:000a9300       ?OpnNumCmnd@@3HC           0052a300     juliet.obj
 0003:000a9304       ?OpnCmndReadIdx@@3HA       0052a304     juliet.obj
 0003:000a9308       ?OpnCmndWriteIdx@@3HA      0052a308     juliet.obj
 0003:000a930c       ?fnum_buff@@3PAEA          0052a30c     juliet.obj
 0003:000a932c       ?psg_buff@@3PAEA           0052a32c     juliet.obj
 0003:000a933c       ?CSMmode@@3HA              0052a33c     juliet.obj
 0003:000a9340       ?fnum_tbl@@3PAEA           0052a340     juliet.obj
 0003:000aa340       ?psgfreq_tbl@@3PAGA        0052b340     juliet.obj
 0003:000d1864       ?Prescaler@@3PAHA          00552864     juliet.obj
 0003:000d1870       _GS_ExceptionRecord        00552870     LIBCMT:gs_report.obj
 0003:000d18c0       _GS_ContextRecord          005528c0     LIBCMT:gs_report.obj
 0003:000d1b94       ?module_local_atexit_table@@3U_onexit_table_t@@A 00552b94     LIBCMT:utility.obj
 0003:000d1ba0       ?module_local_at_quick_exit_table@@3U_onexit_table_t@@A 00552ba0     LIBCMT:utility.obj
 0003:000d1bac       ?module_local_atexit_table_initialized@@3_NA 00552bac     LIBCMT:utility.obj
 0003:000d1bb8       ?is_initialized_as_dll@@3_NA 00552bb8     LIBCMT:utility.obj
 0003:000d1bd4       ?__vcrt_startup_thread_ptd@@3U__vcrt_ptd@@A 00552bd4     libvcruntime:per_thread_data.obj
 0003:000d1bfc       ___vcrt_lock_table         00552bfc     libvcruntime:locks.obj
 0003:000d1c14       ___vcrt_locks_initialized  00552c14     libvcruntime:locks.obj
 0003:000d1c18       ?module_handles@@3PAPAUHINSTANCE__@@A 00552c18     libvcruntime:winapi_downlevel.obj
 0003:000d1c24       ?encoded_function_pointers@@3PAPAXA 00552c24     libvcruntime:winapi_downlevel.obj
 0003:000d1c64       ?heap@@3V_HeapManager@@A   00552c64     libvcruntime:undname.obj
 0003:000d1c7c       ?__acrt_new_handler@@3V?$dual_state_global@P6AHI@Z@__crt_state_management@@A 00552c7c     libucrt:new_handler.obj
 0003:000d1c80       ?__acrt_app_type@@3W4_crt_app_type@@A 00552c80     libucrt:report_runtime_error.obj
 0003:000d1c84       ?user_matherr@@3V?$dual_state_global@P6AHPAU_exception@@@Z@__crt_state_management@@A 00552c84     libucrt:matherr.obj
 0003:000d1c88       ?program_name@?1???$common_configure_argv@D@@YAHW4_crt_argv_mode@@@Z@4PADA 00552c88     libucrt:argv_parsing.obj
 0003:000d1da0       ?empty_string@?1???$common_wincmdln@E@@YAPAEXZ@4PAEA 00552da0     libucrt:argv_winmain.obj
 0003:000d1da4       ?c_termination_complete@@3JA 00552da4     libucrt:exit.obj
 0003:000d1da8       ?thread_local_exit_callback_func@@3P6GXPAXK0@ZA 00552da8     libucrt:exit.obj
 0003:000d1db4       ?__acrt_global_new_mode@@3V?$dual_state_global@J@__crt_state_management@@A 00552db4     libucrt:new_mode.obj
 0003:000d1dd4       ?__acrt_invalid_parameter_handler@@3V?$dual_state_global@P6AXPB_W00II@Z@__crt_state_management@@A 00552dd4     libucrt:invalid_parameter.obj
 0003:000d1de4       ?_tzname@@3V?$dual_state_global@PAPAD@__crt_state_management@@A 00552de4     libucrt:timeset.obj
 0003:000d1de8       ?last_tz@@3PADA            00552de8     libucrt:tzset.obj
 0003:000d1df0       ?tz_api_used@@3HA          00552df0     libucrt:tzset.obj
 0003:000d1df8       ?tz_info@@3U_TIME_ZONE_INFORMATION@@A 00552df8     libucrt:tzset.obj
 0003:000d1ea4       ?first_time@?1??__tzset@@9@4JA 00552ea4     libucrt:tzset.obj
 0003:000d1ea8       ?module_handles@@3PAPAUHINSTANCE__@@A 00552ea8     libucrt:winapi_thunks.obj
 0003:000d1ef8       ?encoded_function_pointers@@3PAPAXA 00552ef8     libucrt:winapi_thunks.obj
 0003:000d1f80       __pmatherr_set             00552f80     libucrt:libm_error.obj
 0003:000d1f8c       ?enable_percent_n@@3IA     00552f8c     libucrt:printf_count_output.obj
 0003:000d21a4       ?state_cache@?1???$get_cached_win_policy@Ubegin_thread_init_policy_properties@?1??__acrt_get_begin_thread_init_policy@@YA?AW4begin_thread_init_policy@@XZ@@@YA?AW4begin_thread_init_policy@@W4AppPolicyThreadInitializationType@@@Z@4JA 005531a4     libucrt:win_policies.obj
 0003:000d21a8       ?__acrt_lock_table@@3PAU_RTL_CRITICAL_SECTION@@A 005531a8     libucrt:locks.obj
 0003:000d22f8       ?__acrt_locks_initialized@@3IA 005532f8     libucrt:locks.obj
 0003:000d2308       ?fSystemSet@@3HA           00553308     libucrt:mbctype.obj
 0003:000d230c       ?initialized@?1??__acrt_initialize_multibyte@@9@4_NA 0055330c     libucrt:mbctype.obj
 0003:000d2338       ?ctrlc_action@@3V?$dual_state_global@P6AXH@Z@__crt_state_management@@A 00553338     libucrt:signal.obj
 0003:000d233c       ?ctrlbreak_action@@3V?$dual_state_global@P6AXH@Z@__crt_state_management@@A 0055333c     libucrt:signal.obj
 0003:000d2340       ?abort_action@@3V?$dual_state_global@P6AXH@Z@__crt_state_management@@A 00553340     libucrt:signal.obj
 0003:000d2344       ?term_action@@3V?$dual_state_global@P6AXH@Z@__crt_state_management@@A 00553344     libucrt:signal.obj
 0004:00000000       INF_c_1917_0_4             0055e000     LIBCMT:_svml_dpow2_sse2_.obj
 0004:00000010       QNaN_c_1917_0_4            0055e010     LIBCMT:_svml_dpow2_sse2_.obj
 0005:00001930       $R000000                   00560930     w32_res.res
 0005:000024d8       $R000BA8                   005614d8     w32_res.res
 0005:00002580       $R000C50                   00561580     w32_res.res
 0005:00002650       $R000D20                   00561650     w32_res.res
 0005:00002858       $R000F28                   00561858     w32_res.res
 0005:00002cf0       $R0013C0                   00561cf0     w32_res.res
 0005:00002e38       $R001508                   00561e38     w32_res.res
 0005:000031f8       $R0018C8                   005621f8     w32_res.res
 0005:000032c0       $R001990                   005622c0     w32_res.res
 0005:00003378       $R001A48                   00562378     w32_res.res
 0005:000034e8       $R001BB8                   005624e8     w32_res.res
 0005:000035a0       $R001C70                   005625a0     w32_res.res
 0005:00003738       $R001E08                   00562738     w32_res.res
 0005:00003810       $R001EE0                   00562810     w32_res.res
 0005:00003950       $R002020                   00562950     w32_res.res
 0005:000039e8       $R0020B8                   005629e8     w32_res.res
 0005:00003dd8       $R0024A8                   00562dd8     w32_res.res
 0005:00004298       $R002968                   00563298     w32_res.res
 0005:000046a0       $R002D70                   005636a0     w32_res.res
 0005:000048b0       $R002F80                   005638b0     w32_res.res
 0005:000049b8       $R003088                   005639b8     w32_res.res
 0005:00004d20       $R0033F0                   00563d20     w32_res.res
 0005:00004fb8       $R003688                   00563fb8     w32_res.res
 0005:00005288       $R003958                   00564288     w32_res.res
 0005:00005498       $R003B68                   00564498     w32_res.res
 0005:000057f8       $R003EC8                   005647f8     w32_res.res
 0005:000059f0       $R0040C0                   005649f0     w32_res.res
 0005:00005cd0       $R0043A0                   00564cd0     w32_res.res
 0005:00005fb8       $R004688                   00564fb8     w32_res.res
 0005:00006860       $R004F30                   00565860     w32_res.res
 0005:00006888       $R004F58                   00565888     w32_res.res
 0005:00006b70       $R005240                   00565b70     w32_res.res
 0005:00007418       $R005AE8                   00566418     w32_res.res
 0005:00007440       $R005B10                   00566440     w32_res.res
 0005:00007728       $R005DF8                   00566728     w32_res.res
 0005:00007740       $R005E10                   00566740     w32_res.res
 0005:00007a28       $R0060F8                   00566a28     w32_res.res
 0005:00007a40       $R006110                   00566a40     w32_res.res
 0005:00007d28       $R0063F8                   00566d28     w32_res.res
 0005:00007d40       $R006410                   00566d40     w32_res.res
 0005:00008028       $R0066F8                   00567028     w32_res.res
 0005:00008040       $R006710                   00567040     w32_res.res
 0005:00008ce8       $R0073B8                   00567ce8     w32_res.res
 0005:00008d00       $R0073D0                   00567d00     w32_res.res
 0005:000099a8       $R008078                   005689a8     w32_res.res
 0005:000099c0       $R008090                   005689c0     w32_res.res
 0005:0000a668       $R008D38                   00569668     w32_res.res
 0005:0000a680       $R008D50                   00569680     w32_res.res
 0005:0000b328       $R0099F8                   0056a328     w32_res.res
 0005:0000b340       $R009A10                   0056a340     w32_res.res
 0005:0000bfe8       $R00A6B8                   0056afe8     w32_res.res
 0005:0000c000       $R00A6D0                   0056b000     w32_res.res
 0005:0000cca8       $R00B378                   0056bca8     w32_res.res
 0005:0000ccc0       $R00B390                   0056bcc0     w32_res.res
 0005:0000d968       $R00C038                   0056c968     w32_res.res
 0005:0000d980       $R00C050                   0056c980     w32_res.res
 0005:0000dc68       $R00C338                   0056cc68     w32_res.res
 0005:0000dc80       $R00C350                   0056cc80     w32_res.res
 0005:0000df68       $R00C638                   0056cf68     w32_res.res
 0005:0000df80       $R00C650                   0056cf80     w32_res.res
 0005:0000e268       $R00C938                   0056d268     w32_res.res
 0005:0000e280       $R00C950                   0056d280     w32_res.res
 0005:0000e568       $R00CC38                   0056d568     w32_res.res
 0005:0000e580       $R00CC50                   0056d580     w32_res.res
 0005:0000e868       $R00CF38                   0056d868     w32_res.res
 0005:0000e880       $R00CF50                   0056d880     w32_res.res
 0005:0000eb68       $R00D238                   0056db68     w32_res.res
 0005:0000eb80       $R00D250                   0056db80     w32_res.res
 0005:0000ee68       $R00D538                   0056de68     w32_res.res
 0005:0000ee80       $R00D550                   0056de80     w32_res.res
 0005:0000f168       $R00D838                   0056e168     w32_res.res
 0005:0000f180       $R00D850                   0056e180     w32_res.res
 0005:0000f468       $R00DB38                   0056e468     w32_res.res
 0005:0000f480       $R00DB50                   0056e480     w32_res.res
 0005:0000f768       $R00DE38                   0056e768     w32_res.res
 0005:0000f780       $R00DE50                   0056e780     w32_res.res
 0005:0000fa68       $R00E138                   0056ea68     w32_res.res
 0005:0000fa80       $R00E150                   0056ea80     w32_res.res
 0005:0000fd68       $R00E438                   0056ed68     w32_res.res
 0005:0000fd80       $R00E450                   0056ed80     w32_res.res
 0005:00010068       $R00E738                   0056f068     w32_res.res
 0005:00010080       $R00E750                   0056f080     w32_res.res
 0005:00010368       $R00EA38                   0056f368     w32_res.res
 0005:00010380       $R00EA50                   0056f380     w32_res.res
 0005:00010668       $R00ED38                   0056f668     w32_res.res
 0005:00010680       $R00ED50                   0056f680     w32_res.res
 0005:00010968       $R00F038                   0056f968     w32_res.res
 0005:00010980       $R00F050                   0056f980     w32_res.res
 0005:00010e10       $R00F4E0                   0056fe10     w32_res.res
 0005:00010f48       $R00F618                   0056ff48     w32_res.res
 0005:00011000       $R00F6D0                   00570000     w32_res.res
 0005:00011090       $R00F760                   00570090     w32_res.res
 0005:000110e8       $R00F7B8                   005700e8     w32_res.res
 0005:00011150       $R00F820                   00570150     w32_res.res
 0005:000111b0       $R00F880                   005701b0     w32_res.res
 0005:00011248       $R00F918                   00570248     w32_res.res
 0005:00011410       $R00FAE0                   00570410     w32_res.res
 0005:00011590       $R00FC60                   00570590     w32_res.res
 0005:00011708       $R00FDD8                   00570708     w32_res.res
 0005:00011800       $R00FED0                   00570800     w32_res.res
 0005:00011a58       $R010128                   00570a58     w32_res.res
 0005:00011c80       $R010350                   00570c80     w32_res.res
 0005:00011e28       $R0104F8                   00570e28     w32_res.res
 0005:00011f50       $R010620                   00570f50     w32_res.res
 0005:000120b0       $R010780                   005710b0     w32_res.res
 0005:000120e8       $R0107B8                   005710e8     w32_res.res
 0005:000123b0       $R010A80                   005713b0     w32_res.res
 0005:000125a0       $R010C70                   005715a0     w32_res.res
 0005:000126b8       $R010D88                   005716b8     w32_res.res
 0005:00012870       $R010F40                   00571870     w32_res.res
 0005:00012938       $R011008                   00571938     w32_res.res
 0005:00012d50       $R011420                   00571d50     w32_res.res
 0005:00012fd8       $R0116A8                   00571fd8     w32_res.res
 0005:000130d8       $R0117A8                   005720d8     w32_res.res
 0005:00013288       $R011958                   00572288     w32_res.res
 0005:00013308       $R0119D8                   00572308     w32_res.res
 0005:00013540       $R011C10                   00572540     w32_res.res
 0005:00013730       $R011E00                   00572730     w32_res.res
 0005:000138b0       $R011F80                   005728b0     w32_res.res
 0005:00013940       $R012010                   00572940     w32_res.res
 0005:000139f8       $R0120C8                   005729f8     w32_res.res
 0005:00013cb8       $R012388                   00572cb8     w32_res.res
 0005:00013eb8       $R012588                   00572eb8     w32_res.res
 0005:00014220       $R0128F0                   00573220     w32_res.res
 0005:00014380       $R012A50                   00573380     w32_res.res
 0005:000143f8       $R012AC8                   005733f8     w32_res.res
 0005:000144e0       $R012BB0                   005734e0     w32_res.res
 0005:00014578       $R012C48                   00573578     w32_res.res
 0005:00014628       $R012CF8                   00573628     w32_res.res
 0005:00014878       $R012F48                   00573878     w32_res.res
